2026-04-18 18:47:53,835 [INFO] ============================================================
2026-04-18 18:47:53,835 [INFO] UTTEC Pre-built Firmware Generator
2026-04-18 18:47:53,835 [INFO] ============================================================
2026-04-18 18:47:53,835 [INFO] 카탈로그 로드: 10개 항목
2026-04-18 18:47:53,835 [INFO] 빌드 대상: 10개
2026-04-18 18:47:53,836 [INFO] FIRMWARE_DB: C:\todo\today\aiHardStudy\사전빌드_mini\firmware_db
2026-04-18 18:47:53,836 [INFO] TEMPLATE_DIR: C:\todo\today\aiHardStudy\aiEspMini\firmware
2026-04-18 18:47:53,836 [INFO] BUILD_DIR: C:\todo\today\aiHardStudy\사전빌드_mini\ble_ota_arduino
2026-04-18 18:47:53,838 [INFO] Build dir initialized: C:\todo\today\aiHardStudy\사전빌드_mini\ble_ota_arduino
2026-04-18 18:47:53,839 [INFO] [1/10] A01: RGB LED 빨간색으로 켜기
2026-04-18 18:47:53,839 [INFO]   [A01] 시도 1/3: RGB LED 빨간색으로 켜기
2026-04-18 18:52:00,365 [INFO]   [A01] 빌드 성공 (610KB, 246.5초)
2026-04-18 18:52:25,727 [INFO]   [A01] guide.json 생성 완료
2026-04-18 18:52:25,728 [INFO]   진행: 1/10 (성공:1 실패:0) ETA: 40.8분
2026-04-18 18:52:25,728 [INFO] [2/10] A02: RGB LED 초록색으로 켜기
2026-04-18 18:52:25,729 [INFO]   [A02] 시도 1/3: RGB LED 초록색으로 켜기
2026-04-18 18:53:09,828 [INFO]   [A02] 빌드 성공 (610KB, 44.1초)
2026-04-18 18:53:28,833 [INFO]   [A02] guide.json 생성 완료
2026-04-18 18:53:28,833 [INFO]   진행: 2/10 (성공:2 실패:0) ETA: 22.3분
2026-04-18 18:53:28,833 [INFO] [3/10] A03: RGB LED 파란색으로 켜기
2026-04-18 18:53:28,834 [INFO]   [A03] 시도 1/3: RGB LED 파란색으로 켜기
2026-04-18 18:54:05,569 [INFO]   [A03] 빌드 성공 (610KB, 36.7초)
2026-04-18 18:54:26,485 [INFO]   [A03] guide.json 생성 완료
2026-04-18 18:54:26,486 [INFO]   진행: 3/10 (성공:3 실패:0) ETA: 15.3분
2026-04-18 18:54:26,486 [INFO] [4/10] A04: RGB LED 노란색으로 켜기
2026-04-18 18:54:26,487 [INFO]   [A04] 시도 1/3: RGB LED 노란색으로 켜기
2026-04-18 18:55:04,241 [INFO]   [A04] 빌드 성공 (610KB, 37.8초)
2026-04-18 18:55:25,857 [INFO]   [A04] guide.json 생성 완료
2026-04-18 18:55:25,858 [INFO]   진행: 4/10 (성공:4 실패:0) ETA: 11.3분
2026-04-18 18:55:25,858 [INFO] [5/10] A05: RGB LED 빨간색으로 1초마다 깜빡이기
2026-04-18 18:55:25,859 [INFO]   [A05] 시도 1/3: RGB LED 빨간색으로 1초마다 깜빡이기
2026-04-18 18:56:09,028 [INFO]   [A05] 빌드 성공 (610KB, 43.2초)
2026-04-18 18:56:34,993 [INFO]   [A05] guide.json 생성 완료
2026-04-18 18:56:34,993 [INFO]   진행: 5/10 (성공:5 실패:0) ETA: 8.7분
2026-04-18 18:56:34,993 [INFO] [6/10] A06: RGB LED 무지개 색상 순환하기 (빨→주→노→초→파→남→보)
2026-04-18 18:56:34,994 [INFO]   [A06] 시도 1/3: RGB LED 무지개 색상 순환하기 (빨→주→노→초→파→남→보)
2026-04-18 18:57:29,904 [INFO]   [A06] 빌드 성공 (610KB, 54.9초)
2026-04-18 18:57:59,735 [INFO]   [A06] guide.json 생성 완료
2026-04-18 18:57:59,736 [INFO]   진행: 6/10 (성공:6 실패:0) ETA: 6.7분
2026-04-18 18:57:59,736 [INFO] [7/10] A07: RGB LED 흰색으로 켜기
2026-04-18 18:57:59,737 [INFO]   [A07] 시도 1/3: RGB LED 흰색으로 켜기
2026-04-18 18:58:44,875 [INFO]   [A07] 빌드 성공 (610KB, 45.1초)
2026-04-18 18:59:07,607 [INFO]   [A07] guide.json 생성 완료
2026-04-18 18:59:07,608 [INFO]   진행: 7/10 (성공:7 실패:0) ETA: 4.8분
2026-04-18 18:59:07,609 [INFO] [8/10] A08: RGB LED 끄기
2026-04-18 18:59:07,609 [INFO]   [A08] 시도 1/3: RGB LED 끄기
2026-04-18 18:59:50,152 [INFO]   [A08] 빌드 성공 (610KB, 42.5초)
2026-04-18 19:00:12,282 [INFO]   [A08] guide.json 생성 완료
2026-04-18 19:00:12,283 [INFO]   진행: 8/10 (성공:8 실패:0) ETA: 3.1분
2026-04-18 19:00:12,283 [INFO] [9/10] A09: RGB LED 빨간색 5번 깜빡이고 멈추기
2026-04-18 19:00:12,284 [INFO]   [A09] 시도 1/3: RGB LED 빨간색 5번 깜빡이고 멈추기
2026-04-18 19:00:48,565 [INFO]   [A09] 빌드 성공 (610KB, 36.3초)
2026-04-18 19:01:13,521 [INFO]   [A09] guide.json 생성 완료
2026-04-18 19:01:13,522 [INFO]   진행: 9/10 (성공:9 실패:0) ETA: 1.5분
2026-04-18 19:01:13,522 [INFO] [10/10] A10: RGB LED 천천히 밝아졌다 어두워지기 반복 (빨간색 숨쉬기 효과)
2026-04-18 19:01:13,523 [INFO]   [A10] 시도 1/3: RGB LED 천천히 밝아졌다 어두워지기 반복 (빨간색 숨쉬기 효과)
2026-04-18 19:01:59,581 [INFO]   [A10] 빌드 성공 (610KB, 46.1초)
2026-04-18 19:02:28,247 [INFO]   [A10] guide.json 생성 완료
2026-04-18 19:02:28,248 [INFO]   진행: 10/10 (성공:10 실패:0) ETA: 0.0분
2026-04-18 19:02:28,510 [INFO] catalog.json generated: 10 items (C:\todo\today\aiHardStudy\사전빌드_mini\firmware_db\catalog.json)
2026-04-18 19:02:28,510 [INFO] 
2026-04-18 19:02:28,510 [INFO] ============================================================
2026-04-18 19:02:28,511 [INFO] 빌드 완료 리포트
2026-04-18 19:02:28,511 [INFO] ============================================================
2026-04-18 19:02:28,511 [INFO] 총 소요: 14.6분
2026-04-18 19:02:28,511 [INFO] 성공: 10/10 (100%)
2026-04-18 19:02:28,511 [INFO] 실패: 0/10
2026-04-18 19:02:28,513 [INFO] 리포트 저장: C:\todo\today\aiHardStudy\사전빌드_mini\logs\report_20260418_190228.json
