2026-04-18 19:14:20,792 [INFO] ============================================================
2026-04-18 19:14:20,793 [INFO] UTTEC Pre-built Firmware Generator
2026-04-18 19:14:20,793 [INFO] ============================================================
2026-04-18 19:14:20,807 [INFO] 카탈로그 로드: 20개 항목
2026-04-18 19:14:20,807 [INFO] 빌드 대상: 10개
2026-04-18 19:14:20,808 [INFO] FIRMWARE_DB: C:\todo\today\aiHardStudy\사전빌드_mini\firmware_db
2026-04-18 19:14:20,808 [INFO] TEMPLATE_DIR: C:\todo\today\aiHardStudy\aiEspMini\firmware
2026-04-18 19:14:20,808 [INFO] BUILD_DIR: C:\todo\today\aiHardStudy\사전빌드_mini\ble_ota_arduino
2026-04-18 19:14:20,813 [INFO] Build dir initialized: C:\todo\today\aiHardStudy\사전빌드_mini\ble_ota_arduino
2026-04-18 19:14:20,814 [INFO] [1/10] B01: 도레미파솔라시도 연주하기
2026-04-18 19:14:20,814 [INFO]   [B01] 시도 1/3: 도레미파솔라시도 연주하기
2026-04-18 19:15:13,782 [INFO]   [B01] 빌드 성공 (610KB, 53.0초)
2026-04-18 19:15:46,957 [INFO]   [B01] guide.json 생성 완료
2026-04-18 19:15:46,957 [INFO]   진행: 1/10 (성공:1 실패:0) ETA: 12.9분
2026-04-18 19:15:46,957 [INFO] [2/10] B02: 도레미파솔라시도 역순으로 연주하기
2026-04-18 19:15:46,958 [INFO]   [B02] 시도 1/3: 도레미파솔라시도 역순으로 연주하기
2026-04-18 19:16:30,039 [INFO]   [B02] 빌드 성공 (610KB, 43.1초)
2026-04-18 19:16:56,622 [INFO]   [B02] guide.json 생성 완료
2026-04-18 19:16:56,622 [INFO]   진행: 2/10 (성공:2 실패:0) ETA: 10.4분
2026-04-18 19:16:56,623 [INFO] [3/10] B03: 반짝반짝 작은별 연주하기
2026-04-18 19:16:56,623 [INFO]   [B03] 시도 1/3: 반짝반짝 작은별 연주하기
2026-04-18 19:17:56,253 [INFO]   [B03] 빌드 성공 (611KB, 59.6초)
2026-04-18 19:18:26,088 [INFO]   [B03] guide.json 생성 완료
2026-04-18 19:18:26,089 [INFO]   진행: 3/10 (성공:3 실패:0) ETA: 9.5분
2026-04-18 19:18:26,090 [INFO] [4/10] B04: 학교종 멜로디 연주하기
2026-04-18 19:18:26,091 [INFO]   [B04] 시도 1/3: 학교종 멜로디 연주하기
2026-04-18 19:19:28,677 [INFO]   [B04] 빌드 성공 (610KB, 62.6초)
2026-04-18 19:20:00,449 [INFO]   [B04] guide.json 생성 완료
2026-04-18 19:20:00,450 [INFO]   진행: 4/10 (성공:4 실패:0) ETA: 8.5분
2026-04-18 19:20:00,450 [INFO] [5/10] B05: 생일 축하 노래 연주하기
2026-04-18 19:20:00,451 [INFO]   [B05] 시도 1/3: 생일 축하 노래 연주하기
2026-04-18 19:21:16,482 [INFO]   [B05] 빌드 성공 (611KB, 76.0초)
2026-04-18 19:21:48,878 [INFO]   [B05] guide.json 생성 완료
2026-04-18 19:21:48,879 [INFO]   진행: 5/10 (성공:5 실패:0) ETA: 7.5분
2026-04-18 19:21:48,879 [INFO] [6/10] B06: 경찰차 사이렌 소리 내기
2026-04-18 19:21:48,880 [INFO]   [B06] 시도 1/3: 경찰차 사이렌 소리 내기
2026-04-18 19:22:37,349 [INFO]   [B06] 빌드 성공 (610KB, 48.5초)
2026-04-18 19:23:08,764 [INFO]   [B06] guide.json 생성 완료
2026-04-18 19:23:08,765 [INFO]   진행: 6/10 (성공:6 실패:0) ETA: 5.9분
2026-04-18 19:23:08,766 [INFO] [7/10] B07: 비프음 3번 울리기
2026-04-18 19:23:08,766 [INFO]   [B07] 시도 1/3: 비프음 3번 울리기
2026-04-18 19:23:47,742 [INFO]   [B07] 빌드 성공 (610KB, 39.0초)
2026-04-18 19:24:11,113 [INFO]   [B07] guide.json 생성 완료
2026-04-18 19:24:11,113 [INFO]   진행: 7/10 (성공:7 실패:0) ETA: 4.2분
2026-04-18 19:24:11,114 [INFO] [8/10] B08: 게임 시작 효과음 만들기 (낮은음에서 높은음으로)
2026-04-18 19:24:11,114 [INFO]   [B08] 시도 1/3: 게임 시작 효과음 만들기 (낮은음에서 높은음으로)
2026-04-18 19:25:00,860 [INFO]   [B08] 빌드 성공 (610KB, 49.7초)
2026-04-18 19:25:30,278 [INFO]   [B08] guide.json 생성 완료
2026-04-18 19:25:30,279 [INFO]   진행: 8/10 (성공:8 실패:0) ETA: 2.8분
2026-04-18 19:25:30,279 [INFO] [9/10] B09: SOS 모스부호 소리 내기 (짧3 긴3 짧3)
2026-04-18 19:25:30,280 [INFO]   [B09] 시도 1/3: SOS 모스부호 소리 내기 (짧3 긴3 짧3)
2026-04-18 19:26:18,025 [INFO]   [B09] 빌드 성공 (610KB, 47.7초)
2026-04-18 19:26:50,702 [INFO]   [B09] guide.json 생성 완료
2026-04-18 19:26:50,703 [INFO]   진행: 9/10 (성공:9 실패:0) ETA: 1.4분
2026-04-18 19:26:50,703 [INFO] [10/10] B10: 점점 빨라지는 비프음 10번 울리기
2026-04-18 19:26:50,703 [INFO]   [B10] 시도 1/3: 점점 빨라지는 비프음 10번 울리기
2026-04-18 19:27:38,649 [INFO]   [B10] 빌드 성공 (610KB, 47.9초)
2026-04-18 19:28:05,298 [INFO]   [B10] guide.json 생성 완료
2026-04-18 19:28:05,299 [INFO]   진행: 10/10 (성공:10 실패:0) ETA: 0.0분
2026-04-18 19:28:05,477 [INFO] catalog.json generated: 20 items (C:\todo\today\aiHardStudy\사전빌드_mini\firmware_db\catalog.json)
2026-04-18 19:28:05,477 [INFO] 
2026-04-18 19:28:05,478 [INFO] ============================================================
2026-04-18 19:28:05,478 [INFO] 빌드 완료 리포트
2026-04-18 19:28:05,478 [INFO] ============================================================
2026-04-18 19:28:05,478 [INFO] 총 소요: 13.7분
2026-04-18 19:28:05,478 [INFO] 성공: 10/10 (100%)
2026-04-18 19:28:05,478 [INFO] 실패: 0/10
2026-04-18 19:28:05,479 [INFO] 리포트 저장: C:\todo\today\aiHardStudy\사전빌드_mini\logs\report_20260418_192805.json
