
Discarded input sections

 .group         0x00000000        0xc main.o
 .group         0x00000000        0xc main.o
 .text          0x00000000        0x0 main.o
 .data          0x00000000        0x0 main.o
 .bss           0x00000000        0x0 main.o
 .ARM.attributes
                0x00000000       0x2d main.o
 .group         0x00000000        0xc startup.o
 .group         0x00000000        0xc startup.o
 .text          0x00000000        0x0 startup.o
 .data          0x00000000        0x0 startup.o
 .bss           0x00000000        0x0 startup.o
 .debug_macro   0x00000000      0xaba startup.o
 .debug_macro   0x00000000      0x34e startup.o
 .ARM.attributes
                0x00000000       0x2d startup.o

Memory Configuration

Name             Origin             Length             Attributes
FLASH            0x08000000         0x00010000         xr
RAM              0x20000000         0x00005000         xrw
*default*        0x00000000         0xffffffff

Linker script and memory map

LOAD main.o
LOAD startup.o
                0x20005000                        _estack = (ORIGIN (RAM) + LENGTH (RAM))

.isr_vector     0x08000000       0x40
                0x08000000                        . = ALIGN (0x4)
 *(.isr_vector)
 .isr_vector    0x08000000       0x40 startup.o
                0x08000000                vector_table
                0x08000040                        . = ALIGN (0x4)

.text           0x08000040       0xb4
                0x08000040                        . = ALIGN (0x4)
 *(.text*)
 .text.startup.main
                0x08000040       0x50 main.o
                0x08000040                main
 .text.Default_Handler
                0x08000090        0x4 startup.o
                0x08000090                DebugMon_Handler
                0x08000090                HardFault_Handler
                0x08000090                SysTick_Handler
                0x08000090                PendSV_Handler
                0x08000090                NMI_Handler
                0x08000090                UsageFault_Handler
                0x08000090                Default_Handler
                0x08000090                MemManage_Handler
                0x08000090                SVC_Handler
                0x08000090                BusFault_Handler
 .text.Reset_Handler
                0x08000094       0x60 startup.o
                0x08000094                Reset_Handler
 *(.rodata*)
 *(.glue_7)
 .glue_7        0x080000f4        0x0 linker stubs
 *(.glue_7t)
 .glue_7t       0x080000f4        0x0 linker stubs
                0x080000f4                        . = ALIGN (0x4)
                0x080000f4                        _sidata = LOADADDR (.data)

.vfp11_veneer   0x080000f4        0x0
 .vfp11_veneer  0x080000f4        0x0 linker stubs

.v4_bx          0x080000f4        0x0
 .v4_bx         0x080000f4        0x0 linker stubs

.iplt           0x080000f4        0x0
 .iplt          0x080000f4        0x0 startup.o

.rel.dyn        0x080000f4        0x0
 .rel.iplt      0x080000f4        0x0 startup.o

.data           0x20000000        0x0 load address 0x080000f4
                0x20000000                        . = ALIGN (0x4)
                0x20000000                        _sdata = .
 *(.data*)
                0x20000000                        . = ALIGN (0x4)
                0x20000000                        _edata = .

.igot.plt       0x20000000        0x0 load address 0x080000f4
 .igot.plt      0x20000000        0x0 startup.o

.bss            0x20000000        0x0 load address 0x080000f4
                0x20000000                        . = ALIGN (0x4)
                0x20000000                        _sbss = .
 *(.bss*)
 *(COMMON)
                0x20000000                        . = ALIGN (0x4)
                0x20000000                        _ebss = .

/DISCARD/
 *(.ARM.attributes)
 *(.ARM.exidx*)
 *(.ARM.extab*)
OUTPUT(blink.elf elf32-littlearm)
LOAD linker stubs

.debug_info     0x00000000      0x243
 .debug_info    0x00000000       0xf1 main.o
 .debug_info    0x000000f1      0x152 startup.o

.debug_abbrev   0x00000000      0x1b1
 .debug_abbrev  0x00000000       0xbe main.o
 .debug_abbrev  0x000000be       0xf3 startup.o

.debug_loclists
                0x00000000       0x62
 .debug_loclists
                0x00000000       0x1c main.o
 .debug_loclists
                0x0000001c       0x46 startup.o

.debug_aranges  0x00000000       0x48
 .debug_aranges
                0x00000000       0x20 main.o
 .debug_aranges
                0x00000020       0x28 startup.o

.debug_rnglists
                0x00000000       0x44
 .debug_rnglists
                0x00000000       0x2b main.o
 .debug_rnglists
                0x0000002b       0x19 startup.o

.debug_macro    0x00000000      0xe8c
 .debug_macro   0x00000000       0x5a main.o
 .debug_macro   0x0000005a      0xaba main.o
 .debug_macro   0x00000b14      0x34e main.o
 .debug_macro   0x00000e62       0x2a startup.o

.debug_line     0x00000000      0x304
 .debug_line    0x00000000      0x195 main.o
 .debug_line    0x00000195      0x16f startup.o

.debug_str      0x00000000     0x391e
 .debug_str     0x00000000     0x391e main.o
                               0x39e7 (size before relaxing)
 .debug_str     0x0000391e     0x391d startup.o

.comment        0x00000000       0x43
 .comment       0x00000000       0x43 main.o
                                 0x44 (size before relaxing)
 .comment       0x00000043       0x44 startup.o

.debug_frame    0x00000000       0x58
 .debug_frame   0x00000000       0x20 main.o
 .debug_frame   0x00000020       0x38 startup.o
