2026-04-18 17:38:32,912 [INFO] ============================================================
2026-04-18 17:38:32,913 [INFO] UTTEC Pre-built Firmware Generator
2026-04-18 17:38:32,913 [INFO] ============================================================
2026-04-18 17:38:32,927 [INFO] 카탈로그 로드: 155개 항목
2026-04-18 17:38:32,930 [INFO] 빌드 대상: 6개
2026-04-18 17:38:32,930 [INFO] FIRMWARE_DB: C:\todo\today\aiHardStudy\사전빌드\firmware_db
2026-04-18 17:38:32,930 [INFO] TEMPLATE_DIR: C:\todo\today\aiHardStudy\firmware\ble_ota_arduino
2026-04-18 17:38:32,930 [INFO] BUILD_DIR: C:\todo\today\aiHardStudy\사전빌드\ble_ota_arduino
2026-04-18 17:38:32,935 [INFO] Build dir initialized: C:\todo\today\aiHardStudy\사전빌드\ble_ota_arduino
2026-04-18 17:38:32,935 [INFO] [1/6] K04: 습도 70% 넘으면 노란 LED 깜빡이기. aht20_read(temp,humi)로 습도 측정. OLED에 습도 표시 시 snprintf로 char 배열에 변환 후 oled.drawString(x,y,buf)로 표시. String을 drawString에 직접 전달하지 말 것.
2026-04-18 17:38:32,935 [INFO]   [K04] 시도 1/3: 습도 70% 넘으면 노란 LED 깜빡이기. aht20_read(temp,humi)로 습도 측정. OLED에 습도 표시 시 snprintf로 char 배열에 변환 후 oled.drawString(x,y,buf)로 표시. String을 drawString에 직접 전달하지 말 것.
2026-04-18 17:39:32,331 [INFO]   [K04] 빌드 성공 (636KB, 59.4초)
2026-04-18 17:40:02,440 [INFO]   [K04] guide.json 생성 완료
2026-04-18 17:40:02,442 [INFO]   진행: 1/6 (성공:1 실패:0) ETA: 7.5분
2026-04-18 17:40:02,442 [INFO] [2/6] R04: LED 상태를 1초마다 변경(빨→노→파 순환)하면서, 변경할 때마다 현재 LED 상태를 sensorChar->setValue()/notify()로 BLE 전송. OLED에 현재 LED 이름 표시. char 배열과 snprintf 사용.
2026-04-18 17:40:02,443 [INFO]   [R04] 시도 1/3: LED 상태를 1초마다 변경(빨→노→파 순환)하면서, 변경할 때마다 현재 LED 상태를 sensorChar->setValue()/notify()로 BLE 전송. OLED에 현재 LED 이름 표시. char 배열과 snprintf 사용.
2026-04-18 17:40:58,425 [INFO]   [R04] 빌드 성공 (636KB, 56.0초)
2026-04-18 17:41:31,882 [INFO]   [R04] guide.json 생성 완료
2026-04-18 17:41:31,882 [INFO]   진행: 2/6 (성공:2 실패:0) ETA: 6.0분
2026-04-18 17:41:31,883 [INFO] [3/6] T01: 스마트폰에서 BLE로 "RED","YELLOW","BLUE" 문자를 보내면 해당 LED 켜기(나머지 끄기) + 현재 LED 상태를 sensorChar로 BLE 응답. onBleReceive(String cmd) 함수를 정의하여 명령 처리. OLED에 현재 LED 표시.
2026-04-18 17:41:31,883 [INFO]   [T01] 시도 1/3: 스마트폰에서 BLE로 "RED","YELLOW","BLUE" 문자를 보내면 해당 LED 켜기(나머지 끄기) + 현재 LED 상태를 sensorChar로 BLE 응답. onBleReceive(String cmd) 함수를 정의하여 명령 처리. OLED에 현재 LED 표시.
2026-04-18 17:42:14,831 [WARNING]   [T01] 시도 1 실패: Build failed:
C:\todo\today\aiHardStudy\사전빌드\ble_ota_arduino\ble_ota_arduino.ino:471:6: error: redefinition of 'void onBleReceive(String)'
C:\todo\today\aiHardStudy\사전빌드\ble_ota_arduino\ble_ota_arduino.ino:269:28: note: 'void onBleReceive(String)' previously defined here
Error during build: exit status 1

2026-04-18 17:42:16,832 [INFO]   [T01] 시도 2/3: 스마트폰에서 BLE로 "RED","YELLOW","BLUE" 문자를 보내면 해당 LED 켜기(나머지 끄기) + 현재 LED 상태를 sensorChar로 BLE 응답. onBleReceive(String cmd) 함수를 정의하여 명령 처리. OLED에 현재 LED 표시.
2026-04-18 17:42:55,416 [WARNING]   [T01] 시도 2 실패: Build failed:
전빌드\ble_ota_arduino\ssd1306.h:131:45: note:   initializing argument 3 of 'void SSD1306::drawString(int, int, const char*)'
C:\todo\today\aiHardStudy\사전빌드\ble_ota_arduino\ble_ota_arduino.ino: At global scope:
C:\todo\today\aiHardStudy\사전빌드\ble_ota_arduino\ble_ota_arduino.ino:464:6: error: redefinition of 'void onBleReceive(String)'
C:\todo\today\aiHardStudy\사전빌드\ble_ota_arduino\ble_ota_arduino.ino:269:28: note: 'void onBleReceive(String)' previously defined here
Error during build: exit status 1

2026-04-18 17:42:57,417 [INFO]   [T01] 시도 3/3: 스마트폰에서 BLE로 "RED","YELLOW","BLUE" 문자를 보내면 해당 LED 켜기(나머지 끄기) + 현재 LED 상태를 sensorChar로 BLE 응답. onBleReceive(String cmd) 함수를 정의하여 명령 처리. OLED에 현재 LED 표시.
2026-04-18 17:43:38,016 [WARNING]   [T01] 시도 3 실패: Build failed:
C:\todo\today\aiHardStudy\사전빌드\ble_ota_arduino\ble_ota_arduino.ino:471:6: error: redefinition of 'void onBleReceive(String)'
C:\todo\today\aiHardStudy\사전빌드\ble_ota_arduino\ble_ota_arduino.ino:269:28: note: 'void onBleReceive(String)' previously defined here
Error during build: exit status 1

2026-04-18 17:43:38,016 [ERROR]   [T01] 최종 실패: Build failed:
C:\todo\today\aiHardStudy\사전빌드\ble_ota_arduino\ble_ota_arduino.ino:471:6: error: redefinition of 'void onBleReceive(String)'
C:\todo\today\aiHardStudy\사전빌드\ble_ota_arduino\ble_ota_arduino.ino:269:28: note: 'void onBleReceive(String)' previously defined here
Error during build: exit status 1

2026-04-18 17:43:38,016 [INFO]   진행: 3/6 (성공:2 실패:1) ETA: 5.1분
2026-04-18 17:43:38,017 [INFO] [4/6] W04: OLED에 온도 막대그래프: 2초마다 온도 측정하여 최근 16개 값을 세로 막대로 표시. 온도 범위 15~40도. oled.drawString에는 char 배열만 전달(c_str() 사용). 코드에 ASCII 문자만 사용하고 특수문자(도기호, 곱하기기호 등) 사용 금지.
2026-04-18 17:43:38,017 [INFO]   [W04] 시도 1/3: OLED에 온도 막대그래프: 2초마다 온도 측정하여 최근 16개 값을 세로 막대로 표시. 온도 범위 15~40도. oled.drawString에는 char 배열만 전달(c_str() 사용). 코드에 ASCII 문자만 사용하고 특수문자(도기호, 곱하기기호 등) 사용 금지.
2026-04-18 17:46:11,570 [INFO]   [W04] 빌드 성공 (636KB, 153.6초)
2026-04-18 17:46:41,470 [INFO]   [W04] guide.json 생성 완료
2026-04-18 17:46:41,471 [INFO]   진행: 4/6 (성공:3 실패:1) ETA: 4.1분
2026-04-18 17:46:41,471 [INFO] [5/6] Y01: 디지털 애완동물: OLED에 표정 문자열 표시(행복=^^, 보통=--, 슬픔=TT), 스위치 누르면 먹이주기(행복으로), 온도 25도 이하면 추움, 30도 이상이면 더움으로 기분 변화. 기분 상태를 sensorChar로 BLE 전송. 변수명과 함수명이 겹치지 않도록 주의. const char* 배열 사용.
2026-04-18 17:46:41,472 [INFO]   [Y01] 시도 1/3: 디지털 애완동물: OLED에 표정 문자열 표시(행복=^^, 보통=--, 슬픔=TT), 스위치 누르면 먹이주기(행복으로), 온도 25도 이하면 추움, 30도 이상이면 더움으로 기분 변화. 기분 상태를 sensorChar로 BLE 전송. 변수명과 함수명이 겹치지 않도록 주의. const char* 배열 사용.
2026-04-18 17:48:21,411 [INFO]   [Y01] 빌드 성공 (636KB, 99.9초)
2026-04-18 17:49:00,195 [INFO]   [Y01] guide.json 생성 완료
2026-04-18 17:49:00,196 [INFO]   진행: 5/6 (성공:4 실패:1) ETA: 2.1분
2026-04-18 17:49:00,196 [INFO] [6/6] Y07: 스마트 화분: 3초마다 온습도 측정. 온도 18~28도 + 습도 40~70%면 Good(파란LED), 범위 밖이면 Bad(노란LED), 극단적이면 Danger(빨간LED+부저). OLED에 온습도+상태 텍스트 표시. 10초마다 sensorChar로 BLE 전송. 상태를 const char* 변수로 관리하고 함수명과 겹치지 않게 할 것.
2026-04-18 17:49:00,197 [INFO]   [Y07] 시도 1/3: 스마트 화분: 3초마다 온습도 측정. 온도 18~28도 + 습도 40~70%면 Good(파란LED), 범위 밖이면 Bad(노란LED), 극단적이면 Danger(빨간LED+부저). OLED에 온습도+상태 텍스트 표시. 10초마다 sensorChar로 BLE 전송. 상태를 const char* 변수로 관리하고 함수명과 겹치지 않게 할 것.
2026-04-18 17:50:25,766 [INFO]   [Y07] 빌드 성공 (636KB, 85.6초)
2026-04-18 17:51:02,182 [INFO]   [Y07] guide.json 생성 완료
2026-04-18 17:51:02,182 [INFO]   진행: 6/6 (성공:5 실패:1) ETA: 0.0분
2026-04-18 17:51:02,450 [INFO] catalog.json generated: 154 items (C:\todo\today\aiHardStudy\사전빌드\firmware_db\catalog.json)
2026-04-18 17:51:02,450 [INFO] 
2026-04-18 17:51:02,450 [INFO] ============================================================
2026-04-18 17:51:02,450 [INFO] 빌드 완료 리포트
2026-04-18 17:51:02,450 [INFO] ============================================================
2026-04-18 17:51:02,450 [INFO] 총 소요: 12.5분
2026-04-18 17:51:02,451 [INFO] 성공: 5/6 (83%)
2026-04-18 17:51:02,451 [INFO] 실패: 1/6
2026-04-18 17:51:02,451 [INFO] 
2026-04-18 17:51:02,451 [INFO] 실패 목록:
2026-04-18 17:51:02,451 [INFO]   T01: Build failed:
C:\todo\today\aiHardStudy\사전빌드\ble_ota_arduino\ble_ota_arduino.ino:471:6: error: redef
2026-04-18 17:51:02,453 [INFO] 리포트 저장: C:\todo\today\aiHardStudy\사전빌드\logs\report_20260418_175102.json
