2026-04-17 14:48:27,911 [INFO] ============================================================
2026-04-17 14:48:27,911 [INFO] UTTEC Pre-built Firmware Generator
2026-04-17 14:48:27,912 [INFO] ============================================================
2026-04-17 14:48:27,913 [INFO] 카탈로그 로드: 155개 항목
2026-04-17 14:48:27,913 [INFO] 총 155개 항목, 25개 카테고리
2026-04-17 14:48:27,914 [INFO]   A: 10개 (빌드 완료: 10)
2026-04-17 14:48:27,914 [INFO]   B: 5개 (빌드 완료: 0)
2026-04-17 14:48:27,914 [INFO]   C: 5개 (빌드 완료: 0)
2026-04-17 14:48:27,915 [INFO]   D: 6개 (빌드 완료: 0)
2026-04-17 14:48:27,916 [INFO]   E: 6개 (빌드 완료: 0)
2026-04-17 14:48:27,916 [INFO]   F: 5개 (빌드 완료: 0)
2026-04-17 14:48:27,916 [INFO]   G: 4개 (빌드 완료: 0)
2026-04-17 14:48:27,916 [INFO]   H: 8개 (빌드 완료: 0)
2026-04-17 14:48:27,917 [INFO]   I: 10개 (빌드 완료: 0)
2026-04-17 14:48:27,917 [INFO]   J: 5개 (빌드 완료: 0)
2026-04-17 14:48:27,917 [INFO]   K: 5개 (빌드 완료: 0)
2026-04-17 14:48:27,917 [INFO]   L: 5개 (빌드 완료: 0)
2026-04-17 14:48:27,917 [INFO]   M: 5개 (빌드 완료: 0)
2026-04-17 14:48:27,918 [INFO]   N: 5개 (빌드 완료: 0)
2026-04-17 14:48:27,918 [INFO]   O: 6개 (빌드 완료: 0)
2026-04-17 14:48:27,918 [INFO]   P: 5개 (빌드 완료: 0)
2026-04-17 14:48:27,918 [INFO]   Q: 8개 (빌드 완료: 0)
2026-04-17 14:48:27,918 [INFO]   R: 5개 (빌드 완료: 0)
2026-04-17 14:48:27,919 [INFO]   S: 5개 (빌드 완료: 0)
2026-04-17 14:48:27,919 [INFO]   T: 10개 (빌드 완료: 0)
2026-04-17 14:48:27,919 [INFO]   U: 8개 (빌드 완료: 0)
2026-04-17 14:48:27,919 [INFO]   V: 5개 (빌드 완료: 0)
2026-04-17 14:48:27,920 [INFO]   W: 7개 (빌드 완료: 0)
2026-04-17 14:48:27,920 [INFO]   X: 4개 (빌드 완료: 0)
2026-04-17 14:48:27,920 [INFO]   Y: 8개 (빌드 완료: 0)
2026-04-17 14:48:27,924 [INFO] 전체 빌드 완료: 10/155
