2026-04-18 09:50:51,555 [INFO] ============================================================
2026-04-18 09:50:51,556 [INFO] UTTEC Pre-built Firmware Generator
2026-04-18 09:50:51,556 [INFO] ============================================================
2026-04-18 09:50:51,574 [INFO] 카탈로그 로드: 155개 항목
2026-04-18 09:50:51,575 [INFO] 총 155개 항목, 25개 카테고리
2026-04-18 09:50:51,576 [INFO]   A: 10개 (빌드 완료: 10)
2026-04-18 09:50:51,577 [INFO]   B: 5개 (빌드 완료: 0)
2026-04-18 09:50:51,577 [INFO]   C: 5개 (빌드 완료: 0)
2026-04-18 09:50:51,578 [INFO]   D: 6개 (빌드 완료: 0)
2026-04-18 09:50:51,578 [INFO]   E: 6개 (빌드 완료: 0)
2026-04-18 09:50:51,578 [INFO]   F: 5개 (빌드 완료: 0)
2026-04-18 09:50:51,578 [INFO]   G: 4개 (빌드 완료: 0)
2026-04-18 09:50:51,578 [INFO]   H: 8개 (빌드 완료: 0)
2026-04-18 09:50:51,578 [INFO]   I: 10개 (빌드 완료: 0)
2026-04-18 09:50:51,578 [INFO]   J: 5개 (빌드 완료: 0)
2026-04-18 09:50:51,579 [INFO]   K: 5개 (빌드 완료: 0)
2026-04-18 09:50:51,579 [INFO]   L: 5개 (빌드 완료: 0)
2026-04-18 09:50:51,579 [INFO]   M: 5개 (빌드 완료: 0)
2026-04-18 09:50:51,579 [INFO]   N: 5개 (빌드 완료: 0)
2026-04-18 09:50:51,579 [INFO]   O: 6개 (빌드 완료: 0)
2026-04-18 09:50:51,579 [INFO]   P: 5개 (빌드 완료: 0)
2026-04-18 09:50:51,579 [INFO]   Q: 8개 (빌드 완료: 0)
2026-04-18 09:50:51,579 [INFO]   R: 5개 (빌드 완료: 0)
2026-04-18 09:50:51,580 [INFO]   S: 5개 (빌드 완료: 0)
2026-04-18 09:50:51,581 [INFO]   T: 10개 (빌드 완료: 0)
2026-04-18 09:50:51,581 [INFO]   U: 8개 (빌드 완료: 0)
2026-04-18 09:50:51,581 [INFO]   V: 5개 (빌드 완료: 0)
2026-04-18 09:50:51,581 [INFO]   W: 7개 (빌드 완료: 0)
2026-04-18 09:50:51,581 [INFO]   X: 4개 (빌드 완료: 0)
2026-04-18 09:50:51,581 [INFO]   Y: 8개 (빌드 완료: 0)
2026-04-18 09:50:51,584 [INFO] 전체 빌드 완료: 10/155
