2026-04-17 13:44:32,322 [INFO] ============================================================
2026-04-17 13:44:32,323 [INFO] UTTEC Pre-built Firmware Generator
2026-04-17 13:44:32,323 [INFO] ============================================================
2026-04-17 13:44:32,325 [INFO] 카탈로그 로드: 155개 항목
2026-04-17 13:44:32,325 [INFO] 빌드 대상: 1개
2026-04-17 13:44:32,325 [INFO] FIRMWARE_DB: C:\todo\today\aiHardStudy\사전빌드\firmware_db
2026-04-17 13:44:32,326 [INFO] TEMPLATE_DIR: C:\todo\today\aiHardStudy\firmware\ble_ota_arduino
2026-04-17 13:44:32,326 [INFO] BUILD_DIR: C:\todo\today\aiHardStudy\사전빌드\ble_ota_arduino
2026-04-17 13:44:32,337 [INFO] Build dir initialized: C:\todo\today\aiHardStudy\사전빌드\ble_ota_arduino
2026-04-17 13:44:32,338 [INFO] [1/1] A01: 빨간 LED 켜기
2026-04-17 13:44:32,338 [INFO]   [A01] 시도 1/3: 빨간 LED 켜기
2026-04-17 13:48:58,261 [INFO]   [A01] 빌드 성공 (635KB, 265.9초)
2026-04-17 13:49:22,796 [INFO]   [A01] guide.json 생성 완료
2026-04-17 13:49:22,798 [INFO]   진행: 1/1 (성공:1 실패:0) ETA: 0.0분
2026-04-17 13:49:22,829 [INFO] catalog.json generated: 1 items (C:\todo\today\aiHardStudy\사전빌드\firmware_db\catalog.json)
2026-04-17 13:49:22,829 [INFO] 
2026-04-17 13:49:22,830 [INFO] ============================================================
2026-04-17 13:49:22,830 [INFO] 빌드 완료 리포트
2026-04-17 13:49:22,830 [INFO] ============================================================
2026-04-17 13:49:22,830 [INFO] 총 소요: 4.8분
2026-04-17 13:49:22,830 [INFO] 성공: 1/1 (100%)
2026-04-17 13:49:22,830 [INFO] 실패: 0/1
2026-04-17 13:49:22,833 [INFO] 리포트 저장: C:\todo\today\aiHardStudy\사전빌드\logs\report_20260417_134922.json
