2026-04-17 13:08:41,427 [INFO] ============================================================
2026-04-17 13:08:41,427 [INFO] UTTEC Pre-built Firmware Generator
2026-04-17 13:08:41,427 [INFO] ============================================================
2026-04-17 13:08:41,429 [INFO] 카탈로그 로드: 155개 항목
2026-04-17 13:08:41,429 [INFO] 총 155개 항목, 25개 카테고리
2026-04-17 13:08:41,429 [INFO]   A: 10개 (빌드 완료: 0)
2026-04-17 13:08:41,429 [INFO]   B: 5개 (빌드 완료: 0)
2026-04-17 13:08:41,429 [INFO]   C: 5개 (빌드 완료: 0)
2026-04-17 13:08:41,430 [INFO]   D: 6개 (빌드 완료: 0)
2026-04-17 13:08:41,430 [INFO]   E: 6개 (빌드 완료: 0)
2026-04-17 13:08:41,430 [INFO]   F: 5개 (빌드 완료: 0)
2026-04-17 13:08:41,430 [INFO]   G: 4개 (빌드 완료: 0)
2026-04-17 13:08:41,431 [INFO]   H: 8개 (빌드 완료: 0)
2026-04-17 13:08:41,431 [INFO]   I: 10개 (빌드 완료: 0)
2026-04-17 13:08:41,431 [INFO]   J: 5개 (빌드 완료: 0)
2026-04-17 13:08:41,431 [INFO]   K: 5개 (빌드 완료: 0)
2026-04-17 13:08:41,431 [INFO]   L: 5개 (빌드 완료: 0)
2026-04-17 13:08:41,431 [INFO]   M: 5개 (빌드 완료: 0)
2026-04-17 13:08:41,431 [INFO]   N: 5개 (빌드 완료: 0)
2026-04-17 13:08:41,432 [INFO]   O: 6개 (빌드 완료: 0)
2026-04-17 13:08:41,432 [INFO]   P: 5개 (빌드 완료: 0)
2026-04-17 13:08:41,432 [INFO]   Q: 8개 (빌드 완료: 0)
2026-04-17 13:08:41,432 [INFO]   R: 5개 (빌드 완료: 0)
2026-04-17 13:08:41,432 [INFO]   S: 5개 (빌드 완료: 0)
2026-04-17 13:08:41,432 [INFO]   T: 10개 (빌드 완료: 0)
2026-04-17 13:08:41,433 [INFO]   U: 8개 (빌드 완료: 0)
2026-04-17 13:08:41,433 [INFO]   V: 5개 (빌드 완료: 0)
2026-04-17 13:08:41,433 [INFO]   W: 7개 (빌드 완료: 0)
2026-04-17 13:08:41,433 [INFO]   X: 4개 (빌드 완료: 0)
2026-04-17 13:08:41,433 [INFO]   Y: 8개 (빌드 완료: 0)
2026-04-17 13:08:41,436 [INFO] 전체 빌드 완료: 0/155
