2026-04-17 13:43:21,538 [INFO] ============================================================
2026-04-17 13:43:21,538 [INFO] UTTEC Pre-built Firmware Generator
2026-04-17 13:43:21,538 [INFO] ============================================================
2026-04-17 13:43:21,539 [INFO] 카탈로그 로드: 155개 항목
2026-04-17 13:43:21,539 [INFO] 빌드 대상: 1개
2026-04-17 13:43:21,539 [INFO] FIRMWARE_DB: C:\todo\today\aiHardStudy\사전빌드\firmware_db
2026-04-17 13:43:21,539 [INFO] TEMPLATE_DIR: C:\todo\today\aiHardStudy\firmware\ble_ota_arduino
2026-04-17 13:43:21,540 [INFO] BUILD_DIR: C:\todo\today\aiHardStudy\사전빌드\build_work
2026-04-17 13:43:21,546 [INFO] Build dir initialized: C:\todo\today\aiHardStudy\사전빌드\build_work
2026-04-17 13:43:21,546 [INFO] [1/1] A01: 빨간 LED 켜기
2026-04-17 13:43:21,547 [INFO]   [A01] 시도 1/3: 빨간 LED 켜기
2026-04-17 13:43:33,290 [WARNING]   [A01] 시도 1 실패: Build failed:
Can't open sketch: main file missing from sketch: C:\todo\today\aiHardStudy\사전빌드\build_work\build_work.ino

2026-04-17 13:43:35,291 [INFO]   [A01] 시도 2/3: 빨간 LED 켜기
2026-04-17 13:43:45,943 [WARNING]   [A01] 시도 2 실패: Build failed:
Can't open sketch: main file missing from sketch: C:\todo\today\aiHardStudy\사전빌드\build_work\build_work.ino

2026-04-17 13:43:47,944 [INFO]   [A01] 시도 3/3: 빨간 LED 켜기
2026-04-17 13:43:58,597 [WARNING]   [A01] 시도 3 실패: Build failed:
Can't open sketch: main file missing from sketch: C:\todo\today\aiHardStudy\사전빌드\build_work\build_work.ino

2026-04-17 13:43:58,598 [ERROR]   [A01] 최종 실패: Build failed:
Can't open sketch: main file missing from sketch: C:\todo\today\aiHardStudy\사전빌드\build_work\build_work.ino

2026-04-17 13:43:58,598 [INFO]   진행: 1/1 (성공:0 실패:1) ETA: 0.0분
2026-04-17 13:43:58,602 [INFO] catalog.json generated: 0 items (C:\todo\today\aiHardStudy\사전빌드\firmware_db\catalog.json)
2026-04-17 13:43:58,602 [INFO] 
2026-04-17 13:43:58,602 [INFO] ============================================================
2026-04-17 13:43:58,603 [INFO] 빌드 완료 리포트
2026-04-17 13:43:58,603 [INFO] ============================================================
2026-04-17 13:43:58,603 [INFO] 총 소요: 0.6분
2026-04-17 13:43:58,603 [INFO] 성공: 0/1 (0%)
2026-04-17 13:43:58,603 [INFO] 실패: 1/1
2026-04-17 13:43:58,603 [INFO] 
2026-04-17 13:43:58,603 [INFO] 실패 목록:
2026-04-17 13:43:58,603 [INFO]   A01: Build failed:
Can't open sketch: main file missing from sketch: C:\todo\today\aiHardStudy\사전빌드\build
2026-04-17 13:43:58,607 [INFO] 리포트 저장: C:\todo\today\aiHardStudy\사전빌드\logs\report_20260417_134358.json
