2026-04-17 13:49:33,607 [INFO] ============================================================
2026-04-17 13:49:33,608 [INFO] UTTEC Pre-built Firmware Generator
2026-04-17 13:49:33,608 [INFO] ============================================================
2026-04-17 13:49:33,609 [INFO] 카탈로그 로드: 155개 항목
2026-04-17 13:49:33,609 [INFO] 빌드 대상: 10개
2026-04-17 13:49:33,609 [INFO] FIRMWARE_DB: C:\todo\today\aiHardStudy\사전빌드\firmware_db
2026-04-17 13:49:33,609 [INFO] TEMPLATE_DIR: C:\todo\today\aiHardStudy\firmware\ble_ota_arduino
2026-04-17 13:49:33,610 [INFO] BUILD_DIR: C:\todo\today\aiHardStudy\사전빌드\ble_ota_arduino
2026-04-17 13:49:33,616 [INFO] Build dir initialized: C:\todo\today\aiHardStudy\사전빌드\ble_ota_arduino
2026-04-17 13:49:33,616 [INFO] [1/10] A01: 빨간 LED 켜기
2026-04-17 13:49:33,617 [INFO]   [A01] 시도 1/3: 빨간 LED 켜기
2026-04-17 13:50:18,655 [INFO]   [A01] 빌드 성공 (635KB, 45.0초)
2026-04-17 13:50:41,635 [INFO]   [A01] guide.json 생성 완료
2026-04-17 13:50:41,636 [INFO]   진행: 1/10 (성공:1 실패:0) ETA: 10.2분
2026-04-17 13:50:41,636 [INFO] [2/10] A02: 빨간 LED 끄기
2026-04-17 13:50:41,637 [INFO]   [A02] 시도 1/3: 빨간 LED 끄기
2026-04-17 13:51:20,900 [INFO]   [A02] 빌드 성공 (635KB, 39.3초)
2026-04-17 13:51:44,410 [INFO]   [A02] guide.json 생성 완료
2026-04-17 13:51:44,411 [INFO]   진행: 2/10 (성공:2 실패:0) ETA: 8.7분
2026-04-17 13:51:44,411 [INFO] [3/10] A03: 노란 LED 켜기
2026-04-17 13:51:44,412 [INFO]   [A03] 시도 1/3: 노란 LED 켜기
2026-04-17 13:52:26,538 [INFO]   [A03] 빌드 성공 (635KB, 42.1초)
2026-04-17 13:52:50,308 [INFO]   [A03] guide.json 생성 완료
2026-04-17 13:52:50,309 [INFO]   진행: 3/10 (성공:3 실패:0) ETA: 7.6분
2026-04-17 13:52:50,309 [INFO] [4/10] A04: 파란 LED 켜기
2026-04-17 13:52:50,310 [INFO]   [A04] 시도 1/3: 파란 LED 켜기
2026-04-17 13:53:30,803 [INFO]   [A04] 빌드 성공 (635KB, 40.5초)
2026-04-17 13:53:53,865 [INFO]   [A04] guide.json 생성 완료
2026-04-17 13:53:53,866 [INFO]   진행: 4/10 (성공:4 실패:0) ETA: 6.5분
2026-04-17 13:53:53,866 [INFO] [5/10] A05: 빨간 LED 1초마다 깜빡이기
2026-04-17 13:53:53,867 [INFO]   [A05] 시도 1/3: 빨간 LED 1초마다 깜빡이기
2026-04-17 13:54:38,478 [INFO]   [A05] 빌드 성공 (635KB, 44.6초)
2026-04-17 13:55:06,652 [INFO]   [A05] guide.json 생성 완료
2026-04-17 13:55:06,653 [INFO]   진행: 5/10 (성공:5 실패:0) ETA: 5.6분
2026-04-17 13:55:06,653 [INFO] [6/10] A06: 빨간 LED 0.5초마다 빠르게 깜빡이기
2026-04-17 13:55:06,654 [INFO]   [A06] 시도 1/3: 빨간 LED 0.5초마다 빠르게 깜빡이기
2026-04-17 13:55:48,033 [INFO]   [A06] 빌드 성공 (635KB, 41.4초)
2026-04-17 13:56:17,564 [INFO]   [A06] guide.json 생성 완료
2026-04-17 13:56:17,565 [INFO]   진행: 6/10 (성공:6 실패:0) ETA: 4.5분
2026-04-17 13:56:17,565 [INFO] [7/10] A07: 빨간 LED 3초마다 느리게 깜빡이기
2026-04-17 13:56:17,565 [INFO]   [A07] 시도 1/3: 빨간 LED 3초마다 느리게 깜빡이기
2026-04-17 13:57:04,051 [INFO]   [A07] 빌드 성공 (635KB, 46.5초)
2026-04-17 13:57:31,052 [INFO]   [A07] guide.json 생성 완료
2026-04-17 13:57:31,053 [INFO]   진행: 7/10 (성공:7 실패:0) ETA: 3.4분
2026-04-17 13:57:31,053 [INFO] [8/10] A08: 빨간 LED 5번 깜빡이고 멈추기
2026-04-17 13:57:31,053 [INFO]   [A08] 시도 1/3: 빨간 LED 5번 깜빡이고 멈추기
2026-04-17 13:58:18,297 [INFO]   [A08] 빌드 성공 (635KB, 47.2초)
2026-04-17 13:58:45,130 [INFO]   [A08] guide.json 생성 완료
2026-04-17 13:58:45,131 [INFO]   진행: 8/10 (성공:8 실패:0) ETA: 2.3분
2026-04-17 13:58:45,131 [INFO] [9/10] A09: 빨간 LED 10번 깜빡이고 멈추기
2026-04-17 13:58:45,131 [INFO]   [A09] 시도 1/3: 빨간 LED 10번 깜빡이고 멈추기
2026-04-17 13:59:26,010 [INFO]   [A09] 빌드 성공 (635KB, 40.9초)
2026-04-17 13:59:53,223 [INFO]   [A09] guide.json 생성 완료
2026-04-17 13:59:53,223 [INFO]   진행: 9/10 (성공:9 실패:0) ETA: 1.1분
2026-04-17 13:59:53,223 [INFO] [10/10] A10: 파란 LED 0.2초마다 20번 깜빡이고 멈추기
2026-04-17 13:59:53,224 [INFO]   [A10] 시도 1/3: 파란 LED 0.2초마다 20번 깜빡이고 멈추기
2026-04-17 14:00:31,514 [INFO]   [A10] 빌드 성공 (635KB, 38.3초)
2026-04-17 14:00:59,517 [INFO]   [A10] guide.json 생성 완료
2026-04-17 14:00:59,518 [INFO]   진행: 10/10 (성공:10 실패:0) ETA: 0.0분
2026-04-17 14:00:59,767 [INFO] catalog.json generated: 10 items (C:\todo\today\aiHardStudy\사전빌드\firmware_db\catalog.json)
2026-04-17 14:00:59,767 [INFO] 
2026-04-17 14:00:59,767 [INFO] ============================================================
2026-04-17 14:00:59,767 [INFO] 빌드 완료 리포트
2026-04-17 14:00:59,767 [INFO] ============================================================
2026-04-17 14:00:59,767 [INFO] 총 소요: 11.4분
2026-04-17 14:00:59,767 [INFO] 성공: 10/10 (100%)
2026-04-17 14:00:59,767 [INFO] 실패: 0/10
2026-04-17 14:00:59,768 [INFO] 리포트 저장: C:\todo\today\aiHardStudy\사전빌드\logs\report_20260417_140059.json
