2026-04-18 17:54:51,627 [INFO] ============================================================
2026-04-18 17:54:51,628 [INFO] UTTEC Pre-built Firmware Generator
2026-04-18 17:54:51,628 [INFO] ============================================================
2026-04-18 17:54:51,631 [INFO] 카탈로그 로드: 155개 항목
2026-04-18 17:54:51,631 [INFO] 빌드 대상: 1개
2026-04-18 17:54:51,632 [INFO] FIRMWARE_DB: C:\todo\today\aiHardStudy\사전빌드\firmware_db
2026-04-18 17:54:51,632 [INFO] TEMPLATE_DIR: C:\todo\today\aiHardStudy\firmware\ble_ota_arduino
2026-04-18 17:54:51,632 [INFO] BUILD_DIR: C:\todo\today\aiHardStudy\사전빌드\ble_ota_arduino
2026-04-18 17:54:51,641 [INFO] Build dir initialized: C:\todo\today\aiHardStudy\사전빌드\ble_ota_arduino
2026-04-18 17:54:51,641 [INFO] [1/1] T01: 스마트폰에서 BLE로 "RED","YELLOW","BLUE" 문자를 보내면 해당 LED 켜기(나머지 끄기) + 현재 LED 상태를 sensorChar로 BLE 응답. onBleReceive(String cmd) 함수를 정의하여 명령 처리. OLED에 현재 LED 표시.
2026-04-18 17:54:51,642 [INFO]   [T01] 시도 1/3: 스마트폰에서 BLE로 "RED","YELLOW","BLUE" 문자를 보내면 해당 LED 켜기(나머지 끄기) + 현재 LED 상태를 sensorChar로 BLE 응답. onBleReceive(String cmd) 함수를 정의하여 명령 처리. OLED에 현재 LED 표시.
2026-04-18 17:55:46,691 [INFO]   [T01] 빌드 성공 (636KB, 55.0초)
2026-04-18 17:56:17,278 [INFO]   [T01] guide.json 생성 완료
2026-04-18 17:56:17,279 [INFO]   진행: 1/1 (성공:1 실패:0) ETA: 0.0분
2026-04-18 17:56:17,436 [INFO] catalog.json generated: 155 items (C:\todo\today\aiHardStudy\사전빌드\firmware_db\catalog.json)
2026-04-18 17:56:17,437 [INFO] 
2026-04-18 17:56:17,437 [INFO] ============================================================
2026-04-18 17:56:17,437 [INFO] 빌드 완료 리포트
2026-04-18 17:56:17,437 [INFO] ============================================================
2026-04-18 17:56:17,437 [INFO] 총 소요: 1.4분
2026-04-18 17:56:17,437 [INFO] 성공: 1/1 (100%)
2026-04-18 17:56:17,437 [INFO] 실패: 0/1
2026-04-18 17:56:17,439 [INFO] 리포트 저장: C:\todo\today\aiHardStudy\사전빌드\logs\report_20260418_175617.json
