
> cert-guide@0.1.0 build
> next build

▲ Next.js 16.1.1 (Turbopack)

  Creating an optimized production build ...
✓ Compiled successfully in 93s
  Skipping validation of types
  Collecting page data using 1 worker ...
  Generating static pages using 1 worker (0/1336) ...
  Generating static pages using 1 worker (334/1336) 
  Generating static pages using 1 worker (668/1336) 
  Generating static pages using 1 worker (1002/1336) 
✓ Generating static pages using 1 worker (1336/1336) in 12.5s
  Finalizing page optimization ...

Route (app)
┌ ○ /
├ ○ /_not-found
├ ○ /category/accounting
├ ○ /category/accounting/computerized-accounting-1
├ ○ /category/accounting/computerized-accounting-1/exam
├ ○ /category/accounting/computerized-accounting-1/study/accounting-principle
├ ○ /category/accounting/computerized-accounting-1/study/cost-accounting
├ ○ /category/accounting/computerized-accounting-1/study/practical
├ ○ /category/accounting/computerized-accounting-1/study/tax-accounting
├ ○ /category/accounting/computerized-accounting-2
├ ○ /category/accounting/computerized-accounting-2/exam
├ ○ /category/accounting/computerized-accounting-2/study/accounting-basics
├ ○ /category/accounting/computerized-accounting-2/study/practical
├ ○ /category/accounting/computerized-tax-1
├ ○ /category/accounting/computerized-tax-1/exam
├ ○ /category/accounting/computerized-tax-1/study/corporate-tax
├ ○ /category/accounting/computerized-tax-1/study/corporate-tax-practice
├ ○ /category/accounting/computerized-tax-1/study/cost-accounting
├ ○ /category/accounting/computerized-tax-1/study/financial-accounting
├ ○ /category/accounting/computerized-tax-1/study/income-tax
├ ○ /category/accounting/computerized-tax-1/study/practical
├ ○ /category/accounting/computerized-tax-1/study/vat
├ ○ /category/accounting/computerized-tax-2
├ ○ /category/accounting/computerized-tax-2/exam
├ ○ /category/accounting/computerized-tax-2/study/cost-accounting
├ ○ /category/accounting/computerized-tax-2/study/financial-accounting
├ ○ /category/accounting/computerized-tax-2/study/income-tax
├ ○ /category/accounting/computerized-tax-2/study/income-tax-practice
├ ○ /category/accounting/computerized-tax-2/study/practical
├ ○ /category/accounting/computerized-tax-2/study/vat
├ ○ /category/accounting/cpa
├ ○ /category/accounting/cpa/exam
├ ○ /category/accounting/cpa/study/accounting-theory
├ ○ /category/accounting/cpa/study/business-admin
├ ○ /category/accounting/cpa/study/commercial-law
├ ○ /category/accounting/cpa/study/cost-accounting
├ ○ /category/accounting/cpa/study/economics
├ ○ /category/accounting/cpa/study/financial-accounting
├ ○ /category/accounting/cpa/study/practical
├ ○ /category/accounting/cpa/study/tax-intro
├ ○ /category/accounting/customs-broker
├ ○ /category/accounting/customs-broker/exam
├ ○ /category/accounting/customs-broker/study/accounting
├ ○ /category/accounting/customs-broker/study/consumption-tax
├ ○ /category/accounting/customs-broker/study/customs-advanced
├ ○ /category/accounting/customs-broker/study/customs-law
├ ○ /category/accounting/customs-broker/study/practical
├ ○ /category/accounting/customs-broker/study/trade-english
├ ○ /category/accounting/fat-1
├ ○ /category/accounting/fat-1/exam
├ ○ /category/accounting/fat-1/study/accounting-principle
├ ○ /category/accounting/fat-1/study/cost-management
├ ○ /category/accounting/fat-1/study/fat1-practice
├ ○ /category/accounting/fat-1/study/financial-accounting
├ ○ /category/accounting/fat-1/study/practical
├ ○ /category/accounting/fat-1/study/tax-accounting
├ ○ /category/accounting/fat-2
├ ○ /category/accounting/fat-2/exam
├ ○ /category/accounting/fat-2/study/accounting-basics
├ ○ /category/accounting/fat-2/study/bookkeeping
├ ○ /category/accounting/fat-2/study/fat2-basics
├ ○ /category/accounting/fat-2/study/practical
├ ○ /category/accounting/tat-1
├ ○ /category/accounting/tat-1/exam
├ ○ /category/accounting/tat-1/study/cost-accounting
├ ○ /category/accounting/tat-1/study/financial-accounting
├ ○ /category/accounting/tat-1/study/practical
├ ○ /category/accounting/tat-1/study/tat1-tax
├ ○ /category/accounting/tat-1/study/tax-accounting
├ ○ /category/accounting/tat-2
├ ○ /category/accounting/tat-2/exam
├ ○ /category/accounting/tat-2/study/accounting-principles
├ ○ /category/accounting/tat-2/study/practical
├ ○ /category/accounting/tat-2/study/tat2-practice
├ ○ /category/accounting/tat-2/study/vat-basics
├ ○ /category/accounting/tax-accountant
├ ○ /category/accounting/tax-accountant/exam
├ ○ /category/accounting/tax-accountant/study/accounting-intro
├ ○ /category/accounting/tax-accountant/study/commercial-law
├ ○ /category/accounting/tax-accountant/study/fiscal-policy
├ ○ /category/accounting/tax-accountant/study/practical
├ ○ /category/accounting/tax-accountant/study/tax-law
├ ○ /category/accounting/tax-accountant/study/tax-law-advanced
├ ○ /category/accounting/tax-accountant/study/tax-law-intro
├ ○ /category/agriculture
├ ○ /category/agriculture/agri-machine-engineer
├ ○ /category/agriculture/agri-machine-engineer/exam
├ ○ /category/agriculture/agri-machine-engineer/study/design
├ ○ /category/agriculture/agri-machine-engineer/study/machine-science
├ ○ /category/agriculture/agri-machine-engineer/study/manufacturing
├ ○ /category/agriculture/agri-machine-engineer/study/power-engineering
├ ○ /category/agriculture/agri-machine-technician
├ ○ /category/agriculture/agri-machine-technician/exam
├ ○ /category/agriculture/agri-machine-technician/study/machine-science
├ ○ /category/agriculture/agri-machine-technician/study/manufacturing
├ ○ /category/agriculture/agri-machine-technician/study/power-engineering
├ ○ /category/agriculture/livestock-engineer
├ ○ /category/agriculture/livestock-engineer/exam
├ ○ /category/agriculture/livestock-engineer/study/animal-breeding
├ ○ /category/agriculture/livestock-engineer/study/animal-nutrition
├ ○ /category/agriculture/livestock-engineer/study/farm-management
├ ○ /category/agriculture/livestock-engineer/study/feed-science
├ ○ /category/agriculture/livestock-engineer/study/nutrition
├ ○ /category/agriculture/livestock-engineer/study/reproduction
├ ○ /category/agriculture/livestock-technician
├ ○ /category/agriculture/livestock-technician/exam
├ ○ /category/agriculture/livestock-technician/study/animal-breeding
├ ○ /category/agriculture/livestock-technician/study/feed-science
├ ○ /category/agriculture/livestock-technician/study/nutrition
├ ○ /category/agriculture/livestock-technician/study/reproduction
├ ○ /category/agriculture/organic-farming-engineer
├ ○ /category/agriculture/organic-farming-engineer/exam
├ ○ /category/agriculture/organic-farming-engineer/study/cultivation
├ ○ /category/agriculture/organic-farming-engineer/study/organic-farming
├ ○ /category/agriculture/organic-farming-engineer/study/organic-food
├ ○ /category/agriculture/organic-farming-engineer/study/soil-science
├ ○ /category/agriculture/organic-farming-technician
├ ○ /category/agriculture/organic-farming-technician/exam
├ ○ /category/agriculture/organic-farming-technician/study/cultivation
├ ○ /category/agriculture/organic-farming-technician/study/organic-farming
├ ○ /category/agriculture/organic-farming-technician/study/soil-science
├ ○ /category/agriculture/plant-protection-engineer
├ ○ /category/agriculture/plant-protection-engineer/exam
├ ○ /category/agriculture/plant-protection-engineer/study/cultivation
├ ○ /category/agriculture/plant-protection-engineer/study/entomology
├ ○ /category/agriculture/plant-protection-engineer/study/pesticide
├ ○ /category/agriculture/plant-protection-engineer/study/plant-pathology
├ ○ /category/agriculture/plant-protection-engineer/study/weed-science
├ ○ /category/agriculture/plant-protection-technician
├ ○ /category/agriculture/plant-protection-technician/exam
├ ○ /category/agriculture/plant-protection-technician/study/cultivation
├ ○ /category/agriculture/plant-protection-technician/study/entomology
├ ○ /category/agriculture/plant-protection-technician/study/pesticide
├ ○ /category/agriculture/plant-protection-technician/study/plant-pathology
├ ○ /category/agriculture/seed-engineer
├ ○ /category/agriculture/seed-engineer/exam
├ ○ /category/agriculture/seed-engineer/study/crop-protection
├ ○ /category/agriculture/seed-engineer/study/cultivation
├ ○ /category/agriculture/seed-engineer/study/plant-breeding
├ ○ /category/agriculture/seed-engineer/study/seed-production
├ ○ /category/agriculture/seed-technician
├ ○ /category/agriculture/seed-technician/exam
├ ○ /category/agriculture/seed-technician/study/cultivation
├ ○ /category/agriculture/seed-technician/study/plant-breeding
├ ○ /category/agriculture/seed-technician/study/seed-production
├ ○ /category/business/cpa
├ ○ /category/business/cpa/exam
├ ○ /category/business/cpa/study/accounting-theory
├ ○ /category/business/cpa/study/business-admin
├ ○ /category/business/cpa/study/commercial-law
├ ○ /category/business/cpa/study/economics
├ ○ /category/business/cpa/study/financial-accounting
├ ○ /category/business/cpa/study/practical
├ ○ /category/business/cpa/study/tax-intro
├ ○ /category/chemistry
├ ○ /category/chemistry/air-environment
├ ○ /category/chemistry/air-environment/exam
├ ○ /category/chemistry/air-environment/study/air-pollution-control
├ ○ /category/chemistry/air-environment/study/air-pollution-overview
├ ○ /category/chemistry/air-environment/study/air-testing
├ ○ /category/chemistry/air-environment/study/combustion-engineering
├ ○ /category/chemistry/air-environment/study/practical
├ ○ /category/chemistry/chemical-analyst
├ ○ /category/chemistry/chemical-analyst/exam
├ ○ /category/chemistry/chemical-analyst/study/analytical-chemistry
├ ○ /category/chemistry/chemical-analyst/study/environmental-chemistry
├ ○ /category/chemistry/chemical-analyst/study/general-chemistry
├ ○ /category/chemistry/chemical-analyst/study/instrumental-analysis
├ ○ /category/chemistry/chemical-analyst/study/practical
├ ○ /category/chemistry/environmental-engineer
├ ○ /category/chemistry/environmental-engineer/exam
├ ○ /category/chemistry/environmental-engineer/study/air-pollution
├ ○ /category/chemistry/environmental-engineer/study/environmental-engineering
├ ○ /category/chemistry/environmental-engineer/study/noise-vibration
├ ○ /category/chemistry/environmental-engineer/study/practical
├ ○ /category/chemistry/environmental-engineer/study/waste-management
├ ○ /category/chemistry/environmental-engineer/study/water-pollution
├ ○ /category/chemistry/hazardous-materials
├ ○ /category/chemistry/hazardous-materials/exam
├ ○ /category/chemistry/hazardous-materials/study/fire-prevention
├ ○ /category/chemistry/hazardous-materials/study/general-chemistry
├ ○ /category/chemistry/hazardous-materials/study/hazardous-properties
├ ○ /category/chemistry/hazardous-materials/study/practical
├ ○ /category/chemistry/water-environment
├ ○ /category/chemistry/water-environment/exam
├ ○ /category/chemistry/water-environment/study/practical
├ ○ /category/chemistry/water-environment/study/water-pollution-control
├ ○ /category/chemistry/water-environment/study/water-pollution-overview
├ ○ /category/chemistry/water-environment/study/water-testing
├ ○ /category/chemistry/water-environment/study/water-treatment
├ ○ /category/civil
├ ○ /category/civil/civil-service-5
├ ○ /category/civil/civil-service-5/exam
├ ○ /category/civil/civil-service-5/study/admin-law
├ ○ /category/civil/civil-service-5/study/admin-science
├ ○ /category/civil/civil-service-5/study/constitutional
├ ○ /category/civil/civil-service-5/study/data
├ ○ /category/civil/civil-service-5/study/economics
├ ○ /category/civil/civil-service-5/study/situation
├ ○ /category/civil/civil-service-5/study/verbal
├ ○ /category/civil/civil-service-7
├ ○ /category/civil/civil-service-7/exam
├ ○ /category/civil/civil-service-7/study/admin-law
├ ○ /category/civil/civil-service-7/study/admin-science
├ ○ /category/civil/civil-service-7/study/constitutional
├ ○ /category/civil/civil-service-7/study/economics
├ ○ /category/civil/civil-service-7/study/english
├ ○ /category/civil/civil-service-7/study/history
├ ○ /category/civil/civil-service-7/study/korean
├ ○ /category/civil/civil-service-9
├ ○ /category/civil/civil-service-9/exam
├ ○ /category/civil/civil-service-9/study/admin-intro
├ ○ /category/civil/civil-service-9/study/english
├ ○ /category/civil/civil-service-9/study/history
├ ○ /category/civil/civil-service-9/study/korean
├ ○ /category/civil/civil-service-9/study/social
├ ○ /category/civil/corrections-officer
├ ○ /category/civil/corrections-officer/exam
├ ○ /category/civil/corrections-officer/study/correction-intro
├ ○ /category/civil/corrections-officer/study/criminal-procedure
├ ○ /category/civil/corrections-officer/study/english
├ ○ /category/civil/corrections-officer/study/history
├ ○ /category/civil/corrections-officer/study/korean
├ ○ /category/civil/firefighter
├ ○ /category/civil/firefighter/exam
├ ○ /category/civil/firefighter/study/admin-law
├ ○ /category/civil/firefighter/study/fire-intro
├ ○ /category/civil/firefighter/study/fire-law
├ ○ /category/civil/local-civil-7
├ ○ /category/civil/local-civil-7/exam
├ ○ /category/civil/local-civil-7/study/admin-law
├ ○ /category/civil/local-civil-7/study/english
├ ○ /category/civil/local-civil-7/study/history
├ ○ /category/civil/local-civil-7/study/korean
├ ○ /category/civil/local-civil-7/study/local-admin
├ ○ /category/civil/local-civil-9
├ ○ /category/civil/local-civil-9/exam
├ ○ /category/civil/local-civil-9/study/english
├ ○ /category/civil/local-civil-9/study/history
├ ○ /category/civil/local-civil-9/study/korean
├ ○ /category/civil/local-civil-9/study/local-admin
├ ○ /category/civil/local-civil-9/study/social-welfare
├ ○ /category/civil/military-civil
├ ○ /category/civil/military-civil/exam
├ ○ /category/civil/military-civil/study/admin-law
├ ○ /category/civil/military-civil/study/admin-science
├ ○ /category/civil/military-civil/study/history
├ ○ /category/civil/military-civil/study/korean
├ ○ /category/civil/military-civil/study/social
├ ○ /category/civil/police-officer
├ ○ /category/civil/police-officer/exam
├ ○ /category/civil/police-officer/study/constitutional
├ ○ /category/civil/police-officer/study/criminal-law
├ ○ /category/civil/police-officer/study/police-intro
├ ○ /category/construction
├ ○ /category/construction/architect-engineer
├ ○ /category/construction/architect-engineer/exam
├ ○ /category/construction/architect-engineer/study/building-construction
├ ○ /category/construction/architect-engineer/study/building-equipment
├ ○ /category/construction/architect-engineer/study/building-planning
├ ○ /category/construction/architect-engineer/study/building-structure
├ ○ /category/construction/architect-engineer/study/practical
├ ○ /category/construction/civil-engineer
├ ○ /category/construction/civil-engineer/exam
├ ○ /category/construction/civil-engineer/study/applied-mechanics
├ ○ /category/construction/civil-engineer/study/hydraulics
├ ○ /category/construction/civil-engineer/study/practical
├ ○ /category/construction/civil-engineer/study/reinforced-concrete
├ ○ /category/construction/civil-engineer/study/soil-mechanics
├ ○ /category/construction/civil-engineer/study/surveying
├ ○ /category/construction/civil-engineer/study/water-supply
├ ○ /category/construction/construction-machine
├ ○ /category/construction/construction-machine/exam
├ ○ /category/construction/construction-machine/study/hydraulics
├ ○ /category/construction/construction-machine/study/internal-combustion
├ ○ /category/construction/construction-machine/study/machine-design
├ ○ /category/construction/construction-machine/study/material-mechanics
├ ○ /category/construction/construction-machine/study/practical
├ ○ /category/construction/construction-safety
├ ○ /category/construction/construction-safety/exam
├ ○ /category/construction/construction-safety/study/construction-materials
├ ○ /category/construction/construction-safety/study/construction-safety
├ ○ /category/construction/construction-safety/study/practical
├ ○ /category/construction/construction-safety/study/safety-law
├ ○ /category/construction/construction-safety/study/safety-management
├ ○ /category/construction/interior-architect
├ ○ /category/construction/interior-architect/exam
├ ○ /category/construction/interior-architect/study/color-lighting
├ ○ /category/construction/interior-architect/study/interior-design
├ ○ /category/construction/interior-architect/study/interior-environment
├ ○ /category/construction/interior-architect/study/interior-materials
├ ○ /category/construction/interior-architect/study/interior-planning
├ ○ /category/construction/interior-architect/study/interior-structure
├ ○ /category/construction/interior-architect/study/practical
├ ○ /category/construction/surveying-geo
├ ○ /category/construction/surveying-geo/exam
├ ○ /category/construction/surveying-geo/study/cadastral
├ ○ /category/construction/surveying-geo/study/geodesy
├ ○ /category/construction/surveying-geo/study/gis
├ ○ /category/construction/surveying-geo/study/photogrammetry
├ ○ /category/construction/surveying-geo/study/practical
├ ○ /category/construction/surveying-geo/study/surveying-basics
├ ○ /category/design
├ ○ /category/design/colorist-engineer
├ ○ /category/design/colorist-engineer/exam
├ ○ /category/design/colorist-engineer/study/color-basics
├ ○ /category/design/colorist-engineer/study/color-harmony
├ ○ /category/design/colorist-engineer/study/color-planning
├ ○ /category/design/colorist-engineer/study/color-psychology
├ ○ /category/design/colorist-engineer/study/color-system
├ ○ /category/design/colorist-technician
├ ○ /category/design/colorist-technician/exam
├ ○ /category/design/colorist-technician/study/color-application
├ ○ /category/design/colorist-technician/study/color-contrast
├ ○ /category/design/colorist-technician/study/color-practice
├ ○ /category/design/colorist-technician/study/color-scheme
├ ○ /category/design/colorist-technician/study/color-theory
├ ○ /category/design/colorist-technician/study/color-theory-tech
├ ○ /category/design/computer-graphics
├ ○ /category/design/computer-graphics/exam
├ ○ /category/design/computer-graphics/study/color-drawing
├ ○ /category/design/computer-graphics/study/computer-graphics
├ ○ /category/design/computer-graphics/study/design-material
├ ○ /category/design/computer-graphics/study/industrial-design
├ ○ /category/design/gtq
├ ○ /category/design/gtq/exam
├ ○ /category/design/gtq/study/gtq-practical
├ ○ /category/design/gtq/study/ps-composite
├ ○ /category/design/gtq/study/ps-editing
├ ○ /category/design/gtq/study/ps-tools
├ ○ /category/design/gtqi
├ ○ /category/design/gtqi/exam
├ ○ /category/design/gtqi/study/ai-advanced
├ ○ /category/design/gtqi/study/ai-basics
├ ○ /category/design/gtqi/study/ai-path
├ ○ /category/design/gtqi/study/gtqi-practical
├ ○ /category/design/product-design-engineer
├ ○ /category/design/product-design-engineer/exam
├ ○ /category/design/product-design-engineer/study/cad-cam
├ ○ /category/design/product-design-engineer/study/human-factors
├ ○ /category/design/product-design-engineer/study/material-process
├ ○ /category/design/product-design-engineer/study/product-design-theory
├ ○ /category/design/product-design-technician
├ ○ /category/design/product-design-technician/exam
├ ○ /category/design/product-design-technician/study/cad-practice
├ ○ /category/design/product-design-technician/study/design-basics
├ ○ /category/design/product-design-technician/study/form-basics
├ ○ /category/design/product-design-technician/study/human-factors
├ ○ /category/design/product-design-technician/study/material-process
├ ○ /category/design/visual-design-engineer
├ ○ /category/design/visual-design-engineer/exam
├ ○ /category/design/visual-design-engineer/study/advertising
├ ○ /category/design/visual-design-engineer/study/color-science
├ ○ /category/design/visual-design-engineer/study/typography
├ ○ /category/design/visual-design-engineer/study/visual-design-theory
├ ○ /category/design/visual-design-technician
├ ○ /category/design/visual-design-technician/exam
├ ○ /category/design/visual-design-technician/study/color-theory
├ ○ /category/design/visual-design-technician/study/design-general
├ ○ /category/design/visual-design-technician/study/visual-design
├ ○ /category/design/web-design
├ ○ /category/design/web-design/exam
├ ○ /category/design/web-design/study/design-general
├ ○ /category/design/web-design/study/internet-general
├ ○ /category/design/web-design/study/web-graphic-design
├ ○ /category/driving
├ ○ /category/driving/boat-license
├ ○ /category/driving/boat-license/exam
├ ○ /category/driving/boat-license/study/engine
├ ○ /category/driving/boat-license/study/maritime-law
├ ○ /category/driving/boat-license/study/navigation
├ ○ /category/driving/boat-license/study/seamanship
├ ○ /category/driving/crane-license
├ ○ /category/driving/crane-license/exam
├ ○ /category/driving/crane-license/study/crane-safety
├ ○ /category/driving/crane-license/study/crane-theory
├ ○ /category/driving/driver-license-1-large
├ ○ /category/driving/driver-license-1-large/exam
├ ○ /category/driving/driver-license-1-large/study/large-driving
├ ○ /category/driving/driver-license-1-large/study/large-vehicle-law
├ ○ /category/driving/driver-license-1-large/study/practical
├ ○ /category/driving/driver-license-1-large/study/safe-driving
├ ○ /category/driving/driver-license-1-large/study/traffic-law
├ ○ /category/driving/driver-license-1-large/study/vehicle-structure
├ ○ /category/driving/driver-license-1-normal
├ ○ /category/driving/driver-license-1-normal/exam
├ ○ /category/driving/driver-license-1-normal/study/practical
├ ○ /category/driving/driver-license-1-normal/study/safe-driving
├ ○ /category/driving/driver-license-1-normal/study/traffic-law
├ ○ /category/driving/driver-license-1-normal/study/vehicle-structure
├ ○ /category/driving/driver-license-1-special
├ ○ /category/driving/driver-license-1-special/exam
├ ○ /category/driving/driver-license-1-special/study/practical
├ ○ /category/driving/driver-license-1-special/study/safe-driving
├ ○ /category/driving/driver-license-1-special/study/special-vehicle
├ ○ /category/driving/driver-license-1-special/study/traffic-law
├ ○ /category/driving/driver-license-1-special/study/vehicle-structure
├ ○ /category/driving/driver-license-2-normal
├ ○ /category/driving/driver-license-2-normal/exam
├ ○ /category/driving/driver-license-2-normal/study/practical
├ ○ /category/driving/driver-license-2-normal/study/safe-driving
├ ○ /category/driving/driver-license-2-normal/study/traffic-law
├ ○ /category/driving/driver-license-2-normal/study/vehicle-structure
├ ○ /category/driving/excavator-license
├ ○ /category/driving/excavator-license/exam
├ ○ /category/driving/excavator-license/study/excavator-safety
├ ○ /category/driving/excavator-license/study/excavator-theory
├ ○ /category/driving/forklift-license
├ ○ /category/driving/forklift-license/exam
├ ○ /category/driving/forklift-license/study/forklift-safety
├ ○ /category/driving/forklift-license/study/forklift-theory
├ ○ /category/driving/light-sport-pilot
├ ○ /category/driving/light-sport-pilot/exam
├ ○ /category/driving/light-sport-pilot/study/aviation-law
├ ○ /category/driving/light-sport-pilot/study/flight-theory
├ ○ /category/driving/light-sport-pilot/study/meteorology
├ ○ /category/driving/light-sport-pilot/study/navigation
├ ○ /category/driving/pilot-license-airline
├ ○ /category/driving/pilot-license-airline/exam
├ ○ /category/driving/pilot-license-airline/study/aviation-law
├ ○ /category/driving/pilot-license-airline/study/flight-theory
├ ○ /category/driving/pilot-license-airline/study/meteorology
├ ○ /category/driving/pilot-license-airline/study/navigation
├ ○ /category/driving/pilot-license-commercial
├ ○ /category/driving/pilot-license-commercial/exam
├ ○ /category/driving/pilot-license-commercial/study/aviation-law
├ ○ /category/driving/pilot-license-commercial/study/flight-theory
├ ○ /category/driving/pilot-license-commercial/study/meteorology
├ ○ /category/driving/pilot-license-commercial/study/navigation
├ ○ /category/driving/pilot-license-private
├ ○ /category/driving/pilot-license-private/exam
├ ○ /category/driving/pilot-license-private/study/aviation-law
├ ○ /category/driving/pilot-license-private/study/flight-theory
├ ○ /category/driving/pilot-license-private/study/meteorology
├ ○ /category/driving/pilot-license-private/study/navigation
├ ○ /category/driving/yacht-license
├ ○ /category/driving/yacht-license/exam
├ ○ /category/driving/yacht-license/study/maritime-law
├ ○ /category/driving/yacht-license/study/navigation
├ ○ /category/driving/yacht-license/study/water-safety
├ ○ /category/driving/yacht-license/study/yacht-operation
├ ○ /category/education
├ ○ /category/education/career-counselor-1
├ ○ /category/education/career-counselor-1/exam
├ ○ /category/education/career-counselor-1/study/advanced-counseling
├ ○ /category/education/career-counselor-1/study/advanced-job-info
├ ○ /category/education/career-counselor-1/study/advanced-psychology
├ ○ /category/education/career-counselor-1/study/labor-law
├ ○ /category/education/career-counselor-1/study/labor-market
├ ○ /category/education/career-counselor-1/study/practical
├ ○ /category/education/career-counselor-2
├ ○ /category/education/career-counselor-2/exam
├ ○ /category/education/career-counselor-2/study/counseling
├ ○ /category/education/career-counselor-2/study/job-information
├ ○ /category/education/career-counselor-2/study/labor-law
├ ○ /category/education/career-counselor-2/study/labor-market
├ ○ /category/education/career-counselor-2/study/practical
├ ○ /category/education/career-counselor-2/study/psychology
├ ○ /category/education/kindergarten-teacher
├ ○ /category/education/kindergarten-teacher/exam
├ ○ /category/education/kindergarten-teacher/study/child-development
├ ○ /category/education/kindergarten-teacher/study/curriculum
├ ○ /category/education/kindergarten-teacher/study/early-childhood-education
├ ○ /category/education/kindergarten-teacher/study/interview
├ ○ /category/education/kindergarten-teacher/study/teaching-methods
├ ○ /category/education/librarian-teacher
├ ○ /category/education/librarian-teacher/exam
├ ○ /category/education/librarian-teacher/study/information-organization
├ ○ /category/education/librarian-teacher/study/information-service
├ ○ /category/education/librarian-teacher/study/library-management
├ ○ /category/education/librarian-teacher/study/reading-education
├ ○ /category/education/librarian-teacher/study/school-library
├ ○ /category/education/lifelong-educator-1
├ ○ /category/education/lifelong-educator-1/exam
├ ○ /category/education/lifelong-educator-1/study/lifelong-education
├ ○ /category/education/lifelong-educator-1/study/management
├ ○ /category/education/lifelong-educator-1/study/methodology
├ ○ /category/education/lifelong-educator-1/study/practical
├ ○ /category/education/lifelong-educator-1/study/program-development
├ ○ /category/education/lifelong-educator-2
├ ○ /category/education/lifelong-educator-2/exam
├ ○ /category/education/lifelong-educator-2/study/lifelong-education
├ ○ /category/education/lifelong-educator-2/study/management
├ ○ /category/education/lifelong-educator-2/study/methodology
├ ○ /category/education/lifelong-educator-2/study/practical
├ ○ /category/education/lifelong-educator-2/study/program-development
├ ○ /category/education/teacher-certificate
├ ○ /category/education/teacher-certificate/exam
├ ○ /category/education/teacher-certificate/study/class-demonstration
├ ○ /category/education/teacher-certificate/study/education-theory
├ ○ /category/education/teacher-certificate/study/interview
├ ○ /category/education/teacher-certificate/study/major-subject
├ ○ /category/education/teacher-certificate/study/teaching-essay
├ ○ /category/education/youth-instructor-1
├ ○ /category/education/youth-instructor-1/exam
├ ○ /category/education/youth-instructor-1/study/institution-management
├ ○ /category/education/youth-instructor-1/study/instructor-theory
├ ○ /category/education/youth-instructor-1/study/policy
├ ○ /category/education/youth-instructor-1/study/practical
├ ○ /category/education/youth-instructor-1/study/research-method
├ ○ /category/education/youth-instructor-1/study/rights-participation
├ ○ /category/education/youth-instructor-2
├ ○ /category/education/youth-instructor-2/exam
├ ○ /category/education/youth-instructor-2/study/instruction-method
├ ○ /category/education/youth-instructor-2/study/practical
├ ○ /category/education/youth-instructor-2/study/psychology-counseling
├ ○ /category/education/youth-instructor-2/study/youth-activity
├ ○ /category/education/youth-instructor-2/study/youth-culture
├ ○ /category/education/youth-instructor-2/study/youth-policy
├ ○ /category/electronic
├ ○ /category/finance
├ ○ /category/finance/credit-analyst
├ ○ /category/finance/credit-analyst/exam
├ ○ /category/finance/credit-analyst/study/accounting
├ ○ /category/finance/credit-analyst/study/accounting-principles
├ ○ /category/finance/credit-analyst/study/corporate-analysis
├ ○ /category/finance/credit-analyst/study/credit-analysis
├ ○ /category/finance/credit-analyst/study/financial-accounting
├ ○ /category/finance/derivatives-advisor
├ ○ /category/finance/derivatives-advisor/exam
├ ○ /category/finance/derivatives-advisor/study/derivatives-1
├ ○ /category/finance/derivatives-advisor/study/derivatives-2
├ ○ /category/finance/derivatives-advisor/study/derivatives-basic
├ ○ /category/finance/derivatives-advisor/study/derivatives-law-ethics
├ ○ /category/finance/financial-risk-manager
├ ○ /category/finance/financial-risk-manager/exam
├ ○ /category/finance/financial-risk-manager/study/credit-risk
├ ○ /category/finance/financial-risk-manager/study/market-risk
├ ○ /category/finance/financial-risk-manager/study/operational-risk
├ ○ /category/finance/financial-risk-manager/study/risk-management
├ ○ /category/finance/financial-risk-manager/study/risk-management-basics
├ ○ /category/finance/fp
├ ○ /category/finance/fp/exam
├ ○ /category/finance/fp/study/financial-planning
├ ○ /category/finance/fp/study/insurance-planning
├ ○ /category/finance/fp/study/investment-planning
├ ○ /category/finance/fp/study/tax-planning
├ ○ /category/finance/fund-advisor
├ ○ /category/finance/fund-advisor/exam
├ ○ /category/finance/fund-advisor/study/fund-basics
├ ○ /category/finance/fund-advisor/study/fund-general
├ ○ /category/finance/fund-advisor/study/fund-law-ethics
├ ○ /category/finance/fund-advisor/study/investment-recommendation
├ ○ /category/finance/real-estate-agent
├ ○ /category/finance/real-estate-agent/exam
├ ○ /category/finance/real-estate-agent/study/broker-law
├ ○ /category/finance/real-estate-agent/study/civil-law
├ ○ /category/finance/real-estate-agent/study/practical
├ ○ /category/finance/real-estate-agent/study/public-law
├ ○ /category/finance/real-estate-agent/study/real-estate-intro
├ ○ /category/finance/real-estate-agent/study/registration-tax
├ ○ /category/finance/securities-advisor
├ ○ /category/finance/securities-advisor/exam
├ ○ /category/finance/securities-advisor/study/investment-products
├ ○ /category/finance/securities-advisor/study/investment-recommendation
├ ○ /category/finance/securities-advisor/study/securities-analysis
├ ○ /category/finance/securities-advisor/study/securities-law-ethics
├ ○ /category/insurance
├ ○ /category/insurance/actuary
├ ○ /category/insurance/actuary/exam
├ ○ /category/insurance/actuary/study/accounting
├ ○ /category/insurance/actuary/study/actuarial-math
├ ○ /category/insurance/actuary/study/economics
├ ○ /category/insurance/actuary/study/insurance-business
├ ○ /category/insurance/actuary/study/insurance-law
├ ○ /category/insurance/actuary/study/insurance-math
├ ○ /category/insurance/actuary/study/product-design
├ ○ /category/insurance/actuary/study/risk-management
├ ○ /category/insurance/damage-assessor
├ ○ /category/insurance/damage-assessor/exam
├ ○ /category/insurance/damage-assessor/study/agriculture-intro
├ ○ /category/insurance/damage-assessor/study/assessment-practice
├ ○ /category/insurance/damage-assessor/study/commercial-law
├ ○ /category/insurance/damage-assessor/study/crop-damage
├ ○ /category/insurance/damage-assessor/study/crop-insurance
├ ○ /category/insurance/damage-assessor/study/insurance-law
├ ○ /category/insurance/damage-assessor/study/livestock-insurance
├ ○ /category/insurance/housing-manager
├ ○ /category/insurance/housing-manager/exam
├ ○ /category/insurance/housing-manager/study/accounting
├ ○ /category/insurance/housing-manager/study/accounting-practice
├ ○ /category/insurance/housing-manager/study/civil-law
├ ○ /category/insurance/housing-manager/study/facility-intro
├ ○ /category/insurance/housing-manager/study/facility-management
├ ○ /category/insurance/housing-manager/study/housing-law
├ ○ /category/insurance/housing-manager/study/practical
├ ○ /category/insurance/insurance-broker
├ ○ /category/insurance/insurance-broker/exam
├ ○ /category/insurance/insurance-broker/study/brokerage-practice
├ ○ /category/insurance/insurance-broker/study/insurance-business
├ ○ /category/insurance/insurance-broker/study/insurance-law
├ ○ /category/insurance/insurance-broker/study/insurance-theory
├ ○ /category/insurance/insurance-broker/study/risk-consulting
├ ○ /category/insurance/insurance-broker/study/risk-management
├ ○ /category/insurance/insurance-broker/study/underwriting
├ ○ /category/insurance/loss-adjuster
├ ○ /category/insurance/loss-adjuster/exam
├ ○ /category/insurance/loss-adjuster/study/auto-assessment
├ ○ /category/insurance/loss-adjuster/study/auto-loss
├ ○ /category/insurance/loss-adjuster/study/body-assessment
├ ○ /category/insurance/loss-adjuster/study/damage-assessment
├ ○ /category/insurance/loss-adjuster/study/insurance-law
├ ○ /category/insurance/loss-adjuster/study/insurance-theory
├ ○ /category/insurance/loss-adjuster/study/loss-adjustment-theory
├ ○ /category/insurance/loss-adjuster/study/property-assessment
├ ○ /category/insurance/loss-adjuster/study/property-loss
├ ○ /category/it
├ ○ /category/it/adsp
├ ○ /category/it/adsp/exam
├ ○ /category/it/adsp/study/data-analysis
├ ○ /category/it/adsp/study/data-planning
├ ○ /category/it/adsp/study/data-understanding
├ ○ /category/it/adsp/study/practical
├ ○ /category/it/big-data-analyst
├ ○ /category/it/big-data-analyst/exam
├ ○ /category/it/big-data-analyst/study
├ ○ /category/it/big-data-analyst/study/exploration
├ ○ /category/it/big-data-analyst/study/interpretation
├ ○ /category/it/big-data-analyst/study/modeling
├ ○ /category/it/big-data-analyst/study/planning
├ ○ /category/it/big-data-analyst/study/practical
├ ○ /category/it/computer-organization
├ ○ /category/it/computer-organization/exam
├ ○ /category/it/computer-organization/study/computer-architecture
├ ○ /category/it/computer-organization/study/data-communication
├ ○ /category/it/computer-organization/study/data-structure
├ ○ /category/it/computer-organization/study/database
├ ○ /category/it/computer-organization/study/information-system
├ ○ /category/it/computer-organization/study/operating-system
├ ○ /category/it/computer-organization/study/practical
├ ○ /category/it/computer-organization/study/software-engineering
├ ○ /category/it/computer-system-pro
├ ○ /category/it/computer-system-pro/exam
├ ○ /category/it/computer-system-pro/study/distributed-system
├ ○ /category/it/computer-system-pro/study/emerging-tech
├ ○ /category/it/computer-system-pro/study/os-kernel
├ ○ /category/it/computer-system-pro/study/performance
├ ○ /category/it/computer-system-pro/study/practical
├ ○ /category/it/computer-system-pro/study/system-architecture
├ ○ /category/it/computer-system-pro/study/system-design
├ ○ /category/it/information-management-pro
├ ○ /category/it/information-management-pro/exam
├ ○ /category/it/information-management-pro/study/data-architecture
├ ○ /category/it/information-management-pro/study/emerging-tech
├ ○ /category/it/information-management-pro/study/information-strategy
├ ○ /category/it/information-management-pro/study/it-strategy
├ ○ /category/it/information-management-pro/study/practical
├ ○ /category/it/information-management-pro/study/project-management
├ ○ /category/it/information-management-pro/study/sw-engineering
├ ○ /category/it/information-processor
├ ○ /category/it/information-processor/exam
├ ○ /category/it/information-processor/study/database
├ ○ /category/it/information-processor/study/practical
├ ○ /category/it/information-processor/study/programming
├ ○ /category/it/information-processor/study/software-design
├ ○ /category/it/information-processor/study/software-development
├ ○ /category/it/information-processor/study/system-management
├ ○ /category/it/information-security
├ ○ /category/it/information-security/exam
├ ○ /category/it/information-security/study/application-security
├ ○ /category/it/information-security/study/cryptography
├ ○ /category/it/information-security/study/network-security
├ ○ /category/it/information-security/study/practical
├ ○ /category/it/information-security/study/security-general
├ ○ /category/it/information-security/study/security-management
├ ○ /category/it/information-security/study/system-security
├ ○ /category/it/linux-master
├ ○ /category/it/linux-master/exam
├ ○ /category/it/linux-master/study/linux-basics
├ ○ /category/it/linux-master/study/network-admin
├ ○ /category/it/linux-master/study/practical
├ ○ /category/it/linux-master/study/system-admin
├ ○ /category/it/network-admin
├ ○ /category/it/network-admin/exam
├ ○ /category/it/network-admin/study/network-equipment
├ ○ /category/it/network-admin/study/network-theory
├ ○ /category/it/network-admin/study/practical
├ ○ /category/it/network-admin/study/protocol
├ ○ /category/it/sqld
├ ○ /category/it/sqld/exam
├ ○ /category/it/sqld/study/data-modeling
├ ○ /category/it/sqld/study/practical
├ ○ /category/it/sqld/study/sql-advanced
├ ○ /category/it/sqld/study/sql-basic
├ ○ /category/language
├ ○ /category/language/hsk
├ ○ /category/language/hsk/exam
├ ○ /category/language/hsk/study/listening
├ ○ /category/language/hsk/study/practical
├ ○ /category/language/hsk/study/reading
├ ○ /category/language/hsk/study/writing
├ ○ /category/language/jlpt
├ ○ /category/language/jlpt/exam
├ ○ /category/language/jlpt/study/grammar
├ ○ /category/language/jlpt/study/listening
├ ○ /category/language/jlpt/study/practical
├ ○ /category/language/jlpt/study/reading
├ ○ /category/language/jlpt/study/vocabulary
├ ○ /category/language/jpt
├ ○ /category/language/jpt/exam
├ ○ /category/language/jpt/study/listening
├ ○ /category/language/jpt/study/practical
├ ○ /category/language/jpt/study/reading
├ ○ /category/language/opic
├ ○ /category/language/opic/exam
├ ○ /category/language/opic/study/introduction
├ ○ /category/language/opic/study/practical
├ ○ /category/language/opic/study/roleplay
├ ○ /category/language/opic/study/topics
├ ○ /category/language/teps
├ ○ /category/language/teps/exam
├ ○ /category/language/teps/study/grammar
├ ○ /category/language/teps/study/listening
├ ○ /category/language/teps/study/practical
├ ○ /category/language/teps/study/reading
├ ○ /category/language/teps/study/vocabulary
├ ○ /category/language/toeic
├ ○ /category/language/toeic-speaking
├ ○ /category/language/toeic-speaking/exam
├ ○ /category/language/toeic-speaking/study/practical
├ ○ /category/language/toeic-speaking/study/speaking
├ ○ /category/language/toeic/exam
├ ○ /category/language/toeic/study/listening
├ ○ /category/language/toeic/study/practical
├ ○ /category/language/toeic/study/reading
├ ○ /category/language/topik
├ ○ /category/language/topik/exam
├ ○ /category/language/topik/study/listening
├ ○ /category/language/topik/study/practical
├ ○ /category/language/topik/study/reading
├ ○ /category/language/topik/study/writing
├ ○ /category/legal
├ ○ /category/legal/appraiser
├ ○ /category/legal/appraiser/exam
├ ○ /category/legal/appraiser/study/accounting
├ ○ /category/legal/appraiser/study/appraisal-law
├ ○ /category/legal/appraiser/study/appraisal-theory
├ ○ /category/legal/appraiser/study/civil-law
├ ○ /category/legal/appraiser/study/economics
├ ○ /category/legal/appraiser/study/practical
├ ○ /category/legal/judicial-scrivener
├ ○ /category/legal/judicial-scrivener/exam
├ ○ /category/legal/judicial-scrivener/study/civil-execution
├ ○ /category/legal/judicial-scrivener/study/civil-law
├ ○ /category/legal/judicial-scrivener/study/commercial-law
├ ○ /category/legal/judicial-scrivener/study/practical
├ ○ /category/legal/judicial-scrivener/study/real-estate-registration
├ ○ /category/legal/labor-attorney
├ ○ /category/legal/labor-attorney/exam
├ ○ /category/legal/labor-attorney/study/business-organization
├ ○ /category/legal/labor-attorney/study/civil-law
├ ○ /category/legal/labor-attorney/study/hr-management
├ ○ /category/legal/labor-attorney/study/labor-economics
├ ○ /category/legal/labor-attorney/study/labor-law
├ ○ /category/legal/labor-attorney/study/social-insurance
├ ○ /category/legal/patent-attorney
├ ○ /category/legal/patent-attorney/exam
├ ○ /category/legal/patent-attorney/study/civil-law
├ ○ /category/legal/patent-attorney/study/civil-procedure
├ ○ /category/legal/patent-attorney/study/industrial-property
├ ○ /category/legal/patent-attorney/study/natural-science
├ ○ /category/legal/patent-attorney/study/patent-law
├ ○ /category/legal/patent-attorney/study/trademark-law
├ ○ /category/mechanical
├ ○ /category/mechanical/control-engineer
├ ○ /category/mechanical/control-engineer/exam
├ ○ /category/mechanical/control-engineer/study/control
├ ○ /category/mechanical/control-engineer/study/electronics
├ ○ /category/mechanical/control-engineer/study/instrumentation
├ ○ /category/mechanical/control-engineer/study/practical
├ ○ /category/mechanical/control-engineer/study/process
├ ○ /category/mechanical/crane-operator
├ ○ /category/mechanical/crane-operator/exam
├ ○ /category/mechanical/crane-operator/study/construction-machinery
├ ○ /category/mechanical/crane-operator/study/crane-operation
├ ○ /category/mechanical/crane-operator/study/practical
├ ○ /category/mechanical/crane-operator/study/safety-management
├ ○ /category/mechanical/electric-craftsman
├ ○ /category/mechanical/electric-craftsman/exam
├ ○ /category/mechanical/electric-craftsman/study/circuit
├ ○ /category/mechanical/electric-craftsman/study/electromagnetics
├ ○ /category/mechanical/electric-craftsman/study/machinery
├ ○ /category/mechanical/electric-craftsman/study/power
├ ○ /category/mechanical/electric-craftsman/study/practical
├ ○ /category/mechanical/electric-engineer
├ ○ /category/mechanical/electric-engineer/exam
├ ○ /category/mechanical/electric-engineer/study/circuit-control
├ ○ /category/mechanical/electric-engineer/study/electromagnetics
├ ○ /category/mechanical/electric-engineer/study/machinery
├ ○ /category/mechanical/electric-engineer/study/power-engineering
├ ○ /category/mechanical/electric-engineer/study/practical
├ ○ /category/mechanical/electric-engineer/study/standards
├ ○ /category/mechanical/electrical-work-engineer
├ ○ /category/mechanical/electrical-work-engineer/exam
├ ○ /category/mechanical/electrical-work-engineer/study/distribution-equipment
├ ○ /category/mechanical/electrical-work-engineer/study/electrical-application
├ ○ /category/mechanical/electrical-work-engineer/study/electrical-equipment
├ ○ /category/mechanical/electrical-work-engineer/study/electrical-machine
├ ○ /category/mechanical/electrical-work-engineer/study/practical
├ ○ /category/mechanical/electrician-technician
├ ○ /category/mechanical/electrician-technician/exam
├ ○ /category/mechanical/electrician-technician/study/electrical-installation
├ ○ /category/mechanical/electrician-technician/study/electrical-machine
├ ○ /category/mechanical/electrician-technician/study/electrical-theory
├ ○ /category/mechanical/electrician-technician/study/practical
├ ○ /category/mechanical/excavator-operator
├ ○ /category/mechanical/excavator-operator/exam
├ ○ /category/mechanical/excavator-operator/study/construction-machinery
├ ○ /category/mechanical/excavator-operator/study/excavator-operation
├ ○ /category/mechanical/excavator-operator/study/practical
├ ○ /category/mechanical/excavator-operator/study/safety-management
├ ○ /category/mechanical/forklift-operator
├ ○ /category/mechanical/forklift-operator/exam
├ ○ /category/mechanical/forklift-operator/study/construction-machinery
├ ○ /category/mechanical/forklift-operator/study/forklift-operation
├ ○ /category/mechanical/forklift-operator/study/practical
├ ○ /category/mechanical/forklift-operator/study/safety-management
├ ○ /category/mechanical/mechanical-craftsman
├ ○ /category/mechanical/mechanical-craftsman/exam
├ ○ /category/mechanical/mechanical-craftsman/study/design
├ ○ /category/mechanical/mechanical-craftsman/study/drawing
├ ○ /category/mechanical/mechanical-craftsman/study/manufacturing
├ ○ /category/mechanical/mechanical-craftsman/study/material
├ ○ /category/mechanical/mechanical-craftsman/study/practical
├ ○ /category/mechanical/mechanical-engineer
├ ○ /category/mechanical/mechanical-engineer/exam
├ ○ /category/mechanical/mechanical-engineer/study/design
├ ○ /category/mechanical/mechanical-engineer/study/fluid
├ ○ /category/mechanical/mechanical-engineer/study/manufacturing
├ ○ /category/mechanical/mechanical-engineer/study/mechanics
├ ○ /category/mechanical/mechanical-engineer/study/practical
├ ○ /category/mechanical/mechanical-engineer/study/thermodynamics
├ ○ /category/mechanical/solar-power-engineer
├ ○ /category/mechanical/solar-power-engineer/exam
├ ○ /category/mechanical/solar-power-engineer/study
├ ○ /category/mechanical/solar-power-engineer/study/construction
├ ○ /category/mechanical/solar-power-engineer/study/electrical-equipment
├ ○ /category/mechanical/solar-power-engineer/study/photovoltaics
├ ○ /category/mechanical/solar-power-engineer/study/power-systems
├ ○ /category/mechanical/solar-power-engineer/study/practical
├ ○ /category/mechanical/solar-power-engineer/study/standards
├ ○ /category/mechanical/welding-engineer
├ ○ /category/mechanical/welding-engineer/exam
├ ○ /category/mechanical/welding-engineer/study/design
├ ○ /category/mechanical/welding-engineer/study/inspection
├ ○ /category/mechanical/welding-engineer/study/metallurgy
├ ○ /category/mechanical/welding-engineer/study/practical
├ ○ /category/mechanical/welding-engineer/study/process
├ ○ /category/mechanical/wind-power-engineer
├ ○ /category/mechanical/wind-power-engineer/exam
├ ○ /category/mechanical/wind-power-engineer/study
├ ○ /category/mechanical/wind-power-engineer/study/construction
├ ○ /category/mechanical/wind-power-engineer/study/design
├ ○ /category/mechanical/wind-power-engineer/study/power-systems
├ ○ /category/mechanical/wind-power-engineer/study/practical
├ ○ /category/mechanical/wind-power-engineer/study/standards
├ ○ /category/mechanical/wind-power-engineer/study/wind-turbine
├ ○ /category/medical
├ ○ /category/medical/health-educator-1
├ ○ /category/medical/health-educator-1/exam
├ ○ /category/medical/health-educator-1/study/health-education-theory
├ ○ /category/medical/health-educator-1/study/health-policy
├ ○ /category/medical/health-educator-1/study/health-promotion
├ ○ /category/medical/health-educator-1/study/practical
├ ○ /category/medical/health-educator-1/study/program-planning
├ ○ /category/medical/health-educator-2
├ ○ /category/medical/health-educator-2/exam
├ ○ /category/medical/health-educator-2/study/community-health
├ ○ /category/medical/health-educator-2/study/health-behavior
├ ○ /category/medical/health-educator-2/study/health-communication
├ ○ /category/medical/health-educator-2/study/health-education-intro
├ ○ /category/medical/health-educator-2/study/practical
├ ○ /category/medical/health-educator-3
├ ○ /category/medical/health-educator-3/exam
├ ○ /category/medical/health-educator-3/study/health-education-basics
├ ○ /category/medical/health-educator-3/study/health-psychology
├ ○ /category/medical/health-educator-3/study/practical
├ ○ /category/medical/health-educator-3/study/public-health
├ ○ /category/medical/mental-health-nurse
├ ○ /category/medical/mental-health-nurse/exam
├ ○ /category/medical/mental-health-nurse/study/mental-health-theory
├ ○ /category/medical/mental-health-nurse/study/practical
├ ○ /category/medical/mental-health-nurse/study/psychiatric-nursing
├ ○ /category/medical/mental-health-nurse/study/psychopharmacology
├ ○ /category/medical/mental-health-nurse/study/therapeutic-communication
├ ○ /category/medical/paramedic-1
├ ○ /category/medical/paramedic-1/exam
├ ○ /category/medical/paramedic-1/study/anatomy-physiology
├ ○ /category/medical/paramedic-1/study/cardiac-care
├ ○ /category/medical/paramedic-1/study/emergency-medicine
├ ○ /category/medical/paramedic-1/study/pharmacology
├ ○ /category/medical/paramedic-1/study/practical
├ ○ /category/medical/paramedic-1/study/trauma-care
├ ○ /category/medical/paramedic-2
├ ○ /category/medical/paramedic-2/exam
├ ○ /category/medical/paramedic-2/study/cpr-aed
├ ○ /category/medical/paramedic-2/study/first-aid
├ ○ /category/medical/paramedic-2/study/patient-assessment
├ ○ /category/medical/paramedic-2/study/practical
├ ○ /category/medical/paramedic-2/study/transport
├ ○ /category/office
├ ○ /category/office/computer-skills-1
├ ○ /category/office/computer-skills-1/exam
├ ○ /category/office/computer-skills-1/study/computer-general
├ ○ /category/office/computer-skills-1/study/database
├ ○ /category/office/computer-skills-1/study/database-1
├ ○ /category/office/computer-skills-1/study/database-practical
├ ○ /category/office/computer-skills-1/study/spreadsheet
├ ○ /category/office/computer-skills-1/study/spreadsheet-1
├ ○ /category/office/computer-skills-1/study/spreadsheet-practical
├ ○ /category/office/computer-skills-2
├ ○ /category/office/computer-skills-2/exam
├ ○ /category/office/computer-skills-2/study/computer-general
├ ○ /category/office/computer-skills-2/study/spreadsheet
├ ○ /category/office/computer-skills-2/study/spreadsheet-practical
├ ○ /category/office/ecommerce-1
├ ○ /category/office/ecommerce-1/exam
├ ○ /category/office/ecommerce-1/study/ec-law
├ ○ /category/office/ecommerce-1/study/ec-operation
├ ○ /category/office/ecommerce-1/study/ec-planning
├ ○ /category/office/ecommerce-1/study/ec-system
├ ○ /category/office/ecommerce-1/study/practical
├ ○ /category/office/ecommerce-2
├ ○ /category/office/ecommerce-2/exam
├ ○ /category/office/ecommerce-2/study/ec-basics
├ ○ /category/office/ecommerce-2/study/ec-marketing
├ ○ /category/office/ecommerce-2/study/ec-tech
├ ○ /category/office/ecommerce-2/study/practical
├ ○ /category/office/office-automation
├ ○ /category/office/office-automation/exam
├ ○ /category/office/office-automation/study/info-comm
├ ○ /category/office/office-automation/study/oa-system
├ ○ /category/office/office-automation/study/office-management
├ ○ /category/office/office-automation/study/practical
├ ○ /category/office/office-automation/study/programming
├ ○ /category/office/secretary-1
├ ○ /category/office/secretary-1/exam
├ ○ /category/office/secretary-1/study/office-english
├ ○ /category/office/secretary-1/study/office-info
├ ○ /category/office/secretary-1/study/office-management
├ ○ /category/office/secretary-1/study/practical
├ ○ /category/office/secretary-1/study/secretary-theory
├ ○ /category/office/secretary-2
├ ○ /category/office/secretary-2/exam
├ ○ /category/office/secretary-2/study/office-apps
├ ○ /category/office/secretary-2/study/office-english
├ ○ /category/office/secretary-2/study/practical
├ ○ /category/office/secretary-2/study/secretary-basics
├ ○ /category/office/secretary-3
├ ○ /category/office/secretary-3/exam
├ ○ /category/office/secretary-3/study/office-manner
├ ○ /category/office/secretary-3/study/practical
├ ○ /category/office/secretary-3/study/secretary-basic
├ ○ /category/office/word-processor
├ ○ /category/office/word-processor/exam
├ ○ /category/office/word-processor/study/pc-basic
├ ○ /category/office/word-processor/study/word-practical
├ ○ /category/office/word-processor/study/word-theory
├ ○ /category/real-estate/appraiser
├ ○ /category/real-estate/appraiser/exam
├ ○ /category/real-estate/appraiser/study/accounting
├ ○ /category/real-estate/appraiser/study/appraisal-law
├ ○ /category/real-estate/appraiser/study/appraisal-theory
├ ○ /category/real-estate/appraiser/study/civil-law
├ ○ /category/real-estate/appraiser/study/economics
├ ○ /category/real-estate/appraiser/study/practical
├ ○ /category/safety
├ ○ /category/safety/fire-equipment-electrical
├ ○ /category/safety/fire-equipment-electrical/exam
├ ○ /category/safety/fire-equipment-electrical/study/electrical-basics
├ ○ /category/safety/fire-equipment-electrical/study/electrical-equipment
├ ○ /category/safety/fire-equipment-electrical/study/fire-law
├ ○ /category/safety/fire-equipment-electrical/study/fire-theory
├ ○ /category/safety/fire-equipment-electrical/study/practical
├ ○ /category/safety/fire-equipment-mechanical
├ ○ /category/safety/fire-equipment-mechanical/exam
├ ○ /category/safety/fire-equipment-mechanical/study/fire-law
├ ○ /category/safety/fire-equipment-mechanical/study/fire-theory
├ ○ /category/safety/fire-equipment-mechanical/study/fluid-mechanics
├ ○ /category/safety/fire-equipment-mechanical/study/mechanical-system
├ ○ /category/safety/fire-equipment-mechanical/study/practical
├ ○ /category/safety/gas-engineer
├ ○ /category/safety/gas-engineer/exam
├ ○ /category/safety/gas-engineer/study/combustion
├ ○ /category/safety/gas-engineer/study/gas-equipment
├ ○ /category/safety/gas-engineer/study/gas-law
├ ○ /category/safety/gas-engineer/study/gas-safety
├ ○ /category/safety/gas-engineer/study/practical
├ ○ /category/safety/gas-technician
├ ○ /category/safety/gas-technician/exam
├ ○ /category/safety/gas-technician/study/combustion
├ ○ /category/safety/gas-technician/study/gas-equipment
├ ○ /category/safety/gas-technician/study/gas-safety
├ ○ /category/safety/gas-technician/study/practical
├ ○ /category/safety/hazardous-craftsman
├ ○ /category/safety/hazardous-craftsman/exam
├ ○ /category/safety/hazardous-craftsman/study/fire-prevention
├ ○ /category/safety/hazardous-craftsman/study/general-chemistry
├ ○ /category/safety/hazardous-craftsman/study/hazardous-properties
├ ○ /category/safety/hazardous-craftsman/study/practical
├ ○ /category/safety/hazardous-engineer
├ ○ /category/safety/hazardous-engineer/exam
├ ○ /category/safety/hazardous-engineer/study/fire-prevention
├ ○ /category/safety/hazardous-engineer/study/general-chemistry
├ ○ /category/safety/hazardous-engineer/study/hazardous-law
├ ○ /category/safety/hazardous-engineer/study/hazardous-properties
├ ○ /category/safety/hazardous-engineer/study/practical
├ ○ /category/safety/hazardous-master
├ ○ /category/safety/hazardous-master/exam
├ ○ /category/safety/hazardous-master/study/fire-prevention
├ ○ /category/safety/hazardous-master/study/hazardous-management
├ ○ /category/safety/hazardous-master/study/hazardous-properties
├ ○ /category/safety/hazardous-master/study/practical
├ ○ /category/safety/hazardous-technician
├ ○ /category/safety/hazardous-technician/exam
├ ○ /category/safety/hazardous-technician/study/fire-prevention
├ ○ /category/safety/hazardous-technician/study/general-chemistry
├ ○ /category/safety/hazardous-technician/study/hazardous-properties
├ ○ /category/safety/hazardous-technician/study/practical
├ ○ /category/safety/industrial-hygiene
├ ○ /category/safety/industrial-hygiene/exam
├ ○ /category/safety/industrial-hygiene/study/management
├ ○ /category/safety/industrial-hygiene/study/measurement
├ ○ /category/safety/industrial-hygiene/study/physical-hazards
├ ○ /category/safety/industrial-hygiene/study/practical
├ ○ /category/safety/industrial-hygiene/study/work-environment
├ ○ /category/safety/industrial-safety
├ ○ /category/safety/industrial-safety-technician
├ ○ /category/safety/industrial-safety-technician/exam
├ ○ /category/safety/industrial-safety-technician/study/electrical-chemical
├ ○ /category/safety/industrial-safety-technician/study/human-factors
├ ○ /category/safety/industrial-safety-technician/study/machine-safety
├ ○ /category/safety/industrial-safety-technician/study/practical
├ ○ /category/safety/industrial-safety-technician/study/safety-management
├ ○ /category/safety/industrial-safety/exam
├ ○ /category/safety/industrial-safety/study/chemical-safety
├ ○ /category/safety/industrial-safety/study/construction-safety
├ ○ /category/safety/industrial-safety/study/electrical-safety
├ ○ /category/safety/industrial-safety/study/human-factors
├ ○ /category/safety/industrial-safety/study/mechanical-safety
├ ○ /category/safety/industrial-safety/study/practical
├ ○ /category/safety/industrial-safety/study/safety-management
├ ○ /category/service
├ ○ /category/service/bakery
├ ○ /category/service/bakery/exam
├ ○ /category/service/bakery/study/bakery-hygiene
├ ○ /category/service/bakery/study/bakery-theory
├ ○ /category/service/bakery/study/baking-theory
├ ○ /category/service/bakery/study/food-hygiene
├ ○ /category/service/bakery/study/food-science
├ ○ /category/service/bakery/study/nutrition
├ ○ /category/service/bakery/study/practical
├ ○ /category/service/barber
├ ○ /category/service/barber/exam
├ ○ /category/service/barber/study/barber-shave
├ ○ /category/service/barber/study/barber-theory
├ ○ /category/service/barber/study/hair-cutting
├ ○ /category/service/barber/study/hair-design
├ ○ /category/service/barber/study/practical
├ ○ /category/service/barber/study/shave-care
├ ○ /category/service/beauty-general
├ ○ /category/service/beauty-general/exam
├ ○ /category/service/beauty-general/study/hair-cutting
├ ○ /category/service/beauty-general/study/hair-perm
├ ○ /category/service/beauty-general/study/hair-theory
├ ○ /category/service/beauty-general/study/practical
├ ○ /category/service/beauty-general/study/scalp-hair
├ ○ /category/service/beauty-makeup
├ ○ /category/service/beauty-makeup/exam
├ ○ /category/service/beauty-makeup/study/base-makeup
├ ○ /category/service/beauty-makeup/study/color-design
├ ○ /category/service/beauty-makeup/study/makeup-hygiene
├ ○ /category/service/beauty-makeup/study/makeup-theory
├ ○ /category/service/beauty-makeup/study/point-makeup
├ ○ /category/service/beauty-makeup/study/practical
├ ○ /category/service/beauty-nail
├ ○ /category/service/beauty-nail/exam
├ ○ /category/service/beauty-nail/study/manicure
├ ○ /category/service/beauty-nail/study/nail-art
├ ○ /category/service/beauty-nail/study/nail-hygiene
├ ○ /category/service/beauty-nail/study/nail-theory
├ ○ /category/service/beauty-nail/study/pedicure
├ ○ /category/service/beauty-nail/study/practical
├ ○ /category/service/beauty-skin
├ ○ /category/service/beauty-skin/exam
├ ○ /category/service/beauty-skin/study/body-care
├ ○ /category/service/beauty-skin/study/facial-care
├ ○ /category/service/beauty-skin/study/practical
├ ○ /category/service/beauty-skin/study/skin-analysis
├ ○ /category/service/beauty-skin/study/skin-hygiene
├ ○ /category/service/beauty-skin/study/skin-science
├ ○ /category/service/beauty-skin/study/skin-theory
├ ○ /category/service/confectioner
├ ○ /category/service/confectioner/exam
├ ○ /category/service/confectioner/study/baking-theory
├ ○ /category/service/confectioner/study/food-hygiene
├ ○ /category/service/confectioner/study/food-science
├ ○ /category/service/confectioner/study/nutrition
├ ○ /category/service/confectioner/study/practical
├ ○ /category/service/convention-planner-1
├ ○ /category/service/convention-planner-1/exam
├ ○ /category/service/convention-planner-1/study/convention-overview
├ ○ /category/service/convention-planner-1/study/international-convention
├ ○ /category/service/convention-planner-1/study/marketing-promotion
├ ○ /category/service/convention-planner-1/study/operation-management
├ ○ /category/service/convention-planner-1/study/practical
├ ○ /category/service/convention-planner-2
├ ○ /category/service/convention-planner-2/exam
├ ○ /category/service/convention-planner-2/study/convention-basic-2
├ ○ /category/service/convention-planner-2/study/convention-basics
├ ○ /category/service/convention-planner-2/study/convention-marketing
├ ○ /category/service/convention-planner-2/study/convention-operation
├ ○ /category/service/convention-planner-2/study/convention-practice
├ ○ /category/service/convention-planner-2/study/practical
├ ○ /category/service/convention-planner-2/study/tourism-resource
├ ○ /category/service/cook-chinese
├ ○ /category/service/cook-chinese/exam
├ ○ /category/service/cook-chinese/study/chinese-hygiene
├ ○ /category/service/cook-chinese/study/chinese-theory
├ ○ /category/service/cook-chinese/study/cooking-theory
├ ○ /category/service/cook-chinese/study/food-hygiene
├ ○ /category/service/cook-chinese/study/food-science
├ ○ /category/service/cook-chinese/study/practical
├ ○ /category/service/cook-chinese/study/public-health
├ ○ /category/service/cook-japanese
├ ○ /category/service/cook-japanese/exam
├ ○ /category/service/cook-japanese/study/cooking-theory
├ ○ /category/service/cook-japanese/study/food-hygiene
├ ○ /category/service/cook-japanese/study/food-science
├ ○ /category/service/cook-japanese/study/japanese-hygiene
├ ○ /category/service/cook-japanese/study/japanese-theory
├ ○ /category/service/cook-japanese/study/practical
├ ○ /category/service/cook-japanese/study/public-health
├ ○ /category/service/cook-korean
├ ○ /category/service/cook-korean/exam
├ ○ /category/service/cook-korean/study/cooking-theory
├ ○ /category/service/cook-korean/study/food-hygiene
├ ○ /category/service/cook-korean/study/food-science
├ ○ /category/service/cook-korean/study/korean-theory
├ ○ /category/service/cook-korean/study/practical
├ ○ /category/service/cook-korean/study/public-health
├ ○ /category/service/cook-pufferfish
├ ○ /category/service/cook-pufferfish/exam
├ ○ /category/service/cook-pufferfish/study/cooking-theory
├ ○ /category/service/cook-pufferfish/study/food-hygiene
├ ○ /category/service/cook-pufferfish/study/food-science
├ ○ /category/service/cook-pufferfish/study/practical
├ ○ /category/service/cook-pufferfish/study/public-health
├ ○ /category/service/cook-western
├ ○ /category/service/cook-western/exam
├ ○ /category/service/cook-western/study/cooking-theory
├ ○ /category/service/cook-western/study/food-hygiene
├ ○ /category/service/cook-western/study/food-science
├ ○ /category/service/cook-western/study/practical
├ ○ /category/service/cook-western/study/public-health
├ ○ /category/service/cook-western/study/western-hygiene
├ ○ /category/service/cook-western/study/western-theory
├ ○ /category/service/hotel-admin
├ ○ /category/service/hotel-admin/exam
├ ○ /category/service/hotel-admin/study/fb-service
├ ○ /category/service/hotel-admin/study/front-office
├ ○ /category/service/hotel-admin/study/hotel-english
├ ○ /category/service/hotel-admin/study/housekeeping
├ ○ /category/service/hotel-admin/study/practical
├ ○ /category/service/hotel-manager
├ ○ /category/service/hotel-manager/exam
├ ○ /category/service/hotel-manager/study/hotel-accounting
├ ○ /category/service/hotel-manager/study/hotel-law
├ ○ /category/service/hotel-manager/study/hotel-management
├ ○ /category/service/hotel-manager/study/hotel-marketing
├ ○ /category/service/hotel-manager/study/hotel-theory
├ ○ /category/service/hotel-manager/study/practical
├ ○ /category/service/hotel-service
├ ○ /category/service/hotel-service/exam
├ ○ /category/service/hotel-service/study/hotel-fb
├ ○ /category/service/hotel-service/study/hotel-ops
├ ○ /category/service/tour-guide
├ ○ /category/service/tour-guide/exam
├ ○ /category/service/tour-guide/study/korean-culture
├ ○ /category/service/tour-guide/study/korean-history
├ ○ /category/service/tour-guide/study/practical
├ ○ /category/service/tour-guide/study/tour-english
├ ○ /category/service/tour-guide/study/tour-law
├ ○ /category/service/tour-guide/study/tourism-resources
├ ○ /category/trade
├ ○ /category/trade/distribution-manager-1
├ ○ /category/trade/distribution-manager-1/exam
├ ○ /category/trade/distribution-manager-1/study/business-strategy
├ ○ /category/trade/distribution-manager-1/study/distribution-info
├ ○ /category/trade/distribution-manager-1/study/distribution-management
├ ○ /category/trade/distribution-manager-1/study/distribution-strategy
├ ○ /category/trade/distribution-manager-1/study/logistics-management
├ ○ /category/trade/distribution-manager-1/study/marketing
├ ○ /category/trade/distribution-manager-2
├ ○ /category/trade/distribution-manager-2/exam
├ ○ /category/trade/distribution-manager-2/study/distribution-info
├ ○ /category/trade/distribution-manager-2/study/distribution-overview
├ ○ /category/trade/distribution-manager-2/study/distribution-theory
├ ○ /category/trade/distribution-manager-2/study/marketing-basics
├ ○ /category/trade/distribution-manager-2/study/merchandising
├ ○ /category/trade/distribution-manager-2/study/store-management
├ ○ /category/trade/distribution-manager-3
├ ○ /category/trade/distribution-manager-3/exam
├ ○ /category/trade/distribution-manager-3/study/customer-service
├ ○ /category/trade/distribution-manager-3/study/distribution-basics
├ ○ /category/trade/distribution-manager-3/study/distribution-info-basics
├ ○ /category/trade/distribution-manager-3/study/distribution-intro
├ ○ /category/trade/distribution-manager-3/study/retail-basics
├ ○ /category/trade/distribution-manager-3/study/sales-basic
├ ○ /category/trade/distribution-manager-3/study/sales-basics
├ ○ /category/trade/international-trader
├ ○ /category/trade/international-trader/exam
├ ○ /category/trade/international-trader/study/customs-law
├ ○ /category/trade/international-trader/study/trade-english
├ ○ /category/trade/international-trader/study/trade-finance
├ ○ /category/trade/international-trader/study/trade-logistics
├ ○ /category/trade/international-trader/study/trade-practice
├ ○ /category/trade/logistics-manager
├ ○ /category/trade/logistics-manager/exam
├ ○ /category/trade/logistics-manager/study/international-logistics
├ ○ /category/trade/logistics-manager/study/logistics-info
├ ○ /category/trade/logistics-manager/study/logistics-law
├ ○ /category/trade/logistics-manager/study/logistics-management
├ ○ /category/trade/logistics-manager/study/logistics-overview
├ ○ /category/trade/logistics-manager/study/logistics-theory
├ ○ /category/trade/logistics-manager/study/transport-theory
├ ○ /category/trade/logistics-manager/study/warehouse-management
├ ○ /category/trade/logistics-manager/study/warehouse-transport
├ ○ /category/trade/trade-english-1
├ ○ /category/trade/trade-english-1/exam
├ ○ /category/trade/trade-english-1/study/business-letter
├ ○ /category/trade/trade-english-1/study/english-reading
├ ○ /category/trade/trade-english-1/study/english-writing
├ ○ /category/trade/trade-english-1/study/trade-documents
├ ○ /category/trade/trade-english-1/study/trade-terms
├ ○ /category/trade/trade-english-2
├ ○ /category/trade/trade-english-2/exam
├ ○ /category/trade/trade-english-2/study/business-letter
├ ○ /category/trade/trade-english-2/study/english-reading
├ ○ /category/trade/trade-english-2/study/english-writing
├ ○ /category/trade/trade-english-2/study/trade-correspondence
├ ○ /category/trade/trade-english-2/study/trade-documents
├ ○ /category/trade/trade-english-2/study/trade-terms
├ ○ /category/trade/trade-english-2/study/trade-vocab
├ ○ /category/trade/trade-english-3
├ ○ /category/trade/trade-english-3/exam
├ ○ /category/trade/trade-english-3/study/basic-documents
├ ○ /category/trade/trade-english-3/study/basic-english
├ ○ /category/trade/trade-english-3/study/basic-letter
├ ○ /category/trade/trade-english-3/study/basic-reading
├ ○ /category/trade/trade-english-3/study/basic-terms
├ ○ /category/trade/trade-english-3/study/basic-trade
├ ○ /category/trade/trade-english-3/study/basic-writing
├ ○ /category/welfare
├ ○ /category/welfare/clinical-psychologist-1
├ ○ /category/welfare/clinical-psychologist-1/exam
├ ○ /category/welfare/clinical-psychologist-1/study/abnormal-psychology
├ ○ /category/welfare/clinical-psychologist-1/study/clinical-psychology
├ ○ /category/welfare/clinical-psychologist-1/study/counseling
├ ○ /category/welfare/clinical-psychologist-1/study/practical
├ ○ /category/welfare/clinical-psychologist-1/study/psychological-assessment
├ ○ /category/welfare/clinical-psychologist-1/study/psychology-intro
├ ○ /category/welfare/clinical-psychologist-2
├ ○ /category/welfare/clinical-psychologist-2/exam
├ ○ /category/welfare/clinical-psychologist-2/study/abnormal-psychology
├ ○ /category/welfare/clinical-psychologist-2/study/clinical-psychology
├ ○ /category/welfare/clinical-psychologist-2/study/counseling
├ ○ /category/welfare/clinical-psychologist-2/study/practical
├ ○ /category/welfare/clinical-psychologist-2/study/psychological-assessment
├ ○ /category/welfare/clinical-psychologist-2/study/psychology-intro
├ ○ /category/welfare/social-worker-1
├ ○ /category/welfare/social-worker-1/exam
├ ○ /category/welfare/social-worker-1/study/administration
├ ○ /category/welfare/social-worker-1/study/community
├ ○ /category/welfare/social-worker-1/study/community-welfare
├ ○ /category/welfare/social-worker-1/study/human-behavior
├ ○ /category/welfare/social-worker-1/study/law
├ ○ /category/welfare/social-worker-1/study/policy
├ ○ /category/welfare/social-worker-1/study/practice
├ ○ /category/welfare/social-worker-1/study/practice-skills
├ ○ /category/welfare/social-worker-1/study/research
├ ○ /category/welfare/social-worker-1/study/social-welfare-law
├ ○ /category/welfare/social-worker-1/study/social-welfare-policy
├ ○ /category/welfare/social-worker-1/study/social-work-practice
├ ○ /category/welfare/youth-counselor-1
├ ○ /category/welfare/youth-counselor-1/exam
├ ○ /category/welfare/youth-counselor-1/study/crisis-counseling
├ ○ /category/welfare/youth-counselor-1/study/crisis-intervention
├ ○ /category/welfare/youth-counselor-1/study/delinquency-counseling
├ ○ /category/welfare/youth-counselor-1/study/research-method
├ ○ /category/welfare/youth-counselor-1/study/supervision
├ ○ /category/welfare/youth-counselor-1/study/youth-counseling-advanced
├ ○ /category/welfare/youth-counselor-1/study/youth-law
├ ○ /category/welfare/youth-counselor-2
├ ○ /category/welfare/youth-counselor-2/exam
├ ○ /category/welfare/youth-counselor-2/study/abnormal-psychology
├ ○ /category/welfare/youth-counselor-2/study/career-counseling
├ ○ /category/welfare/youth-counselor-2/study/counseling-theory
├ ○ /category/welfare/youth-counselor-2/study/group-counseling
├ ○ /category/welfare/youth-counselor-2/study/psychological-assessment
├ ○ /category/welfare/youth-counselor-2/study/research-basics
├ ○ /category/welfare/youth-counselor-3
├ ○ /category/welfare/youth-counselor-3/exam
├ ○ /category/welfare/youth-counselor-3/study/counseling-theory
├ ○ /category/welfare/youth-counselor-3/study/developmental-psychology
├ ○ /category/welfare/youth-counselor-3/study/group-counseling-basics
├ ○ /category/welfare/youth-counselor-3/study/learning-theory
├ ○ /category/welfare/youth-counselor-3/study/psychological-testing
├ ○ /category/welfare/youth-counselor-3/study/youth-counseling-intro
├ ○ /category/welfare/youth-counselor-3/study/youth-culture
├ ○ /civil-engineer
├ ○ /civil-engineer/exam
├ ○ /civil-engineer/study/applied-mechanics
├ ○ /civil-engineer/study/hydraulics
├ ○ /civil-engineer/study/practical
├ ○ /civil-engineer/study/soil-mechanics
├ ○ /civil-engineer/study/surveying
├ ○ /civil-engineer/study/water-supply
├ ○ /interior-architect
├ ○ /interior-architect/exam
├ ○ /interior-architect/study/interior-environment
├ ○ /interior-architect/study/interior-materials
├ ○ /interior-architect/study/interior-planning
├ ○ /interior-architect/study/interior-structure
├ ○ /interior-architect/study/practical
├ ○ /login
├ ○ /signup
├ ○ /surveying-geo
├ ○ /surveying-geo/exam
├ ○ /surveying-geo/study/geodesy
├ ○ /surveying-geo/study/gis
├ ○ /surveying-geo/study/photogrammetry
├ ○ /surveying-geo/study/practical
└ ○ /surveying-geo/study/surveying-basics


○  (Static)  prerendered as static content

