Archive member included to satisfy reference by file (symbol)

app/libapp.a(main.c.obj)      (--whole-archive)
app/libapp.a(radio_cmd.c.obj)
                              (--whole-archive)
app/libapp.a(radio_test.c.obj)
                              (--whole-archive)
zephyr/libzephyr.a(heap.c.obj)
                              (--whole-archive)
zephyr/libzephyr.a(cbprintf_packaged.c.obj)
                              (--whole-archive)
zephyr/libzephyr.a(printk.c.obj)
                              (--whole-archive)
zephyr/libzephyr.a(sem.c.obj)
                              (--whole-archive)
zephyr/libzephyr.a(thread_entry.c.obj)
                              (--whole-archive)
zephyr/libzephyr.a(cbprintf_complete.c.obj)
                              (--whole-archive)
zephyr/libzephyr.a(assert.c.obj)
                              (--whole-archive)
zephyr/libzephyr.a(mpsc_pbuf.c.obj)
                              (--whole-archive)
zephyr/libzephyr.a(dec.c.obj)
                              (--whole-archive)
zephyr/libzephyr.a(hex.c.obj)
                              (--whole-archive)
zephyr/libzephyr.a(rb.c.obj)  (--whole-archive)
zephyr/libzephyr.a(timeutil.c.obj)
                              (--whole-archive)
zephyr/libzephyr.a(bitarray.c.obj)
                              (--whole-archive)
zephyr/libzephyr.a(onoff.c.obj)
                              (--whole-archive)
zephyr/libzephyr.a(notify.c.obj)
                              (--whole-archive)
zephyr/libzephyr.a(ring_buffer.c.obj)
                              (--whole-archive)
zephyr/libzephyr.a(last_section_id.c.obj)
                              (--whole-archive)
zephyr/libzephyr.a(configs.c.obj)
                              (--whole-archive)
zephyr/libzephyr.a(log_core.c.obj)
                              (--whole-archive)
zephyr/libzephyr.a(log_mgmt.c.obj)
                              (--whole-archive)
zephyr/libzephyr.a(log_cache.c.obj)
                              (--whole-archive)
zephyr/libzephyr.a(log_msg.c.obj)
                              (--whole-archive)
zephyr/libzephyr.a(log_output.c.obj)
                              (--whole-archive)
zephyr/libzephyr.a(log_backend_rtt.c.obj)
                              (--whole-archive)
zephyr/libzephyr.a(mem_attr.c.obj)
                              (--whole-archive)
zephyr/libzephyr.a(tracing_none.c.obj)
                              (--whole-archive)
zephyr/libzephyr.a(kernel_shell.c.obj)
                              (--whole-archive)
zephyr/libzephyr.a(cycles.c.obj)
                              (--whole-archive)
zephyr/libzephyr.a(sleep.c.obj)
                              (--whole-archive)
zephyr/libzephyr.a(uptime.c.obj)
                              (--whole-archive)
zephyr/libzephyr.a(version.c.obj)
                              (--whole-archive)
zephyr/libzephyr.a(log-level.c.obj)
                              (--whole-archive)
zephyr/libzephyr.a(thread.c.obj)
                              (--whole-archive)
zephyr/libzephyr.a(list.c.obj)
                              (--whole-archive)
zephyr/libzephyr.a(stacks.c.obj)
                              (--whole-archive)
zephyr/libzephyr.a(device_service.c.obj)
                              (--whole-archive)
zephyr/libzephyr.a(devmem_service.c.obj)
                              (--whole-archive)
zephyr/libzephyr.a(shell_uart.c.obj)
                              (--whole-archive)
zephyr/libzephyr.a(shell.c.obj)
                              (--whole-archive)
zephyr/libzephyr.a(shell_fprintf.c.obj)
                              (--whole-archive)
zephyr/libzephyr.a(shell_utils.c.obj)
                              (--whole-archive)
zephyr/libzephyr.a(shell_ops.c.obj)
                              (--whole-archive)
zephyr/libzephyr.a(shell_log_backend.c.obj)
                              (--whole-archive)
zephyr/libzephyr.a(shell_help.c.obj)
                              (--whole-archive)
zephyr/libzephyr.a(shell_cmds.c.obj)
                              (--whole-archive)
zephyr/libzephyr.a(shell_history.c.obj)
                              (--whole-archive)
zephyr/libzephyr.a(shell_wildcard.c.obj)
                              (--whole-archive)
zephyr/libzephyr.a(banner.c.obj)
                              (--whole-archive)
zephyr/libzephyr.a(nrf_cc3xx_platform_abort_zephyr.c.obj)
                              (--whole-archive)
zephyr/libzephyr.a(nrf_cc3xx_platform_mutex_zephyr.c.obj)
                              (--whole-archive)
zephyr/libzephyr.a(flash_map_partition_manager.c.obj)
                              (--whole-archive)
zephyr/arch/common/libarch__common.a(sw_isr_common.c.obj)
                              (--whole-archive)
zephyr/arch/common/libarch__common.a(dynamic_isr.c.obj)
                              (--whole-archive)
zephyr/arch/arch/arm/core/libarch__arm__core.a(fatal.c.obj)
                              (--whole-archive)
zephyr/arch/arch/arm/core/libarch__arm__core.a(nmi.c.obj)
[...]
Memory Configuration

Name             Origin             Length             Attributes
FLASH            0x00000000         0x00100000         xr
RAM              0x20000000         0x00040000         xw
IDT_LIST         0xffff7fff         0x00008000         xw
*default*        0x00000000         0xffffffff

Linker script and memory map

LOAD zephyr/CMakeFiles/zephyr_final.dir/misc/empty_file.c.obj
LOAD zephyr/CMakeFiles/zephyr_final.dir/isr_tables.c.obj
LOAD zephyr/CMakeFiles/offsets.dir/./arch/arm/core/offsets/offsets.c.obj
LOAD app/libapp.a
LOAD zephyr/libzephyr.a
LOAD zephyr/arch/common/libarch__common.a
LOAD zephyr/arch/arch/arm/core/libarch__arm__core.a
LOAD zephyr/arch/arch/arm/core/cortex_m/libarch__arm__core__cortex_m.a
LOAD zephyr/arch/arch/arm/core/mpu/libarch__arm__core__mpu.a
LOAD zephyr/lib/libc/picolibc/liblib__libc__picolibc.a
LOAD zephyr/lib/libc/common/liblib__libc__common.a
LOAD zephyr/lib/posix/options/liblib__posix__options.a
LOAD zephyr/soc/soc/nrf52840/libsoc__nordic.a
LOAD zephyr/subsys/random/libsubsys__random.a
LOAD zephyr/drivers/clock_control/libdrivers__clock_control.a
LOAD zephyr/drivers/console/libdrivers__console.a
LOAD zephyr/drivers/entropy/libdrivers__entropy.a
LOAD zephyr/drivers/gpio/libdrivers__gpio.a
LOAD zephyr/drivers/pinctrl/libdrivers__pinctrl.a
LOAD zephyr/drivers/serial/libdrivers__serial.a
LOAD zephyr/drivers/timer/libdrivers__timer.a
LOAD modules/nrf/subsys/nrf_security/src/zephyr/libmbedtls_zephyr.a
LOAD modules/nrf/drivers/hw_cc3xx/lib..__nrf__drivers__hw_cc3xx.a
LOAD modules/hal_nordic/modules/hal_nordic/nrfx/libmodules__hal_nordic__nrfx.a
LOAD modules/segger/libmodules__segger.a
LOAD zephyr/kernel/libkernel.a
LOAD zephyr/arch/common/libisr_tables.a
LOAD modules/nrf/subsys/nrf_security/src/libmbedcrypto.a
LOAD modules/nrf/subsys/nrf_security/src/core/nrf_oberon/liboberon_psa_core.a
LOAD modules/nrf/subsys/nrf_security/src/drivers/nrf_oberon/liboberon_psa_driver.a
LOAD /home/uttec/ncs/nrfxlib/crypto/nrf_oberon/lib/cortex-m4/soft-float/liboberon_mbedtls_3.0.16.a
LOAD modules/nrf/subsys/nrf_security/src/libmbedcrypto.a
LOAD modules/nrf/subsys/nrf_security/src/core/nrf_oberon/liboberon_psa_core.a
LOAD modules/nrf/subsys/nrf_security/src/drivers/nrf_oberon/liboberon_psa_driver.a
LOAD /home/uttec/ncs/nrfxlib/crypto/nrf_oberon/lib/cortex-m4/soft-float/liboberon_mbedtls_3.0.16.a
LOAD /home/uttec/ncs/nrfxlib/crypto/nrf_cc310_platform/lib/cortex-m4/soft-float/no-interrupts/libnrf_cc310_platform_0.9.19.a
LOAD modules/nrf/subsys/nrf_security/src/libmbedcrypto_base.a
LOAD modules/nrf/subsys/nrf_security/src/libnrf_security_utils.a
LOAD zephyr/kernel/libkernel.a
LOAD /home/uttec/ncs/nrfxlib/crypto/nrf_oberon/lib/cortex-m4/soft-float/liboberon_3.0.16.a
LOAD /home/uttec/revita/zephyr_workspace/kc_cert/build/kc_cert/modules/picolibc/libc.a
LOAD /home/uttec/gnuarmemb/bin/../lib/gcc/arm-none-eabi/14.2.1/thumb/v7e-m/nofp/libgcc.a
                0x00000020                        _region_min_align = 0x20

.rel.plt        0x00000000        0x0
 *(SORT_BY_ALIGNMENT(.rel.plt))
                [!provide]                        PROVIDE (__rel_iplt_start = .)
 *(SORT_BY_ALIGNMENT(.rel.iplt))
 .rel.iplt      0x00000000        0x0 zephyr/CMakeFiles/zephyr_final.dir/isr_tables.c.obj
                [!provide]                        PROVIDE (__rel_iplt_end = .)

.rela.plt       0x00000000        0x0
 *(SORT_BY_ALIGNMENT(.rela.plt))
                [!provide]                        PROVIDE (__rela_iplt_start = .)
 *(SORT_BY_ALIGNMENT(.rela.iplt))
                [!provide]                        PROVIDE (__rela_iplt_end = .)

.rel.dyn
 *(SORT_BY_ALIGNMENT(.rel.*))

.rela.dyn
 *(SORT_BY_ALIGNMENT(.rela.*))

/DISCARD/
 *(SORT_BY_ALIGNMENT(.plt))

/DISCARD/
 *(SORT_BY_ALIGNMENT(.iplt))
                0x00000000                        __rom_region_start = 0x0

rom_start       0x00000000      0x100
                0x00000000                        __rom_start_address = .
 FILL mask 0x00
                0x00000000                        . = (. + (0x0 - (. - __rom_start_address)))
                0x00000000                        . = ALIGN (0x4)
                0x00000000                        . = ALIGN (0x80)
                0x00000000                        . = ALIGN (0x100)
                0x00000000                        _vector_start = .
 *(SORT_BY_ALIGNMENT(.exc_vector_table))
 *(SORT_BY_ALIGNMENT(.exc_vector_table.*))
 .exc_vector_table._vector_table_section
                0x00000000       0x40 zephyr/arch/arch/arm/core/cortex_m/libarch__arm__core__cortex_m.a(vector_table.S.obj)
                0x00000000                _vector_table
 *(SORT_BY_ALIGNMENT(.vectors))
                0x00000100                        _vector_end = .
                0x00000040                        . = ALIGN (0x4)
 *(SORT_BY_ALIGNMENT(.gnu.linkonce.irq_vector_table*))
 .gnu.linkonce.irq_vector_table
                0x00000040       0xc0 zephyr/CMakeFiles/zephyr_final.dir/isr_tables.c.obj
                0x00000040                _irq_vector_table
                0x00000100                        _vector_end = .

text            0x00000100    0x1152c
                0x00000100                        __text_region_start = .
 *(SORT_BY_ALIGNMENT(.text))
 .text          0x00000100      0x378 /home/uttec/gnuarmemb/bin/../lib/gcc/arm-none-eabi/14.2.1/thumb/v7e-m/nofp/libgcc.a(_arm_addsubdf3.o)
                0x00000100                __aeabi_drsub
                0x00000108                __aeabi_dsub
                0x00000108                __subdf3
                0x0000010c                __adddf3
                0x0000010c                __aeabi_dadd
                0x00000384                __aeabi_ui2d
                0x00000384                __floatunsidf
                0x000003a4                __floatsidf
                0x000003a4                __aeabi_i2d
                0x000003c8                __extendsfdf2
                0x000003c8                __aeabi_f2d
                0x0000040c                __aeabi_ul2d
                0x0000040c                __floatundidf
                0x0000041c                __floatdidf
                0x0000041c                __aeabi_l2d
 .text          0x00000478      0x21c /home/uttec/gnuarmemb/bin/../lib/gcc/arm-none-eabi/14.2.1/thumb/v7e-m/nofp/libgcc.a(_arm_addsubsf3.o)
                0x00000478                __aeabi_frsub
                0x00000480                __subsf3
                0x00000480                __aeabi_fsub
                0x00000484                __aeabi_fadd
                0x00000484                __addsf3
                0x000005e4                __aeabi_ui2f
                0x000005e4                __floatunsisf
                0x000005ec                __aeabi_i2f
                0x000005ec                __floatsisf
                0x00000608                __floatundisf
                0x00000608                __aeabi_ul2f
                0x00000618                __floatdisf
                0x00000618                __aeabi_l2f
 .text          0x00000694      0x2a0 /home/uttec/gnuarmemb/bin/../lib/gcc/arm-none-eabi/14.2.1/thumb/v7e-m/nofp/libgcc.a(_arm_muldivsf3.o)
                0x00000694                __mulsf3
                0x00000694                __aeabi_fmul
                0x000007fc                __divsf3
                0x000007fc                __aeabi_fdiv
 .text          0x00000934       0xec /home/uttec/gnuarmemb/bin/../lib/gcc/arm-none-eabi/14.2.1/thumb/v7e-m/nofp/libgcc.a(_arm_cmpsf2.o)
                0x00000934                __gtsf2
                0x00000934                __gesf2
                0x0000093c                __lesf2
                0x0000093c                __ltsf2
                0x00000944                __nesf2
                0x00000944                __eqsf2
                0x00000944                __cmpsf2
                0x000009a4                __aeabi_cfrcmple
                0x000009ac                __aeabi_cfcmple
                0x000009ac                __aeabi_cfcmpeq
                0x000009bc                __aeabi_fcmpeq
                0x000009d0                __aeabi_fcmplt
                0x000009e4                __aeabi_fcmple
                0x000009f8                __aeabi_fcmpge
                0x00000a0c                __aeabi_fcmpgt
 .text          0x00000a20       0xa0 /home/uttec/gnuarmemb/bin/../lib/gcc/arm-none-eabi/14.2.1/thumb/v7e-m/nofp/libgcc.a(_aeabi_ldivmod.o)
                0x00000a20                __aeabi_ldivmod
 .text          0x00000ac0       0x30 /home/uttec/gnuarmemb/bin/../lib/gcc/arm-none-eabi/14.2.1/thumb/v7e-m/nofp/libgcc.a(_aeabi_uldivmod.o)
                0x00000ac0                __aeabi_uldivmod
 .text          0x00000af0        0x4 /home/uttec/gnuarmemb/bin/../lib/gcc/arm-none-eabi/14.2.1/thumb/v7e-m/nofp/libgcc.a(_dvmd_tls.o)
                0x00000af0                __aeabi_ldiv0
                0x00000af0                __aeabi_idiv0
 .text          0x00000af4       0x14 /home/uttec/revita/zephyr_workspace/kc_cert/build/kc_cert/modules/picolibc/libc.a(strcmp.S.obj)
                0x00000af4                strcmp
 .text          0x00000b08       0x10 /home/uttec/revita/zephyr_workspace/kc_cert/build/kc_cert/modules/picolibc/libc.a(strcpy.S.obj)
                0x00000b08                strcpy
 .text          0x00000b18       0x10 /home/uttec/revita/zephyr_workspace/kc_cert/build/kc_cert/modules/picolibc/libc.a(strlen.S.obj)
                0x00000b18                strlen
 *(SORT_BY_ALIGNMENT(.text.*))
 .text.cmd_kernel_uptime
                0x00000b28       0xe8 zephyr/libzephyr.a(uptime.c.obj)
 .text.main     0x00000c10       0x60 app/libapp.a(main.c.obj)
                0x00000c10                main
 .text.cmd_data_rate_set
                0x00000c70       0x38 app/libapp.a(radio_cmd.c.obj)
 .text.cmd_output_power_set
                0x00000ca8       0x38 app/libapp.a(radio_cmd.c.obj)
 .text.cmd_transmit_pattern_set
                0x00000ce0       0x38 app/libapp.a(radio_cmd.c.obj)
 .text.cmd_start_channel_set
                0x00000d18       0x5c app/libapp.a(radio_cmd.c.obj)
 .text.cmd_end_channel_set
                0x00000d74       0x5c app/libapp.a(radio_cmd.c.obj)
 .text.cmd_time_set
                0x00000dd0       0x5c app/libapp.a(radio_cmd.c.obj)
 .text.cmd_ble_ieee
                0x00000e2c       0x20 app/libapp.a(radio_cmd.c.obj)
 .text.cmd_ble_lr500kbit
                0x00000e4c       0x20 app/libapp.a(radio_cmd.c.obj)
 .text.cmd_ble_lr125kbit
                0x00000e6c       0x20 app/libapp.a(radio_cmd.c.obj)
 .text.cmd_ble_2mbit
                0x00000e8c       0x20 app/libapp.a(radio_cmd.c.obj)
 .text.cmd_ble_1mbit
                0x00000eac       0x20 app/libapp.a(radio_cmd.c.obj)
 .text.cmd_nrf_2mbit
                0x00000ecc       0x20 app/libapp.a(radio_cmd.c.obj)
 .text.cmd_nrf_1mbit
                0x00000eec       0x20 app/libapp.a(radio_cmd.c.obj)
 .text.cmd_neg40dbm
                0x00000f0c       0x18 app/libapp.a(radio_cmd.c.obj)
 .text.cmd_neg30dbm
                0x00000f24       0x18 app/libapp.a(radio_cmd.c.obj)
 .text.cmd_neg20dbm
                0x00000f3c       0x18 app/libapp.a(radio_cmd.c.obj)
 .text.cmd_neg16dbm
                0x00000f54       0x18 app/libapp.a(radio_cmd.c.obj)
 .text.cmd_neg12dbm
                0x00000f6c       0x18 app/libapp.a(radio_cmd.c.obj)
 .text.cmd_neg8dbm
                0x00000f84       0x18 app/libapp.a(radio_cmd.c.obj)
 .text.cmd_neg4dbm
                0x00000f9c       0x18 app/libapp.a(radio_cmd.c.obj)
 .text.cmd_pos0dbm
                0x00000fb4       0x14 app/libapp.a(radio_cmd.c.obj)
 .text.cmd_pos2dbm
                0x00000fc8       0x14 app/libapp.a(radio_cmd.c.obj)
 .text.cmd_pos3dbm
                0x00000fdc       0x14 app/libapp.a(radio_cmd.c.obj)
 .text.cmd_pos4dbm
                0x00000ff0       0x14 app/libapp.a(radio_cmd.c.obj)
 .text.cmd_pos5dbm
                0x00001004       0x14 app/libapp.a(radio_cmd.c.obj)
 .text.cmd_pos6dbm
                0x00001018       0x14 app/libapp.a(radio_cmd.c.obj)
 .text.cmd_pos7dbm
                0x0000102c       0x14 app/libapp.a(radio_cmd.c.obj)
 .text.cmd_pos8dbm
                0x00001040       0x14 app/libapp.a(radio_cmd.c.obj)
 .text.cmd_pattern_11001100
                0x00001054       0x20 app/libapp.a(radio_cmd.c.obj)
 .text.cmd_pattern_11110000
                0x00001074       0x20 app/libapp.a(radio_cmd.c.obj)
 .text.cmd_pattern_random
                0x00001094       0x20 app/libapp.a(radio_cmd.c.obj)
 .text.cmd_print
                0x000010b4       0xdc app/libapp.a(radio_cmd.c.obj)
 .text.cmd_cancel
                0x00001190       0x14 app/libapp.a(radio_cmd.c.obj)
 .text.cmd_rx_sweep_start
                0x000011a4       0x50 app/libapp.a(radio_cmd.c.obj)
 .text.cmd_tx_sweep_start
                0x000011f4       0x50 app/libapp.a(radio_cmd.c.obj)
 .text.tx_modulated_carrier_end
                0x00001244        0xc app/libapp.a(radio_cmd.c.obj)
 .text.rx_end   0x00001250       0xa0 app/libapp.a(radio_cmd.c.obj)
 .text.cmd_print_payload
                0x000012f0       0x40 app/libapp.a(radio_cmd.c.obj)
 .text.cmd_toggle_dc
                0x00001330       0x78 app/libapp.a(radio_cmd.c.obj)
 .text.radio_cmd_init
                0x000013a8        0xc app/libapp.a(radio_cmd.c.obj)
 .text.ieee_channel_check
                0x000013b4       0x44 app/libapp.a(radio_cmd.c.obj)
 .text.cmd_tx_carrier_start
                0x000013f8       0x50 app/libapp.a(radio_cmd.c.obj)
 .text.cmd_tx_modulated_carrier_start
                0x00001448       0xa4 app/libapp.a(radio_cmd.c.obj)
 .text.cmd_duty_cycle_set
                0x000014ec       0x90 app/libapp.a(radio_cmd.c.obj)
 .text.cmd_rx_start
                0x0000157c       0xa4 app/libapp.a(radio_cmd.c.obj)
 .text.radio_disable
                0x00001620       0x34 app/libapp.a(radio_test.c.obj)
 .text.rx_timeout_work_handler
                0x00001654       0x1c app/libapp.a(radio_test.c.obj)
 .text.radio_handler
                0x00001670       0x84 app/libapp.a(radio_test.c.obj)
                0x00001670                radio_handler
 .text.radio_sweep_start
                0x000016f4       0x54 app/libapp.a(radio_test.c.obj)
 .text.radio_config
                0x00001748      0x120 app/libapp.a(radio_test.c.obj)
 .text.generate_modulated_rf_packet
                0x00001868       0x48 app/libapp.a(radio_test.c.obj)
 .text.radio_channel_set
                0x000018b0       0x30 app/libapp.a(radio_test.c.obj)
 .text.radio_power_set.isra.0
                0x000018e0       0xbc app/libapp.a(radio_test.c.obj)
 .text.endpoints_clear
                0x0000199c       0xc4 app/libapp.a(radio_test.c.obj)
 .text.radio_ppi_config
                0x00001a60       0x84 app/libapp.a(radio_test.c.obj)
 .text.radio_unmodulated_tx_carrier
                0x00001ae4       0x54 app/libapp.a(radio_test.c.obj)
 .text.radio_rx
                0x00001b38       0x8c app/libapp.a(radio_test.c.obj)
 .text.timer_handler
                0x00001bc4       0x74 app/libapp.a(radio_test.c.obj)
 .text.radio_test_start
                0x00001c38      0x1d8 app/libapp.a(radio_test.c.obj)
                0x00001c38                radio_test_start
 .text.radio_test_cancel
                0x00001e10       0x40 app/libapp.a(radio_test.c.obj)
                0x00001e10                radio_test_cancel
 .text.radio_rx_stats_get
                0x00001e50       0x30 app/libapp.a(radio_test.c.obj)
                0x00001e50                radio_rx_stats_get
 .text.radio_test_init
                0x00001e80       0x94 app/libapp.a(radio_test.c.obj)
                0x00001e80                radio_test_init
 .text.cbvprintf_package
                0x00001f14      0x368 zephyr/libzephyr.a(cbprintf_packaged.c.obj)
                0x00001f14                cbvprintf_package
 .text.cbprintf_package_convert
                0x0000227c      0x3d0 zephyr/libzephyr.a(cbprintf_packaged.c.obj)
                0x0000227c                cbprintf_package_convert
 .text.__printk_hook_install
                0x0000264c        0xc zephyr/libzephyr.a(printk.c.obj)
                0x0000264c                __printk_hook_install
 .text.process_event
                0x00002658      0x1e8 zephyr/libzephyr.a(onoff.c.obj)
 .text.activate_foreach_backend
                0x00002840       0x60 zephyr/libzephyr.a(log_core.c.obj)
 .text.enable_logger
                0x000028a0       0x58 zephyr/libzephyr.a(log_core.c.obj)
 .text.log_process_thread_timer_expiry_fn
                0x000028f8        0xc zephyr/libzephyr.a(log_core.c.obj)
 .text.z_log_init
                0x00002904       0x90 zephyr/libzephyr.a(log_core.c.obj)
 .text.log_format_func_t_get
                0x00002994        0xc zephyr/libzephyr.a(log_core.c.obj)
                0x00002994                log_format_func_t_get
 .text.log_set_timestamp_func
                0x000029a0       0x20 zephyr/libzephyr.a(log_core.c.obj)
                0x000029a0                log_set_timestamp_func
 .text.z_log_notify_backend_enabled
                0x000029c0       0x1c zephyr/libzephyr.a(log_core.c.obj)
                0x000029c0                z_log_notify_backend_enabled
 .text.z_log_dropped
                0x000029dc       0x44 zephyr/libzephyr.a(log_core.c.obj)
                0x000029dc                z_log_dropped
 .text.z_log_dropped_read_and_clear
                0x00002a20       0x20 zephyr/libzephyr.a(log_core.c.obj)
                0x00002a20                z_log_dropped_read_and_clear
 .text.dropped_notify
                0x00002a40       0x30 zephyr/libzephyr.a(log_core.c.obj)
                0x00002a40                dropped_notify
 .text.z_log_msg_init
                0x00002a70       0x20 zephyr/libzephyr.a(log_core.c.obj)
                0x00002a70                z_log_msg_init
 .text.log_core_init
                0x00002a90       0x38 zephyr/libzephyr.a(log_core.c.obj)
                0x00002a90                log_core_init
 .text.z_log_msg_alloc
                0x00002ac8       0x10 zephyr/libzephyr.a(log_core.c.obj)
                0x00002ac8                z_log_msg_alloc
 .text.z_log_msg_local_claim
                0x00002ad8        0xc zephyr/libzephyr.a(log_core.c.obj)
                0x00002ad8                z_log_msg_local_claim
 .text.z_log_msg_free
                0x00002ae4       0x10 zephyr/libzephyr.a(log_core.c.obj)
                0x00002ae4                z_log_msg_free
 .text.z_log_msg_pending
                0x00002af4        0xc zephyr/libzephyr.a(log_core.c.obj)
                0x00002af4                z_log_msg_pending
 .text.z_impl_log_process
                0x00002b00       0xf4 zephyr/libzephyr.a(log_core.c.obj)
                0x00002b00                z_impl_log_process
 .text.z_impl_log_panic
                0x00002bf4       0x44 zephyr/libzephyr.a(log_core.c.obj)
                0x00002bf4                z_impl_log_panic
 .text.log_process_thread_func
                0x00002c38       0x98 zephyr/libzephyr.a(log_core.c.obj)
 .text.z_log_msg_post_finalize
                0x00002cd0       0x78 zephyr/libzephyr.a(log_core.c.obj)
 .text.z_log_msg_commit
                0x00002d48       0x24 zephyr/libzephyr.a(log_core.c.obj)
                0x00002d48                z_log_msg_commit
 .text.log_source_name_get
                0x00002d6c       0x1c zephyr/libzephyr.a(log_mgmt.c.obj)
                0x00002d6c                log_source_name_get
 .text.z_log_runtime_filters_init
                0x00002d88       0x34 zephyr/libzephyr.a(log_mgmt.c.obj)
                0x00002d88                z_log_runtime_filters_init
 .text.log_source_id_get
                0x00002dbc       0x38 zephyr/libzephyr.a(log_mgmt.c.obj)
                0x00002dbc                log_source_id_get
 .text.filter_set
                0x00002df4       0xbc zephyr/libzephyr.a(log_mgmt.c.obj)
                0x00002df4                filter_set
 .text.backend_filter_set
                0x00002eb0       0x30 zephyr/libzephyr.a(log_mgmt.c.obj)
 .text.log_backend_enable
                0x00002ee0       0x34 zephyr/libzephyr.a(log_mgmt.c.obj)
                0x00002ee0                log_backend_enable
 .text.log_filter_get
                0x00002f14       0x4c zephyr/libzephyr.a(log_mgmt.c.obj)
                0x00002f14                log_filter_get
 .text.z_impl_z_log_msg_static_create
                0x00002f60      0x108 zephyr/libzephyr.a(log_msg.c.obj)
                0x00002f60                z_impl_z_log_msg_static_create
 .text.z_log_msg_runtime_vcreate
                0x00003068       0xb4 zephyr/libzephyr.a(log_msg.c.obj)
                0x00003068                z_log_msg_runtime_vcreate
 .text.log_msg_get_source_id
                0x0000311c       0x18 zephyr/libzephyr.a(log_msg.c.obj)
                0x0000311c                log_msg_get_source_id
 .text.print_formatted
                0x00003134       0x24 zephyr/libzephyr.a(log_output.c.obj)
 .text.newline_print
                0x00003158       0x1c zephyr/libzephyr.a(log_output.c.obj)
 .text.log_output_process
                0x00003174      0x26c zephyr/libzephyr.a(log_output.c.obj)
                0x00003174                log_output_process
 .text.log_output_dropped_process
                0x000033e0       0x58 zephyr/libzephyr.a(log_output.c.obj)
                0x000033e0                log_output_dropped_process
 .text.log_output_timestamp_freq_set
                0x00003438       0x2c zephyr/libzephyr.a(log_output.c.obj)
                0x00003438                log_output_timestamp_freq_set
 .text.log_backend_rtt_init
                0x00003464        0xc zephyr/libzephyr.a(log_backend_rtt.c.obj)
 .text.format_set
                0x00003470        0xc zephyr/libzephyr.a(log_backend_rtt.c.obj)
 .text.dropped  0x0000347c        0xc zephyr/libzephyr.a(log_backend_rtt.c.obj)
 .text.process  0x00003488       0x24 zephyr/libzephyr.a(log_backend_rtt.c.obj)
 .text.panic    0x000034ac       0x34 zephyr/libzephyr.a(log_backend_rtt.c.obj)
 .text.on_failed_write
                0x000034e0       0x28 zephyr/libzephyr.a(log_backend_rtt.c.obj)
 .text.data_out_block_mode
                0x00003508       0x90 zephyr/libzephyr.a(log_backend_rtt.c.obj)
 .text.mem_attr_get_regions
                0x00003598        0xc zephyr/libzephyr.a(mem_attr.c.obj)
                0x00003598                mem_attr_get_regions
 .text.cmd_kernel_cycles
                0x000035a4       0x1c zephyr/libzephyr.a(cycles.c.obj)
 .text.cmd_kernel_sleep
                0x000035c0       0x50 zephyr/libzephyr.a(sleep.c.obj)
 .text.cmd_kernel_version
                0x00003610       0x18 zephyr/libzephyr.a(version.c.obj)
 .text.cmd_kernel_log_level_set
                0x00003628       0x7c zephyr/libzephyr.a(log-level.c.obj)
 .text.cmd_kernel_thread_list
                0x000036a4       0x34 zephyr/libzephyr.a(list.c.obj)
 .text.shell_tdata_dump
                0x000036d8       0xb8 zephyr/libzephyr.a(list.c.obj)
 .text.cmd_kernel_thread_stacks
                0x00003790       0x6c zephyr/libzephyr.a(stacks.c.obj)
 .text.shell_stack_dump
                0x000037fc       0x60 zephyr/libzephyr.a(stacks.c.obj)
 .text.cmd_device_list
                0x0000385c       0xd0 zephyr/libzephyr.a(device_service.c.obj)
 .text.cmd_devmem
                0x0000392c       0xbc zephyr/libzephyr.a(devmem_service.c.obj)
 .text.cmd_dump
                0x000039e8      0x170 zephyr/libzephyr.a(devmem_service.c.obj)
 .text.set_bypass.isra.0
                0x00003b58       0x44 zephyr/libzephyr.a(devmem_service.c.obj)
 .text.bypass_cb
                0x00003b9c      0x114 zephyr/libzephyr.a(devmem_service.c.obj)
 .text.cmd_load
                0x00003cb0       0xc8 zephyr/libzephyr.a(devmem_service.c.obj)
 .text.enable_shell_uart
                0x00003d78       0x30 zephyr/libzephyr.a(shell_uart.c.obj)
 .text.init     0x00003da8       0x64 zephyr/libzephyr.a(shell_uart.c.obj)
 .text.uart_callback
                0x00003e0c      0x104 zephyr/libzephyr.a(shell_uart.c.obj)
 .text.shell_internal_help_print
                0x00003f10       0x20 zephyr/libzephyr.a(shell.c.obj)
 .text.z_shell_raw_fprintf.constprop.0
                0x00003f30       0x1c zephyr/libzephyr.a(shell.c.obj)
 .text.z_cursor_next_line_move.isra.0
                0x00003f4c        0xc zephyr/libzephyr.a(shell.c.obj)
 .text.execute  0x00003f58      0x2c0 zephyr/libzephyr.a(shell.c.obj)
 .text.state_set.constprop.0
                0x00004218       0x4c zephyr/libzephyr.a(shell.c.obj)
 .text.shell_process
                0x00004264      0x678 zephyr/libzephyr.a(shell.c.obj)
                0x00004264                shell_process
 .text.shell_thread
                0x000048dc       0xcc zephyr/libzephyr.a(shell.c.obj)
                0x000048dc                shell_thread
 .text.cmd_help
                0x000049a8       0x44 zephyr/libzephyr.a(shell.c.obj)
 .text.shell_hexdump_line
                0x000049ec       0xa8 zephyr/libzephyr.a(shell.c.obj)
                0x000049ec                shell_hexdump_line
 .text.shell_init
                0x00004a94       0xf0 zephyr/libzephyr.a(shell.c.obj)
                0x00004a94                shell_init
 .text.z_shell_fprintf_fmt
                0x00004b84       0x28 zephyr/libzephyr.a(shell_fprintf.c.obj)
                0x00004b84                z_shell_fprintf_fmt
 .text.z_shell_cmd_get
                0x00004bac       0x74 zephyr/libzephyr.a(shell_utils.c.obj)
                0x00004bac                z_shell_cmd_get
 .text.z_cursor_next_line_move.isra.0
                0x00004c20        0xc zephyr/libzephyr.a(shell_ops.c.obj)
 .text.z_shell_print_cmd
                0x00004c2c       0x78 zephyr/libzephyr.a(shell_ops.c.obj)
                0x00004c2c                z_shell_print_cmd
 .text.z_shell_op_word_remove
                0x00004ca4       0x9c zephyr/libzephyr.a(shell_ops.c.obj)
                0x00004ca4                z_shell_op_word_remove
 .text.reprint_from_cursor
                0x00004d40       0x6c zephyr/libzephyr.a(shell_ops.c.obj)
 .text.z_shell_op_char_insert
                0x00004dac       0x70 zephyr/libzephyr.a(shell_ops.c.obj)
                0x00004dac                z_shell_op_char_insert
 .text.z_shell_print_prompt_and_cmd
                0x00004e1c       0x30 zephyr/libzephyr.a(shell_ops.c.obj)
                0x00004e1c                z_shell_print_prompt_and_cmd
 .text.z_cursor_next_line_move.isra.0
                0x00004e4c        0xc zephyr/libzephyr.a(shell_help.c.obj)
 .text.z_shell_help_subcmd_print
                0x00004e58       0xa8 zephyr/libzephyr.a(shell_help.c.obj)
                0x00004e58                z_shell_help_subcmd_print
 .text.z_shell_help_cmd_print
                0x00004f00       0x48 zephyr/libzephyr.a(shell_help.c.obj)
                0x00004f00                z_shell_help_cmd_print
 .text.z_shell_help_request
                0x00004f48       0x28 zephyr/libzephyr.a(shell_help.c.obj)
                0x00004f48                z_shell_help_request
 .text.cmd_shell_stats_show
                0x00004f70       0x14 zephyr/libzephyr.a(shell_cmds.c.obj)
 .text.cmd_backends
                0x00004f84       0x44 zephyr/libzephyr.a(shell_cmds.c.obj)
 .text.cmd_prompt_off
                0x00004fc8       0x10 zephyr/libzephyr.a(shell_cmds.c.obj)
 .text.cmd_history
                0x00004fd8       0x40 zephyr/libzephyr.a(shell_cmds.c.obj)
 .text.cmd_get_retval
                0x00005018       0x1c zephyr/libzephyr.a(shell_cmds.c.obj)
 .text.cmd_echo
                0x00005034       0x50 zephyr/libzephyr.a(shell_cmds.c.obj)
 .text.z_shell_wildcard_process
                0x00005084       0xe4 zephyr/libzephyr.a(shell_wildcard.c.obj)
                0x00005084                z_shell_wildcard_process
 .text.boot_banner
                0x00005168       0x1c zephyr/libzephyr.a(banner.c.obj)
                0x00005168                boot_banner
 .text.nrf_cc3xx_platform_abort_init
                0x00005184        0xc zephyr/libzephyr.a(nrf_cc3xx_platform_abort_zephyr.c.obj)
                0x00005184                nrf_cc3xx_platform_abort_init
 .text.mutex_free_platform
                0x00005190       0x54 zephyr/libzephyr.a(nrf_cc3xx_platform_mutex_zephyr.c.obj)
 .text.mutex_lock_platform
                0x000051e4       0x60 zephyr/libzephyr.a(nrf_cc3xx_platform_mutex_zephyr.c.obj)
 .text.mutex_unlock_platform
                0x00005244       0x58 zephyr/libzephyr.a(nrf_cc3xx_platform_mutex_zephyr.c.obj)
 .text.mutex_init_platform
                0x0000529c       0x94 zephyr/libzephyr.a(nrf_cc3xx_platform_mutex_zephyr.c.obj)
 .text.nrf_cc3xx_platform_mutex_init
                0x00005330       0x2c zephyr/libzephyr.a(nrf_cc3xx_platform_mutex_zephyr.c.obj)
                0x00005330                nrf_cc3xx_platform_mutex_init
 .text.z_isr_install
                0x0000535c       0x1c zephyr/arch/common/libarch__common.a(dynamic_isr.c.obj)
                0x0000535c                z_isr_install
 .text.z_arm_fatal_error
                0x00005378       0xe0 zephyr/arch/arch/arm/core/libarch__arm__core.a(fatal.c.obj)
                0x00005378                z_arm_fatal_error
 .text.z_SysNmiOnReset
                0x00005458        0x8 zephyr/arch/arch/arm/core/libarch__arm__core.a(nmi_on_reset.S.obj)
                0x00005458                z_SysNmiOnReset
 .text._HandlerModeExit
                0x00005460       0x28 zephyr/arch/arch/arm/core/cortex_m/libarch__arm__core__cortex_m.a(exc_exit.c.obj)
                0x00005460                z_arm_exc_exit
                0x00005460                z_arm_int_exit
 .text.usage_fault.isra.0
                0x00005488       0xdc zephyr/arch/arch/arm/core/cortex_m/libarch__arm__core__cortex_m.a(fault.c.obj)
 .text.bus_fault.isra.0
                0x00005564      0x108 zephyr/arch/arch/arm/core/cortex_m/libarch__arm__core__cortex_m.a(fault.c.obj)
 .text.mem_manage_fault
                0x0000566c      0x140 zephyr/arch/arch/arm/core/cortex_m/libarch__arm__core__cortex_m.a(fault.c.obj)
 .text.z_arm_fault
                0x000057ac      0x214 zephyr/arch/arch/arm/core/cortex_m/libarch__arm__core__cortex_m.a(fault.c.obj)
                0x000057ac                z_arm_fault
 .text.z_arm_fault_init
                0x000059c0       0x18 zephyr/arch/arch/arm/core/cortex_m/libarch__arm__core__cortex_m.a(fault.c.obj)
                0x000059c0                z_arm_fault_init
 .text.__fault  0x000059d8       0x14 zephyr/arch/arch/arm/core/cortex_m/libarch__arm__core__cortex_m.a(fault_s.S.obj)
                0x000059d8                z_arm_bus_fault
                0x000059d8                z_arm_usage_fault
                0x000059d8                z_arm_mpu_fault
                0x000059d8                z_arm_exc_spurious
                0x000059d8                z_arm_debug_monitor
                0x000059d8                z_arm_hard_fault
 .text._reset_section
                0x000059ec       0x64 zephyr/arch/arch/arm/core/cortex_m/libarch__arm__core__cortex_m.a(reset.S.obj)
                0x000059ec                z_arm_reset
                0x000059ec                __start
 .text.z_arm_clear_arm_mpu_config
                0x00005a50       0x24 zephyr/arch/arch/arm/core/cortex_m/libarch__arm__core__cortex_m.a(scb.c.obj)
                0x00005a50                z_arm_clear_arm_mpu_config
 .text.z_arm_init_arch_hw_at_boot
                0x00005a74       0x64 zephyr/arch/arch/arm/core/cortex_m/libarch__arm__core__cortex_m.a(scb.c.obj)
                0x00005a74                z_arm_init_arch_hw_at_boot
 .text.z_impl_k_thread_abort
                0x00005ad8       0x2c zephyr/arch/arch/arm/core/cortex_m/libarch__arm__core__cortex_m.a(thread_abort.c.obj)
                0x00005ad8                z_impl_k_thread_abort
 .text.z_arm_pendsv
                0x00005b04       0x58 zephyr/arch/arch/arm/core/cortex_m/libarch__arm__core__cortex_m.a(swap_helper.S.obj)
                0x00005b04                z_arm_pendsv
 .text.z_arm_svc
                0x00005b5c       0x24 zephyr/arch/arch/arm/core/cortex_m/libarch__arm__core__cortex_m.a(swap_helper.S.obj)
                0x00005b5c                z_arm_svc
 .text.__NVIC_SetPriority
                0x00005b80       0x28 zephyr/arch/arch/arm/core/cortex_m/libarch__arm__core__cortex_m.a(irq_manage.c.obj)
 .text.arch_irq_enable
                0x00005ba8       0x1c zephyr/arch/arch/arm/core/cortex_m/libarch__arm__core__cortex_m.a(irq_manage.c.obj)
                0x00005ba8                arch_irq_enable
 .text.arch_irq_disable
                0x00005bc4       0x28 zephyr/arch/arch/arm/core/cortex_m/libarch__arm__core__cortex_m.a(irq_manage.c.obj)
                0x00005bc4                arch_irq_disable
 .text.arch_irq_is_enabled
                0x00005bec       0x1c zephyr/arch/arch/arm/core/cortex_m/libarch__arm__core__cortex_m.a(irq_manage.c.obj)
                0x00005bec                arch_irq_is_enabled
 .text.z_prep_c
                0x00005c08       0x38 zephyr/arch/arch/arm/core/cortex_m/libarch__arm__core__cortex_m.a(prep_c.c.obj)
                0x00005c08                z_prep_c
 .text.arch_new_thread
                0x00005c40       0x38 zephyr/arch/arch/arm/core/cortex_m/libarch__arm__core__cortex_m.a(thread.c.obj)
                0x00005c40                arch_new_thread
 .text.z_check_thread_stack_fail
                0x00005c78       0x30 zephyr/arch/arch/arm/core/cortex_m/libarch__arm__core__cortex_m.a(thread.c.obj)
                0x00005c78                z_check_thread_stack_fail
 .text.arch_switch_to_main_thread
                0x00005ca8       0x34 zephyr/arch/arch/arm/core/cortex_m/libarch__arm__core__cortex_m.a(thread.c.obj)
                0x00005ca8                arch_switch_to_main_thread
 .text.z_arm_cpu_idle_init
                0x00005cdc        0xc zephyr/arch/arch/arm/core/cortex_m/libarch__arm__core__cortex_m.a(cpu_idle.c.obj)
                0x00005cdc                z_arm_cpu_idle_init
 .text.z_arm_interrupt_init
                0x00005ce8       0x18 zephyr/arch/arch/arm/core/cortex_m/libarch__arm__core__cortex_m.a(irq_init.c.obj)
                0x00005ce8                z_arm_interrupt_init
 .text._isr_wrapper
                0x00005d00       0x24 zephyr/arch/arch/arm/core/cortex_m/libarch__arm__core__cortex_m.a(isr_wrapper.c.obj)
                0x00005d00                _isr_wrapper
 .text.z_arm_configure_static_mpu_regions
                0x00005d24       0x18 zephyr/arch/arch/arm/core/mpu/libarch__arm__core__mpu.a(arm_core_mpu.c.obj)
                0x00005d24                z_arm_configure_static_mpu_regions
 .text.z_arm_configure_dynamic_mpu_regions
                0x00005d3c       0x24 zephyr/arch/arch/arm/core/mpu/libarch__arm__core__mpu.a(arm_core_mpu.c.obj)
                0x00005d3c                z_arm_configure_dynamic_mpu_regions
 .text.region_allocate_and_init
                0x00005d60       0x58 zephyr/arch/arch/arm/core/mpu/libarch__arm__core__mpu.a(arm_mpu.c.obj)
 .text.mpu_configure_regions
                0x00005db8       0x70 zephyr/arch/arch/arm/core/mpu/libarch__arm__core__mpu.a(arm_mpu.c.obj)
 .text.arm_core_mpu_enable
                0x00005e28       0x18 zephyr/arch/arch/arm/core/mpu/libarch__arm__core__mpu.a(arm_mpu.c.obj)
                0x00005e28                arm_core_mpu_enable
 .text.arm_core_mpu_disable
                0x00005e40       0x14 zephyr/arch/arch/arm/core/mpu/libarch__arm__core__mpu.a(arm_mpu.c.obj)
                0x00005e40                arm_core_mpu_disable
 .text.arm_core_mpu_configure_static_mpu_regions
                0x00005e54       0x14 zephyr/arch/arch/arm/core/mpu/libarch__arm__core__mpu.a(arm_mpu.c.obj)
                0x00005e54                arm_core_mpu_configure_static_mpu_regions
 .text.arm_core_mpu_configure_dynamic_mpu_regions
                0x00005e68       0x38 zephyr/arch/arch/arm/core/mpu/libarch__arm__core__mpu.a(arm_mpu.c.obj)
                0x00005e68                arm_core_mpu_configure_dynamic_mpu_regions
 .text.z_arm_mpu_init
                0x00005ea0      0x178 zephyr/arch/arch/arm/core/mpu/libarch__arm__core__mpu.a(arm_mpu.c.obj)
                0x00005ea0                z_arm_mpu_init
 .text.cbvprintf
                0x00006018       0x38 zephyr/lib/libc/picolibc/liblib__libc__picolibc.a(cbprintf.c.obj)
                0x00006018                cbvprintf
 .text.z_impl_zephyr_fputc
                0x00006050       0x10 zephyr/lib/libc/picolibc/liblib__libc__picolibc.a(stdio.c.obj)
                0x00006050                z_impl_zephyr_fputc
 .text.__stdout_hook_install
                0x00006060       0x18 zephyr/lib/libc/picolibc/liblib__libc__picolibc.a(stdio.c.obj)
                0x00006060                __stdout_hook_install
 .text.malloc_prepare
                0x00006078       0x24 zephyr/lib/libc/common/liblib__libc__common.a(malloc.c.obj)
 .text.getopt_init
                0x0000609c       0x48 zephyr/lib/posix/options/liblib__posix__options.a(getopt.c.obj)
                0x0000609c                getopt_init
 .text.getopt   0x000060e4       0xf4 zephyr/lib/posix/options/liblib__posix__options.a(getopt.c.obj)
                0x000060e4                getopt
 .text.z_getopt_global_state_update
                0x000061d8       0x34 zephyr/lib/posix/options/liblib__posix__options.a(getopt_common.c.obj)
                0x000061d8                z_getopt_global_state_update
 .text.getopt_state_get
                0x0000620c        0x8 zephyr/lib/posix/options/liblib__posix__options.a(getopt_common.c.obj)
                0x0000620c                getopt_state_get
 .text.nordicsemi_nrf52_init
                0x00006214       0x38 zephyr/soc/soc/nrf52840/libsoc__nordic.a(soc.c.obj)
 .text.arch_busy_wait
                0x0000624c       0x14 zephyr/soc/soc/nrf52840/libsoc__nordic.a(soc.c.obj)
                0x0000624c                arch_busy_wait
 .text.z_impl_sys_rand_get
                0x00006260       0x40 zephyr/subsys/random/libsubsys__random.a(random_entropy_device.c.obj)
                0x00006260                z_impl_sys_rand_get
 .text.onoff_stop
                0x000062a0       0x30 zephyr/drivers/clock_control/libdrivers__clock_control.a(clock_control_nrf.c.obj)
 .text.onoff_start
                0x000062d0       0x44 zephyr/drivers/clock_control/libdrivers__clock_control.a(clock_control_nrf.c.obj)
 .text.clk_init
                0x00006314       0x58 zephyr/drivers/clock_control/libdrivers__clock_control.a(clock_control_nrf.c.obj)
 .text.api_blocking_start
                0x0000636c       0x38 zephyr/drivers/clock_control/libdrivers__clock_control.a(clock_control_nrf.c.obj)
 .text.generic_hfclk_stop
                0x000063a4       0x34 zephyr/drivers/clock_control/libdrivers__clock_control.a(clock_control_nrf.c.obj)
 .text.clkstarted_handle.constprop.0
                0x000063d8       0x4c zephyr/drivers/clock_control/libdrivers__clock_control.a(clock_control_nrf.c.obj)
 .text.generic_hfclk_start
                0x00006424       0x78 zephyr/drivers/clock_control/libdrivers__clock_control.a(clock_control_nrf.c.obj)
 .text.clock_event_handler
                0x0000649c       0x1c zephyr/drivers/clock_control/libdrivers__clock_control.a(clock_control_nrf.c.obj)
 .text.z_nrf_clock_control_get_onoff
                0x000064b8       0x10 zephyr/drivers/clock_control/libdrivers__clock_control.a(clock_control_nrf.c.obj)
                0x000064b8                z_nrf_clock_control_get_onoff
 .text.z_nrf_clock_control_lf_on
                0x000064c8       0xfc zephyr/drivers/clock_control/libdrivers__clock_control.a(clock_control_nrf.c.obj)
                0x000064c8                z_nrf_clock_control_lf_on
 .text.uart_poll_out.constprop.0
                0x000065c4       0x10 zephyr/drivers/console/libdrivers__console.a(uart_console.c.obj)
 .text.uart_console_init
                0x000065d4       0x28 zephyr/drivers/console/libdrivers__console.a(uart_console.c.obj)
 .text.random_byte_get
                0x000065fc       0x3c zephyr/drivers/entropy/libdrivers__entropy.a(entropy_nrf5.c.obj)
 .text.rng_pool_get
                0x00006638       0x84 zephyr/drivers/entropy/libdrivers__entropy.a(entropy_nrf5.c.obj)
 .text.entropy_nrf5_get_entropy_isr
                0x000066bc       0xb0 zephyr/drivers/entropy/libdrivers__entropy.a(entropy_nrf5.c.obj)
 .text.entropy_nrf5_get_entropy
                0x0000676c       0x54 zephyr/drivers/entropy/libdrivers__entropy.a(entropy_nrf5.c.obj)
 .text.entropy_nrf5_init
                0x000067c0       0x70 zephyr/drivers/entropy/libdrivers__entropy.a(entropy_nrf5.c.obj)
 .text.isr      0x00006830       0x74 zephyr/drivers/entropy/libdrivers__entropy.a(entropy_nrf5.c.obj)
 .text.gpio_nrfx_init
                0x000068a4       0x48 zephyr/drivers/gpio/libdrivers__gpio.a(gpio_nrfx.c.obj)
 .text.gpio_nrfx_pin_configure
                0x000068ec      0x190 zephyr/drivers/gpio/libdrivers__gpio.a(gpio_nrfx.c.obj)
 .text.nrfx_gpio_handler
                0x00006a7c       0x4c zephyr/drivers/gpio/libdrivers__gpio.a(gpio_nrfx.c.obj)
 .text.gpio_nrfx_pin_interrupt_configure
                0x00006ac8      0x100 zephyr/drivers/gpio/libdrivers__gpio.a(gpio_nrfx.c.obj)
 .text.nrf_gpio_pin_port_decode
                0x00006bc8       0x20 zephyr/drivers/pinctrl/libdrivers__pinctrl.a(pinctrl_nrf.c.obj)
 .text.pinctrl_configure_pins
                0x00006be8      0x17c zephyr/drivers/pinctrl/libdrivers__pinctrl.a(pinctrl_nrf.c.obj)
                0x00006be8                pinctrl_configure_pins
 .text.event_txdrdy_check
                0x00006d64       0x20 zephyr/drivers/serial/libdrivers__serial.a(uart_nrfx_uart.c.obj)
 .text.uart_nrfx_poll_in
                0x00006d84       0x24 zephyr/drivers/serial/libdrivers__serial.a(uart_nrfx_uart.c.obj)
 .text.uart_nrfx_err_check
                0x00006da8       0x10 zephyr/drivers/serial/libdrivers__serial.a(uart_nrfx_uart.c.obj)
 .text.uart_nrfx_fifo_read
                0x00006db8       0x2c zephyr/drivers/serial/libdrivers__serial.a(uart_nrfx_uart.c.obj)
 .text.uart_nrfx_irq_tx_enable
                0x00006de4       0x48 zephyr/drivers/serial/libdrivers__serial.a(uart_nrfx_uart.c.obj)
 .text.uart_nrfx_irq_tx_disable
                0x00006e2c        0xc zephyr/drivers/serial/libdrivers__serial.a(uart_nrfx_uart.c.obj)
 .text.uart_nrfx_irq_rx_enable
                0x00006e38       0x10 zephyr/drivers/serial/libdrivers__serial.a(uart_nrfx_uart.c.obj)
 .text.uart_nrfx_irq_rx_disable
                0x00006e48       0x10 zephyr/drivers/serial/libdrivers__serial.a(uart_nrfx_uart.c.obj)
 .text.uart_nrfx_irq_tx_ready_complete
                0x00006e58       0x28 zephyr/drivers/serial/libdrivers__serial.a(uart_nrfx_uart.c.obj)
 .text.uart_nrfx_irq_rx_ready
                0x00006e80       0x14 zephyr/drivers/serial/libdrivers__serial.a(uart_nrfx_uart.c.obj)
 .text.uart_nrfx_irq_err_enable
                0x00006e94       0x10 zephyr/drivers/serial/libdrivers__serial.a(uart_nrfx_uart.c.obj)
 .text.uart_nrfx_irq_err_disable
                0x00006ea4       0x10 zephyr/drivers/serial/libdrivers__serial.a(uart_nrfx_uart.c.obj)
 .text.uart_nrfx_irq_is_pending
                0x00006eb4       0x34 zephyr/drivers/serial/libdrivers__serial.a(uart_nrfx_uart.c.obj)
 .text.uart_nrfx_irq_callback_set
                0x00006ee8       0x14 zephyr/drivers/serial/libdrivers__serial.a(uart_nrfx_uart.c.obj)
 .text.uart_nrfx_isr
                0x00006efc       0x4c zephyr/drivers/serial/libdrivers__serial.a(uart_nrfx_uart.c.obj)
 .text.uart_nrfx_poll_out
                0x00006f48       0x84 zephyr/drivers/serial/libdrivers__serial.a(uart_nrfx_uart.c.obj)
 .text.uart_nrfx_init
                0x00006fcc      0x1c4 zephyr/drivers/serial/libdrivers__serial.a(uart_nrfx_uart.c.obj)
 .text.uart_nrfx_fifo_fill
                0x00007190       0x38 zephyr/drivers/serial/libdrivers__serial.a(uart_nrfx_uart.c.obj)
 .text.uarte_nrfx_poll_out
                0x000071c8       0xb4 zephyr/drivers/serial/libdrivers__serial.a(uart_nrfx_uarte.c.obj)
 .text.uarte_1_init
                0x0000727c      0x10c zephyr/drivers/serial/libdrivers__serial.a(uart_nrfx_uarte.c.obj)
 .text.compare_int_lock
                0x00007388       0x4c zephyr/drivers/timer/libdrivers__timer.a(nrf_rtc_timer.c.obj)
 .text.sys_clock_timeout_handler
                0x000073d4       0x48 zephyr/drivers/timer/libdrivers__timer.a(nrf_rtc_timer.c.obj)
 .text.compare_int_unlock
                0x0000741c       0x5c zephyr/drivers/timer/libdrivers__timer.a(nrf_rtc_timer.c.obj)
 .text.z_nrf_rtc_timer_read
                0x00007478       0x44 zephyr/drivers/timer/libdrivers__timer.a(nrf_rtc_timer.c.obj)
                0x00007478                z_nrf_rtc_timer_read
 .text.compare_set
                0x000074bc      0x130 zephyr/drivers/timer/libdrivers__timer.a(nrf_rtc_timer.c.obj)
 .text.sys_clock_driver_init
                0x000075ec       0x90 zephyr/drivers/timer/libdrivers__timer.a(nrf_rtc_timer.c.obj)
 .text.rtc_nrf_isr
                0x0000767c       0xd0 zephyr/drivers/timer/libdrivers__timer.a(nrf_rtc_timer.c.obj)
                0x0000767c                rtc_nrf_isr
 .text.sys_clock_set_timeout
                0x0000774c       0x5c zephyr/drivers/timer/libdrivers__timer.a(nrf_rtc_timer.c.obj)
                0x0000774c                sys_clock_set_timeout
 .text.sys_clock_elapsed
                0x000077a8       0x14 zephyr/drivers/timer/libdrivers__timer.a(nrf_rtc_timer.c.obj)
                0x000077a8                sys_clock_elapsed
 .text.nvmc_wait
                0x000077bc       0x10 modules/hal_nordic/modules/hal_nordic/nrfx/libmodules__hal_nordic__nrfx.a(system_nrf52840.c.obj)
                0x000077bc                nvmc_wait
 .text.SystemInit
                0x000077cc      0x1ac modules/hal_nordic/modules/hal_nordic/nrfx/libmodules__hal_nordic__nrfx.a(system_nrf52840.c.obj)
                0x000077cc                SystemInit
 .text.nrfx_flag32_alloc
                0x00007978       0x48 modules/hal_nordic/modules/hal_nordic/nrfx/libmodules__hal_nordic__nrfx.a(nrfx_flag32_allocator.c.obj)
                0x00007978                nrfx_flag32_alloc
 .text.nrfx_flag32_free
                0x000079c0       0x40 modules/hal_nordic/modules/hal_nordic/nrfx/libmodules__hal_nordic__nrfx.a(nrfx_flag32_allocator.c.obj)
                0x000079c0                nrfx_flag32_free
 .text.nrfx_gppi_channel_check
                0x00007a00       0x14 modules/hal_nordic/modules/hal_nordic/nrfx/libmodules__hal_nordic__nrfx.a(nrfx_gppi_ppi.c.obj)
                0x00007a00                nrfx_gppi_channel_check
 .text.nrfx_gppi_channels_enable
                0x00007a14        0xc modules/hal_nordic/modules/hal_nordic/nrfx/libmodules__hal_nordic__nrfx.a(nrfx_gppi_ppi.c.obj)
                0x00007a14                nrfx_gppi_channels_enable
 .text.nrfx_gppi_channels_disable
                0x00007a20        0xc modules/hal_nordic/modules/hal_nordic/nrfx/libmodules__hal_nordic__nrfx.a(nrfx_gppi_ppi.c.obj)
                0x00007a20                nrfx_gppi_channels_disable
 .text.nrfx_gppi_fork_endpoint_setup
                0x00007a2c       0x10 modules/hal_nordic/modules/hal_nordic/nrfx/libmodules__hal_nordic__nrfx.a(nrfx_gppi_ppi.c.obj)
                0x00007a2c                nrfx_gppi_fork_endpoint_setup
 .text.nrfx_gppi_fork_endpoint_clear
                0x00007a3c       0x14 modules/hal_nordic/modules/hal_nordic/nrfx/libmodules__hal_nordic__nrfx.a(nrfx_gppi_ppi.c.obj)
                0x00007a3c                nrfx_gppi_fork_endpoint_clear
 .text.clock_stop
                0x00007a50       0xa0 modules/hal_nordic/modules/hal_nordic/nrfx/libmodules__hal_nordic__nrfx.a(nrfx_clock.c.obj)
 .text.nrfx_clock_init
                0x00007af0       0x20 modules/hal_nordic/modules/hal_nordic/nrfx/libmodules__hal_nordic__nrfx.a(nrfx_clock.c.obj)
                0x00007af0                nrfx_clock_init
 .text.nrfx_clock_enable
                0x00007b10       0x24 modules/hal_nordic/modules/hal_nordic/nrfx/libmodules__hal_nordic__nrfx.a(nrfx_clock.c.obj)
                0x00007b10                nrfx_clock_enable
 .text.nrfx_clock_start
                0x00007b34       0xac modules/hal_nordic/modules/hal_nordic/nrfx/libmodules__hal_nordic__nrfx.a(nrfx_clock.c.obj)
                0x00007b34                nrfx_clock_start
 .text.nrfx_power_clock_irq_handler
                0x00007be0       0x7c modules/hal_nordic/modules/hal_nordic/nrfx/libmodules__hal_nordic__nrfx.a(nrfx_clock.c.obj)
                0x00007be0                nrfx_power_clock_irq_handler
 .text.nrf_gpio_pin_port_decode
                0x00007c5c       0x20 modules/hal_nordic/modules/hal_nordic/nrfx/libmodules__hal_nordic__nrfx.a(nrfx_gpiote.c.obj)
 .text.get_pin_idx
                0x00007c7c       0x14 modules/hal_nordic/modules/hal_nordic/nrfx/libmodules__hal_nordic__nrfx.a(nrfx_gpiote.c.obj)
 .text.call_handler.constprop.0
                0x00007c90       0x40 modules/hal_nordic/modules/hal_nordic/nrfx/libmodules__hal_nordic__nrfx.a(nrfx_gpiote.c.obj)
 .text.latch_pending_read_and_check
                0x00007cd0       0x40 modules/hal_nordic/modules/hal_nordic/nrfx/libmodules__hal_nordic__nrfx.a(nrfx_gpiote.c.obj)
 .text.release_handler.isra.0
                0x00007d10       0x58 modules/hal_nordic/modules/hal_nordic/nrfx/libmodules__hal_nordic__nrfx.a(nrfx_gpiote.c.obj)
 .text.pin_te_get.isra.0
                0x00007d68       0x18 modules/hal_nordic/modules/hal_nordic/nrfx/libmodules__hal_nordic__nrfx.a(nrfx_gpiote.c.obj)
 .text.pin_in_use_by_te.isra.0
                0x00007d80       0x18 modules/hal_nordic/modules/hal_nordic/nrfx/libmodules__hal_nordic__nrfx.a(nrfx_gpiote.c.obj)
 .text.__nrfy_internal_gpiote_events_process.constprop.0
                0x00007d98       0x5c modules/hal_nordic/modules/hal_nordic/nrfx/libmodules__hal_nordic__nrfx.a(nrfx_gpiote.c.obj)
 .text.pin_is_input.isra.0
                0x00007df4       0x20 modules/hal_nordic/modules/hal_nordic/nrfx/libmodules__hal_nordic__nrfx.a(nrfx_gpiote.c.obj)
 .text.pin_uninit
                0x00007e14       0x80 modules/hal_nordic/modules/hal_nordic/nrfx/libmodules__hal_nordic__nrfx.a(nrfx_gpiote.c.obj)
 .text.nrfx_gpiote_input_configure
                0x00007e94      0x16c modules/hal_nordic/modules/hal_nordic/nrfx/libmodules__hal_nordic__nrfx.a(nrfx_gpiote.c.obj)
                0x00007e94                nrfx_gpiote_input_configure
 .text.nrfx_gpiote_output_configure
                0x00008000       0xfc modules/hal_nordic/modules/hal_nordic/nrfx/libmodules__hal_nordic__nrfx.a(nrfx_gpiote.c.obj)
                0x00008000                nrfx_gpiote_output_configure
 .text.nrfx_gpiote_global_callback_set
                0x000080fc        0xc modules/hal_nordic/modules/hal_nordic/nrfx/libmodules__hal_nordic__nrfx.a(nrfx_gpiote.c.obj)
                0x000080fc                nrfx_gpiote_global_callback_set
 .text.nrfx_gpiote_channel_get
                0x00008108       0x34 modules/hal_nordic/modules/hal_nordic/nrfx/libmodules__hal_nordic__nrfx.a(nrfx_gpiote.c.obj)
                0x00008108                nrfx_gpiote_channel_get
 .text.nrfx_gpiote_init
                0x0000813c       0x68 modules/hal_nordic/modules/hal_nordic/nrfx/libmodules__hal_nordic__nrfx.a(nrfx_gpiote.c.obj)
                0x0000813c                nrfx_gpiote_init
 .text.nrfx_gpiote_init_check
                0x000081a4       0x14 modules/hal_nordic/modules/hal_nordic/nrfx/libmodules__hal_nordic__nrfx.a(nrfx_gpiote.c.obj)
                0x000081a4                nrfx_gpiote_init_check
 .text.nrfx_gpiote_channel_free
                0x000081b8        0xc modules/hal_nordic/modules/hal_nordic/nrfx/libmodules__hal_nordic__nrfx.a(nrfx_gpiote.c.obj)
                0x000081b8                nrfx_gpiote_channel_free
 .text.nrfx_gpiote_channel_alloc
                0x000081c4        0xc modules/hal_nordic/modules/hal_nordic/nrfx/libmodules__hal_nordic__nrfx.a(nrfx_gpiote.c.obj)
                0x000081c4                nrfx_gpiote_channel_alloc
 .text.nrfx_gpiote_trigger_enable
                0x000081d0       0xa8 modules/hal_nordic/modules/hal_nordic/nrfx/libmodules__hal_nordic__nrfx.a(nrfx_gpiote.c.obj)
                0x000081d0                nrfx_gpiote_trigger_enable
 .text.nrfx_gpiote_0_irq_handler
                0x00008278      0x1ac modules/hal_nordic/modules/hal_nordic/nrfx/libmodules__hal_nordic__nrfx.a(nrfx_gpiote.c.obj)
                0x00008278                nrfx_gpiote_0_irq_handler
 .text.nrfx_ppi_channel_alloc
                0x00008424        0xc modules/hal_nordic/modules/hal_nordic/nrfx/libmodules__hal_nordic__nrfx.a(nrfx_ppi.c.obj)
                0x00008424                nrfx_ppi_channel_alloc
 .text.timer_configure
                0x00008430       0x7c modules/hal_nordic/modules/hal_nordic/nrfx/libmodules__hal_nordic__nrfx.a(nrfx_timer.c.obj)
 .text.nrfx_timer_init
                0x000084ac       0x48 modules/hal_nordic/modules/hal_nordic/nrfx/libmodules__hal_nordic__nrfx.a(nrfx_timer.c.obj)
                0x000084ac                nrfx_timer_init
 .text.nrfx_timer_enable
                0x000084f4       0x1c modules/hal_nordic/modules/hal_nordic/nrfx/libmodules__hal_nordic__nrfx.a(nrfx_timer.c.obj)
                0x000084f4                nrfx_timer_enable
 .text.nrfx_timer_disable
                0x00008510       0x18 modules/hal_nordic/modules/hal_nordic/nrfx/libmodules__hal_nordic__nrfx.a(nrfx_timer.c.obj)
                0x00008510                nrfx_timer_disable
 .text.nrfx_timer_0_irq_handler
                0x00008528       0x6c modules/hal_nordic/modules/hal_nordic/nrfx/libmodules__hal_nordic__nrfx.a(nrfx_timer.c.obj)
                0x00008528                nrfx_timer_0_irq_handler
 .text._DoInit  0x00008594       0x60 modules/segger/libmodules__segger.a(SEGGER_RTT.c.obj)
 .text.SEGGER_RTT_WriteSkipNoLock
                0x000085f4       0x94 modules/segger/libmodules__segger.a(SEGGER_RTT.c.obj)
                0x000085f4                SEGGER_RTT_WriteSkipNoLock
 .text.SEGGER_RTT_HasDataUp
                0x00008688       0x14 modules/segger/libmodules__segger.a(SEGGER_RTT.c.obj)
                0x00008688                SEGGER_RTT_HasDataUp
 .text.SEGGER_RTT_Init
                0x0000869c       0x2c modules/segger/libmodules__segger.a(SEGGER_RTT.c.obj)
                0x0000869c                SEGGER_RTT_Init
 .text.z_device_get_all_static
                0x000086c8       0x18 zephyr/kernel/libkernel.a(device.c.obj)
                0x000086c8                z_device_get_all_static
 .text.z_impl_z_errno
                0x000086e0        0xc zephyr/kernel/libkernel.a(errno.c.obj)
                0x000086e0                z_impl_z_errno
 .text.k_sys_fatal_error_handler
                0x000086ec       0x28 zephyr/kernel/libkernel.a(fatal.c.obj)
                0x000086ec                k_sys_fatal_error_handler
 .text.z_fatal_error
                0x00008714      0x114 zephyr/kernel/libkernel.a(fatal.c.obj)
                0x00008714                z_fatal_error
 .text.z_sys_init_run_level
                0x00008828       0x2c zephyr/kernel/libkernel.a(init.c.obj)
 .text.bg_thread_main
                0x00008854       0xc4 zephyr/kernel/libkernel.a(init.c.obj)
 .text.z_bss_zero
                0x00008918       0x18 zephyr/kernel/libkernel.a(init.c.obj)
                0x00008918                z_bss_zero
 .text.z_init_cpu
                0x00008930       0x78 zephyr/kernel/libkernel.a(init.c.obj)
                0x00008930                z_init_cpu
 .text.z_cstart
                0x000089a8       0xe0 zephyr/kernel/libkernel.a(init.c.obj)
                0x000089a8                z_cstart
 .text.init_mem_slab_obj_core_list
                0x00008a88       0x28 zephyr/kernel/libkernel.a(mem_slab.c.obj)
 .text.k_mem_slab_alloc
                0x00008ab0       0x5c zephyr/kernel/libkernel.a(mem_slab.c.obj)
                0x00008ab0                k_mem_slab_alloc
 .text.z_impl_k_mutex_lock
                0x00008b0c       0xec zephyr/kernel/libkernel.a(mutex.c.obj)
                0x00008b0c                z_impl_k_mutex_lock
 .text.z_impl_k_mutex_unlock
                0x00008bf8       0xa0 zephyr/kernel/libkernel.a(mutex.c.obj)
                0x00008bf8                z_impl_k_mutex_unlock
 .text.z_impl_k_sem_give
                0x00008c98       0x68 zephyr/kernel/libkernel.a(sem.c.obj)
                0x00008c98                z_impl_k_sem_give
 .text.z_impl_k_sem_take
                0x00008d00       0x4c zephyr/kernel/libkernel.a(sem.c.obj)
                0x00008d00                z_impl_k_sem_take
 .text.work_queue_main
                0x00008d4c      0x14c zephyr/kernel/libkernel.a(work.c.obj)
 .text.submit_to_queue_locked
                0x00008e98       0xa0 zephyr/kernel/libkernel.a(work.c.obj)
 .text.k_work_queue_start
                0x00008f38       0x7c zephyr/kernel/libkernel.a(work.c.obj)
                0x00008f38                k_work_queue_start
 .text.k_work_reschedule_for_queue
                0x00008fb4       0x5c zephyr/kernel/libkernel.a(work.c.obj)
                0x00008fb4                k_work_reschedule_for_queue
 .text.k_work_reschedule
                0x00009010        0xc zephyr/kernel/libkernel.a(work.c.obj)
                0x00009010                k_work_reschedule
 .text.z_impl_k_thread_name_set
                0x0000901c       0x20 zephyr/kernel/libkernel.a(thread.c.obj)
                0x0000901c                z_impl_k_thread_name_set
 .text.k_thread_state_str
                0x0000903c       0x7c zephyr/kernel/libkernel.a(thread.c.obj)
                0x0000903c                k_thread_state_str
 .text.z_setup_new_thread
                0x000090b8       0xe8 zephyr/kernel/libkernel.a(thread.c.obj)
                0x000090b8                z_setup_new_thread
 .text.z_impl_k_thread_create
                0x000091a0       0x58 zephyr/kernel/libkernel.a(thread.c.obj)
                0x000091a0                z_impl_k_thread_create
 .text.z_swap_irqlock
                0x000091f8       0x34 zephyr/kernel/libkernel.a(sched.c.obj)
 .text.ready_thread
                0x0000922c       0x84 zephyr/kernel/libkernel.a(sched.c.obj)
 .text.unready_thread
                0x000092b0       0x54 zephyr/kernel/libkernel.a(sched.c.obj)
 .text.move_thread_to_end_of_prio_q
                0x00009304       0x8c zephyr/kernel/libkernel.a(sched.c.obj)
                0x00009304                move_thread_to_end_of_prio_q
 .text.z_pend_curr
                0x00009390       0x58 zephyr/kernel/libkernel.a(sched.c.obj)
                0x00009390                z_pend_curr
 .text.z_thread_prio_set
                0x000093e8       0x94 zephyr/kernel/libkernel.a(sched.c.obj)
                0x000093e8                z_thread_prio_set
 .text.z_reschedule
                0x0000947c       0x24 zephyr/kernel/libkernel.a(sched.c.obj)
                0x0000947c                z_reschedule
 .text.z_reschedule_irqlock
                0x000094a0       0x28 zephyr/kernel/libkernel.a(sched.c.obj)
                0x000094a0                z_reschedule_irqlock
 .text.k_sched_lock
                0x000094c8       0x28 zephyr/kernel/libkernel.a(sched.c.obj)
                0x000094c8                k_sched_lock
 .text.k_sched_unlock
                0x000094f0       0x68 zephyr/kernel/libkernel.a(sched.c.obj)
                0x000094f0                k_sched_unlock
 .text.z_sched_init
                0x00009558       0x10 zephyr/kernel/libkernel.a(sched.c.obj)
                0x00009558                z_sched_init
 .text.z_impl_k_yield
                0x00009568       0x84 zephyr/kernel/libkernel.a(sched.c.obj)
                0x00009568                z_impl_k_yield
 .text.z_tick_sleep
                0x000095ec       0x80 zephyr/kernel/libkernel.a(sched.c.obj)
 .text.z_impl_k_wakeup
                0x0000966c       0x4c zephyr/kernel/libkernel.a(sched.c.obj)
                0x0000966c                z_impl_k_wakeup
 .text.z_impl_k_sched_current_thread_query
                0x000096b8        0xc zephyr/kernel/libkernel.a(sched.c.obj)
                0x000096b8                z_impl_k_sched_current_thread_query
 .text.z_thread_abort
                0x000096c4      0x118 zephyr/kernel/libkernel.a(sched.c.obj)
                0x000096c4                z_thread_abort
 .text.z_sched_wait
                0x000097dc       0x24 zephyr/kernel/libkernel.a(sched.c.obj)
                0x000097dc                z_sched_wait
 .text.slice_timeout
                0x00009800       0x20 zephyr/kernel/libkernel.a(timeslicing.c.obj)
 .text.thread_is_sliceable
                0x00009820       0x3c zephyr/kernel/libkernel.a(timeslicing.c.obj)
                0x00009820                thread_is_sliceable
 .text.z_reset_time_slice
                0x0000985c       0x50 zephyr/kernel/libkernel.a(timeslicing.c.obj)
                0x0000985c                z_reset_time_slice
 .text.z_time_slice
                0x000098ac       0x60 zephyr/kernel/libkernel.a(timeslicing.c.obj)
                0x000098ac                z_time_slice
 .text.z_thread_monitor_exit
                0x0000990c       0x3c zephyr/kernel/libkernel.a(thread_monitor.c.obj)
                0x0000990c                z_thread_monitor_exit
 .text.k_thread_foreach_unlocked
                0x00009948       0x48 zephyr/kernel/libkernel.a(thread_monitor.c.obj)
                0x00009948                k_thread_foreach_unlocked
 .text.z_data_copy
                0x00009990       0x38 zephyr/kernel/libkernel.a(xip.c.obj)
                0x00009990                z_data_copy
 .text.first    0x000099c8       0x10 zephyr/kernel/libkernel.a(timeout.c.obj)
 .text.elapsed  0x000099d8       0x14 zephyr/kernel/libkernel.a(timeout.c.obj)
 .text.remove_timeout
                0x000099ec       0x38 zephyr/kernel/libkernel.a(timeout.c.obj)
 .text.z_add_timeout
                0x00009a24       0xec zephyr/kernel/libkernel.a(timeout.c.obj)
                0x00009a24                z_add_timeout
 .text.sys_clock_announce
                0x00009b10       0xb8 zephyr/kernel/libkernel.a(timeout.c.obj)
                0x00009b10                sys_clock_announce
 .text.sys_clock_tick_get
                0x00009bc8       0x30 zephyr/kernel/libkernel.a(timeout.c.obj)
                0x00009bc8                sys_clock_tick_get
 .text.z_timer_expiration_handler
                0x00009bf8       0xe0 zephyr/kernel/libkernel.a(timer.c.obj)
                0x00009bf8                z_timer_expiration_handler
 .text.z_impl_k_timer_start
                0x00009cd8       0x74 zephyr/kernel/libkernel.a(timer.c.obj)
                0x00009cd8                z_impl_k_timer_start
 .text.z_impl_k_poll
                0x00009d4c       0xb0 zephyr/kernel/libkernel.a(poll.c.obj)
                0x00009d4c                z_impl_k_poll
 .text.z_impl_k_poll_signal_raise
                0x00009dfc       0x4c zephyr/kernel/libkernel.a(poll.c.obj)
                0x00009dfc                z_impl_k_poll_signal_raise
 .text.statics_init
                0x00009e48       0x24 zephyr/kernel/libkernel.a(kheap.c.obj)
 .text.k_sys_work_q_init
                0x00009e6c       0x34 zephyr/kernel/libkernel.a(system_work_q.c.obj)
 .text.psa_get_initialized
                0x00009ea0       0x4c modules/nrf/subsys/nrf_security/src/core/nrf_oberon/liboberon_psa_core.a(psa_crypto.c.obj)
 .text.mbedtls_psa_crypto_free
                0x00009eec       0x8c modules/nrf/subsys/nrf_security/src/core/nrf_oberon/liboberon_psa_core.a(psa_crypto.c.obj)
                0x00009eec                mbedtls_psa_crypto_free
 .text.psa_crypto_init
                0x00009f78      0x104 modules/nrf/subsys/nrf_security/src/core/nrf_oberon/liboberon_psa_core.a(psa_crypto.c.obj)
                0x00009f78                psa_crypto_init
 .text.psa_initialize_key_slots
                0x0000a07c       0x10 modules/nrf/subsys/nrf_security/src/core/nrf_oberon/liboberon_psa_core.a(psa_crypto_slot_management.c.obj)
                0x0000a07c                psa_initialize_key_slots
 .text.psa_wipe_all_key_slots
                0x0000a08c       0x34 modules/nrf/subsys/nrf_security/src/core/nrf_oberon/liboberon_psa_core.a(psa_crypto_slot_management.c.obj)
                0x0000a08c                psa_wipe_all_key_slots
 .text.mbedtls_free
                0x0000a0c0        0xc modules/nrf/subsys/nrf_security/src/core/nrf_oberon/liboberon_psa_core.a(platform.c.obj)
                0x0000a0c0                mbedtls_free
 .text.mbedtls_platform_zeroize
                0x0000a0cc       0x18 modules/nrf/subsys/nrf_security/src/core/nrf_oberon/liboberon_psa_core.a(platform_util.c.obj)
                0x0000a0cc                mbedtls_platform_zeroize
 .text.mutex_init
                0x0000a0e4        0xc /home/uttec/ncs/nrfxlib/crypto/nrf_cc310_platform/lib/cortex-m4/soft-float/no-interrupts/libnrf_cc310_platform_0.9.19.a(threading_alt.c.obj)
                0x0000a0e4                mutex_init
 .text.mutex_lock
                0x0000a0f0        0xc /home/uttec/ncs/nrfxlib/crypto/nrf_cc310_platform/lib/cortex-m4/soft-float/no-interrupts/libnrf_cc310_platform_0.9.19.a(threading_alt.c.obj)
                0x0000a0f0                mutex_lock
 .text.mutex_unlock
                0x0000a0fc        0xc /home/uttec/ncs/nrfxlib/crypto/nrf_cc310_platform/lib/cortex-m4/soft-float/no-interrupts/libnrf_cc310_platform_0.9.19.a(threading_alt.c.obj)
                0x0000a0fc                mutex_unlock
 .text.nrf_cc3xx_platform_init
                0x0000a108       0x44 /home/uttec/ncs/nrfxlib/crypto/nrf_cc310_platform/lib/cortex-m4/soft-float/no-interrupts/libnrf_cc310_platform_0.9.19.a(nrf_cc3xx_platform.c.obj)
                0x0000a108                nrf_cc3xx_platform_init
 .text.nrf_cc3xx_platform_abort
                0x0000a14c       0x24 /home/uttec/ncs/nrfxlib/crypto/nrf_cc310_platform/lib/cortex-m4/soft-float/no-interrupts/libnrf_cc310_platform_0.9.19.a(nrf_cc3xx_platform_abort.c.obj)
 .text.CC_PalAbort
                0x0000a170       0x34 /home/uttec/ncs/nrfxlib/crypto/nrf_cc310_platform/lib/cortex-m4/soft-float/no-interrupts/libnrf_cc310_platform_0.9.19.a(nrf_cc3xx_platform_abort.c.obj)
                0x0000a170                CC_PalAbort
 .text.nrf_cc3xx_platform_set_abort
                0x0000a1a4       0x10 /home/uttec/ncs/nrfxlib/crypto/nrf_cc310_platform/lib/cortex-m4/soft-float/no-interrupts/libnrf_cc310_platform_0.9.19.a(nrf_cc3xx_platform_abort.c.obj)
                0x0000a1a4                nrf_cc3xx_platform_set_abort
 .text.nrf_cc3xx_platform_ctr_drbg_init
                0x0000a1b4       0x60 /home/uttec/ncs/nrfxlib/crypto/nrf_cc310_platform/lib/cortex-m4/soft-float/no-interrupts/libnrf_cc310_platform_0.9.19.a(nrf_cc3xx_platform_ctr_drbg.c.obj)
                0x0000a1b4                nrf_cc3xx_platform_ctr_drbg_init
 .text.nrf_cc3xx_platform_ctr_drbg_get
                0x0000a214       0x44 /home/uttec/ncs/nrfxlib/crypto/nrf_cc310_platform/lib/cortex-m4/soft-float/no-interrupts/libnrf_cc310_platform_0.9.19.a(nrf_cc3xx_platform_ctr_drbg.c.obj)
                0x0000a214                nrf_cc3xx_platform_ctr_drbg_get
 .text.mutex_free
                0x0000a258       0x34 /home/uttec/ncs/nrfxlib/crypto/nrf_cc310_platform/lib/cortex-m4/soft-float/no-interrupts/libnrf_cc310_platform_0.9.19.a(nrf_cc3xx_platform_mutex.c.obj)
 .text.mutex_lock
                0x0000a28c       0x48 /home/uttec/ncs/nrfxlib/crypto/nrf_cc310_platform/lib/cortex-m4/soft-float/no-interrupts/libnrf_cc310_platform_0.9.19.a(nrf_cc3xx_platform_mutex.c.obj)
 .text.mutex_unlock
                0x0000a2d4       0x38 /home/uttec/ncs/nrfxlib/crypto/nrf_cc310_platform/lib/cortex-m4/soft-float/no-interrupts/libnrf_cc310_platform_0.9.19.a(nrf_cc3xx_platform_mutex.c.obj)
 .text.mutex_init
                0x0000a30c       0x20 /home/uttec/ncs/nrfxlib/crypto/nrf_cc310_platform/lib/cortex-m4/soft-float/no-interrupts/libnrf_cc310_platform_0.9.19.a(nrf_cc3xx_platform_mutex.c.obj)
 .text.nrf_cc3xx_platform_set_mutexes
                0x0000a32c       0x74 /home/uttec/ncs/nrfxlib/crypto/nrf_cc310_platform/lib/cortex-m4/soft-float/no-interrupts/libnrf_cc310_platform_0.9.19.a(nrf_cc3xx_platform_mutex.c.obj)
                0x0000a32c                nrf_cc3xx_platform_set_mutexes
 .text.mbedtls_zeroize_internal
                0x0000a3a0       0x14 /home/uttec/ncs/nrfxlib/crypto/nrf_cc310_platform/lib/cortex-m4/soft-float/no-interrupts/libnrf_cc310_platform_0.9.19.a(mbedtls_common.c.obj)
                0x0000a3a0                mbedtls_zeroize_internal
 .text.cc_mbedtls_platform_zeroize
                0x0000a3b4       0x14 /home/uttec/ncs/nrfxlib/crypto/nrf_cc310_platform/lib/cortex-m4/soft-float/no-interrupts/libnrf_cc310_platform_0.9.19.a(mbedtls_common.c.obj)
                0x0000a3b4                cc_mbedtls_platform_zeroize
 .text.block_cipher_df
                0x0000a3c8      0x1d0 /home/uttec/ncs/nrfxlib/crypto/nrf_cc310_platform/lib/cortex-m4/soft-float/no-interrupts/libnrf_cc310_platform_0.9.19.a(ctr_drbg.c.obj)
 .text.ctr_drbg_update_internal
                0x0000a598      0x148 /home/uttec/ncs/nrfxlib/crypto/nrf_cc310_platform/lib/cortex-m4/soft-float/no-interrupts/libnrf_cc310_platform_0.9.19.a(ctr_drbg.c.obj)
 .text.mbedtls_ctr_drbg_reseed_internal
                0x0000a6e0       0xc4 /home/uttec/ncs/nrfxlib/crypto/nrf_cc310_platform/lib/cortex-m4/soft-float/no-interrupts/libnrf_cc310_platform_0.9.19.a(ctr_drbg.c.obj)
 .text.cc_mbedtls_ctr_drbg_init
                0x0000a7a4       0x2c /home/uttec/ncs/nrfxlib/crypto/nrf_cc310_platform/lib/cortex-m4/soft-float/no-interrupts/libnrf_cc310_platform_0.9.19.a(ctr_drbg.c.obj)
                0x0000a7a4                cc_mbedtls_ctr_drbg_init
 .text.cc_mbedtls_ctr_drbg_seed
                0x0000a7d0       0x98 /home/uttec/ncs/nrfxlib/crypto/nrf_cc310_platform/lib/cortex-m4/soft-float/no-interrupts/libnrf_cc310_platform_0.9.19.a(ctr_drbg.c.obj)
                0x0000a7d0                cc_mbedtls_ctr_drbg_seed
 .text.cc_mbedtls_ctr_drbg_random_with_add
                0x0000a868      0x1e4 /home/uttec/ncs/nrfxlib/crypto/nrf_cc310_platform/lib/cortex-m4/soft-float/no-interrupts/libnrf_cc310_platform_0.9.19.a(ctr_drbg.c.obj)
                0x0000a868                cc_mbedtls_ctr_drbg_random_with_add
 .text.entropy_update
                0x0000aa4c       0x7c /home/uttec/ncs/nrfxlib/crypto/nrf_cc310_platform/lib/cortex-m4/soft-float/no-interrupts/libnrf_cc310_platform_0.9.19.a(custom_entropy.c.obj)
 .text.entropy_gather_internal.part.0
                0x0000aac8       0x78 /home/uttec/ncs/nrfxlib/crypto/nrf_cc310_platform/lib/cortex-m4/soft-float/no-interrupts/libnrf_cc310_platform_0.9.19.a(custom_entropy.c.obj)
 .text.cc_mbedtls_entropy_init
                0x0000ab40       0x88 /home/uttec/ncs/nrfxlib/crypto/nrf_cc310_platform/lib/cortex-m4/soft-float/no-interrupts/libnrf_cc310_platform_0.9.19.a(custom_entropy.c.obj)
                0x0000ab40                cc_mbedtls_entropy_init
 .text.cc_mbedtls_entropy_func
                0x0000abc8      0x10c /home/uttec/ncs/nrfxlib/crypto/nrf_cc310_platform/lib/cortex-m4/soft-float/no-interrupts/libnrf_cc310_platform_0.9.19.a(custom_entropy.c.obj)
                0x0000abc8                cc_mbedtls_entropy_func
 .text.RndStartupTest.constprop.0
                0x0000acd4       0x98 /home/uttec/ncs/nrfxlib/crypto/nrf_cc310_platform/lib/cortex-m4/soft-float/no-interrupts/libnrf_cc310_platform_0.9.19.a(cc_lib.c.obj)
 .text.CC_LibInit
                0x0000ad6c       0xc0 /home/uttec/ncs/nrfxlib/crypto/nrf_cc310_platform/lib/cortex-m4/soft-float/no-interrupts/libnrf_cc310_platform_0.9.19.a(cc_lib.c.obj)
                0x0000ad6c                CC_LibInit
 .text.CC_HalInit
                0x0000ae2c        0x4 /home/uttec/ncs/nrfxlib/crypto/nrf_cc310_platform/lib/cortex-m4/soft-float/no-interrupts/libnrf_cc310_platform_0.9.19.a(cc_hal.c.obj)
                0x0000ae2c                CC_HalInit
 .text.CC_HalTerminate
                0x0000ae30        0x4 /home/uttec/ncs/nrfxlib/crypto/nrf_cc310_platform/lib/cortex-m4/soft-float/no-interrupts/libnrf_cc310_platform_0.9.19.a(cc_hal.c.obj)
                0x0000ae30                CC_HalTerminate
 .text.CC_HalClearInterruptBit
                0x0000ae34       0x1c /home/uttec/ncs/nrfxlib/crypto/nrf_cc310_platform/lib/cortex-m4/soft-float/no-interrupts/libnrf_cc310_platform_0.9.19.a(cc_hal.c.obj)
                0x0000ae34                CC_HalClearInterruptBit
 .text.CC_HalMaskInterrupt
                0x0000ae50        0xc /home/uttec/ncs/nrfxlib/crypto/nrf_cc310_platform/lib/cortex-m4/soft-float/no-interrupts/libnrf_cc310_platform_0.9.19.a(cc_hal.c.obj)
                0x0000ae50                CC_HalMaskInterrupt
 .text.CC_HalWaitInterrupt
                0x0000ae5c        0xc /home/uttec/ncs/nrfxlib/crypto/nrf_cc310_platform/lib/cortex-m4/soft-float/no-interrupts/libnrf_cc310_platform_0.9.19.a(cc_hal.c.obj)
                0x0000ae5c                CC_HalWaitInterrupt
 .text.CC_HalWaitInterruptRND
                0x0000ae68        0xc /home/uttec/ncs/nrfxlib/crypto/nrf_cc310_platform/lib/cortex-m4/soft-float/no-interrupts/libnrf_cc310_platform_0.9.19.a(cc_hal.c.obj)
                0x0000ae68                CC_HalWaitInterruptRND
 .text.CC_PalInit
                0x0000ae74       0x5c /home/uttec/ncs/nrfxlib/crypto/nrf_cc310_platform/lib/cortex-m4/soft-float/no-interrupts/libnrf_cc310_platform_0.9.19.a(cc_pal.c.obj)
                0x0000ae74                CC_PalInit
 .text.CC_PalTerminate
                0x0000aed0       0x34 /home/uttec/ncs/nrfxlib/crypto/nrf_cc310_platform/lib/cortex-m4/soft-float/no-interrupts/libnrf_cc310_platform_0.9.19.a(cc_pal.c.obj)
                0x0000aed0                CC_PalTerminate
 .text.CC_PalDmaInit
                0x0000af04        0x4 /home/uttec/ncs/nrfxlib/crypto/nrf_cc310_platform/lib/cortex-m4/soft-float/no-interrupts/libnrf_cc310_platform_0.9.19.a(cc_pal_dma.c.obj)
                0x0000af04                CC_PalDmaInit
 .text.CC_PalDmaTerminate
                0x0000af08        0x4 /home/uttec/ncs/nrfxlib/crypto/nrf_cc310_platform/lib/cortex-m4/soft-float/no-interrupts/libnrf_cc310_platform_0.9.19.a(cc_pal_dma.c.obj)
                0x0000af08                CC_PalDmaTerminate
 .text.CC_PalWaitInterruptRND
                0x0000af0c       0x2c /home/uttec/ncs/nrfxlib/crypto/nrf_cc310_platform/lib/cortex-m4/soft-float/no-interrupts/libnrf_cc310_platform_0.9.19.a(cc_pal_interrupt_ctrl.c.obj)
                0x0000af0c                CC_PalWaitInterruptRND
 .text.CC_PalWaitInterrupt
                0x0000af38       0x18 /home/uttec/ncs/nrfxlib/crypto/nrf_cc310_platform/lib/cortex-m4/soft-float/no-interrupts/libnrf_cc310_platform_0.9.19.a(cc_pal_interrupt_ctrl.c.obj)
                0x0000af38                CC_PalWaitInterrupt
 .text.CC_PalMemCopyPlat
                0x0000af50        0x4 /home/uttec/ncs/nrfxlib/crypto/nrf_cc310_platform/lib/cortex-m4/soft-float/no-interrupts/libnrf_cc310_platform_0.9.19.a(cc_pal_mem.c.obj)
                0x0000af50                CC_PalMemCopyPlat
 .text.CC_PalMemSetPlat
                0x0000af54        0x4 /home/uttec/ncs/nrfxlib/crypto/nrf_cc310_platform/lib/cortex-m4/soft-float/no-interrupts/libnrf_cc310_platform_0.9.19.a(cc_pal_mem.c.obj)
                0x0000af54                CC_PalMemSetPlat
 .text.CC_PalMemSetZeroPlat
                0x0000af58        0x8 /home/uttec/ncs/nrfxlib/crypto/nrf_cc310_platform/lib/cortex-m4/soft-float/no-interrupts/libnrf_cc310_platform_0.9.19.a(cc_pal_mem.c.obj)
                0x0000af58                CC_PalMemSetZeroPlat
 .text.CC_PalMutexCreate
                0x0000af60       0x14 /home/uttec/ncs/nrfxlib/crypto/nrf_cc310_platform/lib/cortex-m4/soft-float/no-interrupts/libnrf_cc310_platform_0.9.19.a(cc_pal_mutex.c.obj)
                0x0000af60                CC_PalMutexCreate
 .text.CC_PalMutexDestroy
                0x0000af74       0x14 /home/uttec/ncs/nrfxlib/crypto/nrf_cc310_platform/lib/cortex-m4/soft-float/no-interrupts/libnrf_cc310_platform_0.9.19.a(cc_pal_mutex.c.obj)
                0x0000af74                CC_PalMutexDestroy
 .text.CC_PalMutexLock
                0x0000af88       0x10 /home/uttec/ncs/nrfxlib/crypto/nrf_cc310_platform/lib/cortex-m4/soft-float/no-interrupts/libnrf_cc310_platform_0.9.19.a(cc_pal_mutex.c.obj)
                0x0000af88                CC_PalMutexLock
 .text.CC_PalMutexUnlock
                0x0000af98       0x14 /home/uttec/ncs/nrfxlib/crypto/nrf_cc310_platform/lib/cortex-m4/soft-float/no-interrupts/libnrf_cc310_platform_0.9.19.a(cc_pal_mutex.c.obj)
                0x0000af98                CC_PalMutexUnlock
 .text.CC_PalPowerSaveModeInit
                0x0000afac       0x3c /home/uttec/ncs/nrfxlib/crypto/nrf_cc310_platform/lib/cortex-m4/soft-float/no-interrupts/libnrf_cc310_platform_0.9.19.a(cc_pal_pm.c.obj)
                0x0000afac                CC_PalPowerSaveModeInit
 .text.CC_PalPowerSaveModeSelect
                0x0000afe8       0x84 /home/uttec/ncs/nrfxlib/crypto/nrf_cc310_platform/lib/cortex-m4/soft-float/no-interrupts/libnrf_cc310_platform_0.9.19.a(cc_pal_pm.c.obj)
                0x0000afe8                CC_PalPowerSaveModeSelect
 .text.startTrngHW
                0x0000b06c      0x140 /home/uttec/ncs/nrfxlib/crypto/nrf_cc310_platform/lib/cortex-m4/soft-float/no-interrupts/libnrf_cc310_platform_0.9.19.a(llf_rnd_trng90b.c.obj)
 .text.LLF_RND_RepetitionCounterTest
                0x0000b1ac       0x60 /home/uttec/ncs/nrfxlib/crypto/nrf_cc310_platform/lib/cortex-m4/soft-float/no-interrupts/libnrf_cc310_platform_0.9.19.a(llf_rnd_trng90b.c.obj)
                0x0000b1ac                LLF_RND_RepetitionCounterTest
 .text.LLF_RND_AdaptiveProportionTest
                0x0000b20c       0x84 /home/uttec/ncs/nrfxlib/crypto/nrf_cc310_platform/lib/cortex-m4/soft-float/no-interrupts/libnrf_cc310_platform_0.9.19.a(llf_rnd_trng90b.c.obj)
                0x0000b20c                LLF_RND_AdaptiveProportionTest
 .text.getTrngSource
                0x0000b290      0x2b4 /home/uttec/ncs/nrfxlib/crypto/nrf_cc310_platform/lib/cortex-m4/soft-float/no-interrupts/libnrf_cc310_platform_0.9.19.a(llf_rnd_trng90b.c.obj)
 .text.LLF_RND_GetTrngSource
                0x0000b544       0x18 /home/uttec/ncs/nrfxlib/crypto/nrf_cc310_platform/lib/cortex-m4/soft-float/no-interrupts/libnrf_cc310_platform_0.9.19.a(llf_rnd_trng90b.c.obj)
                0x0000b544                LLF_RND_GetTrngSource
 .text.LLF_RND_RunTrngStartupTest
                0x0000b55c       0x1c /home/uttec/ncs/nrfxlib/crypto/nrf_cc310_platform/lib/cortex-m4/soft-float/no-interrupts/libnrf_cc310_platform_0.9.19.a(llf_rnd_trng90b.c.obj)
                0x0000b55c                LLF_RND_RunTrngStartupTest
 .text.mbedtls_hardware_poll
                0x0000b578       0xfc /home/uttec/ncs/nrfxlib/crypto/nrf_cc310_platform/lib/cortex-m4/soft-float/no-interrupts/libnrf_cc310_platform_0.9.19.a(trng_api.c.obj)
                0x0000b578                mbedtls_hardware_poll
 .text.cc_mbedtls_aes_init
                0x0000b674       0x20 /home/uttec/ncs/nrfxlib/crypto/nrf_cc310_platform/lib/cortex-m4/soft-float/no-interrupts/libnrf_cc310_platform_0.9.19.a(aes_alt.c.obj)
                0x0000b674                cc_mbedtls_aes_init
 .text.cc_mbedtls_aes_free
                0x0000b694        0xc /home/uttec/ncs/nrfxlib/crypto/nrf_cc310_platform/lib/cortex-m4/soft-float/no-interrupts/libnrf_cc310_platform_0.9.19.a(aes_alt.c.obj)
                0x0000b694                cc_mbedtls_aes_free
 .text.cc_mbedtls_aes_setkey_enc
                0x0000b6a0       0x34 /home/uttec/ncs/nrfxlib/crypto/nrf_cc310_platform/lib/cortex-m4/soft-float/no-interrupts/libnrf_cc310_platform_0.9.19.a(aes_alt.c.obj)
                0x0000b6a0                cc_mbedtls_aes_setkey_enc
 .text.cc_mbedtls_aes_crypt_ecb
                0x0000b6d4       0x54 /home/uttec/ncs/nrfxlib/crypto/nrf_cc310_platform/lib/cortex-m4/soft-float/no-interrupts/libnrf_cc310_platform_0.9.19.a(aes_alt.c.obj)
                0x0000b6d4                cc_mbedtls_aes_crypt_ecb
 .text.cc_mbedtls_sha256_init
                0x0000b728       0x28 /home/uttec/ncs/nrfxlib/crypto/nrf_cc310_platform/lib/cortex-m4/soft-float/no-interrupts/libnrf_cc310_platform_0.9.19.a(sha256_alt.c.obj)
                0x0000b728                cc_mbedtls_sha256_init
 .text.cc_mbedtls_sha256_free
                0x0000b750        0xc /home/uttec/ncs/nrfxlib/crypto/nrf_cc310_platform/lib/cortex-m4/soft-float/no-interrupts/libnrf_cc310_platform_0.9.19.a(sha256_alt.c.obj)
                0x0000b750                cc_mbedtls_sha256_free
 .text.cc_mbedtls_sha256_starts
                0x0000b75c       0x28 /home/uttec/ncs/nrfxlib/crypto/nrf_cc310_platform/lib/cortex-m4/soft-float/no-interrupts/libnrf_cc310_platform_0.9.19.a(sha256_alt.c.obj)
                0x0000b75c                cc_mbedtls_sha256_starts
 .text.cc_mbedtls_sha256_update
                0x0000b784       0x54 /home/uttec/ncs/nrfxlib/crypto/nrf_cc310_platform/lib/cortex-m4/soft-float/no-interrupts/libnrf_cc310_platform_0.9.19.a(sha256_alt.c.obj)
                0x0000b784                cc_mbedtls_sha256_update
 .text.cc_mbedtls_sha256_finish
                0x0000b7d8       0x48 /home/uttec/ncs/nrfxlib/crypto/nrf_cc310_platform/lib/cortex-m4/soft-float/no-interrupts/libnrf_cc310_platform_0.9.19.a(sha256_alt.c.obj)
                0x0000b7d8                cc_mbedtls_sha256_finish
 .text.mbedtls_sha_starts_internal
                0x0000b820       0x28 /home/uttec/ncs/nrfxlib/crypto/nrf_cc310_platform/lib/cortex-m4/soft-float/no-interrupts/libnrf_cc310_platform_0.9.19.a(mbedtls_hash_common.c.obj)
                0x0000b820                mbedtls_sha_starts_internal
 .text.mbedtls_sha_finish_internal
                0x0000b848       0x5c /home/uttec/ncs/nrfxlib/crypto/nrf_cc310_platform/lib/cortex-m4/soft-float/no-interrupts/libnrf_cc310_platform_0.9.19.a(mbedtls_hash_common.c.obj)
                0x0000b848                mbedtls_sha_finish_internal
 .text.mbedtls_sha_update_internal
                0x0000b8a4      0x1ec /home/uttec/ncs/nrfxlib/crypto/nrf_cc310_platform/lib/cortex-m4/soft-float/no-interrupts/libnrf_cc310_platform_0.9.19.a(mbedtls_hash_common.c.obj)
                0x0000b8a4                mbedtls_sha_update_internal
 .text.cc_mbedtls_sha256
                0x0000ba90       0x50 /home/uttec/ncs/nrfxlib/crypto/nrf_cc310_platform/lib/cortex-m4/soft-float/no-interrupts/libnrf_cc310_platform_0.9.19.a(sha256.c.obj)
                0x0000ba90                cc_mbedtls_sha256
 .text.RNG_PLAT_SetUserRngParameters
                0x0000bae0       0x74 /home/uttec/ncs/nrfxlib/crypto/nrf_cc310_platform/lib/cortex-m4/soft-float/no-interrupts/libnrf_cc310_platform_0.9.19.a(cc_rng_plat.c.obj)
                0x0000bae0                RNG_PLAT_SetUserRngParameters
 .text.CC_PalTrngParamGet
                0x0000bb54       0xa8 /home/uttec/ncs/nrfxlib/crypto/nrf_cc310_platform/lib/cortex-m4/soft-float/no-interrupts/libnrf_cc310_platform_0.9.19.a(cc_pal_trng.c.obj)
                0x0000bb54                CC_PalTrngParamGet
 .text.LLF_RND_WaitRngInterrupt
                0x0000bbfc       0x20 /home/uttec/ncs/nrfxlib/crypto/nrf_cc310_platform/lib/cortex-m4/soft-float/no-interrupts/libnrf_cc310_platform_0.9.19.a(llf_rnd.c.obj)
                0x0000bbfc                LLF_RND_WaitRngInterrupt
 .text.LLF_RND_GetRoscSampleCnt
                0x0000bc1c       0x34 /home/uttec/ncs/nrfxlib/crypto/nrf_cc310_platform/lib/cortex-m4/soft-float/no-interrupts/libnrf_cc310_platform_0.9.19.a(llf_rnd.c.obj)
                0x0000bc1c                LLF_RND_GetRoscSampleCnt
 .text.LLF_RND_GetFastestRosc
                0x0000bc50       0x20 /home/uttec/ncs/nrfxlib/crypto/nrf_cc310_platform/lib/cortex-m4/soft-float/no-interrupts/libnrf_cc310_platform_0.9.19.a(llf_rnd.c.obj)
                0x0000bc50                LLF_RND_GetFastestRosc
 .text.LLF_RND_TurnOffTrng
                0x0000bc70       0x18 /home/uttec/ncs/nrfxlib/crypto/nrf_cc310_platform/lib/cortex-m4/soft-float/no-interrupts/libnrf_cc310_platform_0.9.19.a(llf_rnd.c.obj)
                0x0000bc70                LLF_RND_TurnOffTrng
 .text.SetDataBuffersInfo
                0x0000bc88       0x68 /home/uttec/ncs/nrfxlib/crypto/nrf_cc310_platform/lib/cortex-m4/soft-float/no-interrupts/libnrf_cc310_platform_0.9.19.a(driver_common.c.obj)
                0x0000bc88                SetDataBuffersInfo
 .text.InitHashDrv
                0x0000bcf0       0x50 /home/uttec/ncs/nrfxlib/crypto/nrf_cc310_platform/lib/cortex-m4/soft-float/no-interrupts/libnrf_cc310_platform_0.9.19.a(hash_driver.c.obj)
                0x0000bcf0                InitHashDrv
 .text.ProcessHashDrv
                0x0000bd40      0x22c /home/uttec/ncs/nrfxlib/crypto/nrf_cc310_platform/lib/cortex-m4/soft-float/no-interrupts/libnrf_cc310_platform_0.9.19.a(hash_driver.c.obj)
                0x0000bd40                ProcessHashDrv
 .text.FinishHashDrv
                0x0000bf6c       0x70 /home/uttec/ncs/nrfxlib/crypto/nrf_cc310_platform/lib/cortex-m4/soft-float/no-interrupts/libnrf_cc310_platform_0.9.19.a(hash_driver.c.obj)
                0x0000bf6c                FinishHashDrv
 .text.LoadAesKey
                0x0000bfdc       0xa8 /home/uttec/ncs/nrfxlib/crypto/nrf_cc310_platform/lib/cortex-m4/soft-float/no-interrupts/libnrf_cc310_platform_0.9.19.a(aes_driver.c.obj)
 .text.InitAes.part.0
                0x0000c084       0xe4 /home/uttec/ncs/nrfxlib/crypto/nrf_cc310_platform/lib/cortex-m4/soft-float/no-interrupts/libnrf_cc310_platform_0.9.19.a(aes_driver.c.obj)
 .text.write_invalid_key
                0x0000c168       0x30 /home/uttec/ncs/nrfxlib/crypto/nrf_cc310_platform/lib/cortex-m4/soft-float/no-interrupts/libnrf_cc310_platform_0.9.19.a(aes_driver.c.obj)
                0x0000c168                write_invalid_key
 .text.ProcessAesDrv
                0x0000c198      0x368 /home/uttec/ncs/nrfxlib/crypto/nrf_cc310_platform/lib/cortex-m4/soft-float/no-interrupts/libnrf_cc310_platform_0.9.19.a(aes_driver.c.obj)
                0x0000c198                ProcessAesDrv
 .text.FinishAesDrv
                0x0000c500      0x254 /home/uttec/ncs/nrfxlib/crypto/nrf_cc310_platform/lib/cortex-m4/soft-float/no-interrupts/libnrf_cc310_platform_0.9.19.a(aes_driver.c.obj)
                0x0000c500                FinishAesDrv
 .text.kmu_validate_slot_and_size
                0x0000c754       0x1c /home/uttec/ncs/nrfxlib/crypto/nrf_cc310_platform/lib/cortex-m4/soft-float/no-interrupts/libnrf_cc310_platform_0.9.19.a(kmu_shared.c.obj)
                0x0000c754                kmu_validate_slot_and_size
 .text.kmu_validate_kdr_slot_and_size
                0x0000c770       0x1c /home/uttec/ncs/nrfxlib/crypto/nrf_cc310_platform/lib/cortex-m4/soft-float/no-interrupts/libnrf_cc310_platform_0.9.19.a(kmu_shared.c.obj)
                0x0000c770                kmu_validate_kdr_slot_and_size
 .text.kmu_use_kdr_key
                0x0000c78c       0x14 /home/uttec/ncs/nrfxlib/crypto/nrf_cc310_platform/lib/cortex-m4/soft-float/no-interrupts/libnrf_cc310_platform_0.9.19.a(kmu_shared.c.obj)
                0x0000c78c                kmu_use_kdr_key
 .text.kmu_derive_cmac
                0x0000c7a0      0x11c /home/uttec/ncs/nrfxlib/crypto/nrf_cc310_platform/lib/cortex-m4/soft-float/no-interrupts/libnrf_cc310_platform_0.9.19.a(kmu_shared.c.obj)
                0x0000c7a0                kmu_derive_cmac
 .text.UtilCmacBuildDataForDerivation
                0x0000c8bc       0xc0 /home/uttec/ncs/nrfxlib/crypto/nrf_cc310_platform/lib/cortex-m4/soft-float/no-interrupts/libnrf_cc310_platform_0.9.19.a(cc_util_cmac.c.obj)
                0x0000c8bc                UtilCmacBuildDataForDerivation
 .text.CC_PalDataBufferAttrGet
                0x0000c97c        0x8 /home/uttec/ncs/nrfxlib/crypto/nrf_cc310_platform/lib/cortex-m4/soft-float/no-interrupts/libnrf_cc310_platform_0.9.19.a(cc_pal_buff_attr.c.obj)
                0x0000c97c                CC_PalDataBufferAttrGet
 .text.snprintf
                0x0000c984       0x58 /home/uttec/revita/zephyr_workspace/kc_cert/build/kc_cert/modules/picolibc/libc.a(snprintf.c.obj)
                0x0000c984                snprintf
 .text.skip_to_arg
                0x0000c9dc      0x120 /home/uttec/revita/zephyr_workspace/kc_cert/build/kc_cert/modules/picolibc/libc.a(vfprintf.c.obj)
 .text.vfprintf
                0x0000cafc      0x938 /home/uttec/revita/zephyr_workspace/kc_cert/build/kc_cert/modules/picolibc/libc.a(vfprintf.c.obj)
                0x0000cafc                __d_vfprintf
                0x0000cafc                vfprintf
 .text.div10    0x0000d434       0x28 /home/uttec/revita/zephyr_workspace/kc_cert/build/kc_cert/modules/picolibc/libc.a(dtoa_ryu.c.obj)
 .text.__dtoa_engine
                0x0000d45c      0x478 /home/uttec/revita/zephyr_workspace/kc_cert/build/kc_cert/modules/picolibc/libc.a(dtoa_ryu.c.obj)
                0x0000d45c                __dtoa_engine
 .text.__log10Pow2
                0x0000d8d4        0xc /home/uttec/revita/zephyr_workspace/kc_cert/build/kc_cert/modules/picolibc/libc.a(ryu_log10.c.obj)
                0x0000d8d4                __log10Pow2
 .text.__log10Pow5
                0x0000d8e0        0xc /home/uttec/revita/zephyr_workspace/kc_cert/build/kc_cert/modules/picolibc/libc.a(ryu_log10.c.obj)
                0x0000d8e0                __log10Pow5
 .text.__pow5bits
                0x0000d8ec       0x10 /home/uttec/revita/zephyr_workspace/kc_cert/build/kc_cert/modules/picolibc/libc.a(ryu_pow5bits.c.obj)
                0x0000d8ec                __pow5bits
 .text.__pow5Factor
                0x0000d8fc       0x30 /home/uttec/revita/zephyr_workspace/kc_cert/build/kc_cert/modules/picolibc/libc.a(ryu_table.c.obj)
                0x0000d8fc                __pow5Factor
 .text.__double_computePow5
                0x0000d92c       0xe8 /home/uttec/revita/zephyr_workspace/kc_cert/build/kc_cert/modules/picolibc/libc.a(ryu_table.c.obj)
                0x0000d92c                __double_computePow5
 .text.__double_computeInvPow5
                0x0000da14       0xf8 /home/uttec/revita/zephyr_workspace/kc_cert/build/kc_cert/modules/picolibc/libc.a(ryu_table.c.obj)
                0x0000da14                __double_computeInvPow5
 .text.__udivmoddi4
                0x0000db0c      0x2f8 /home/uttec/gnuarmemb/bin/../lib/gcc/arm-none-eabi/14.2.1/thumb/v7e-m/nofp/libgcc.a(_udivmoddi4.o)
                0x0000db0c                __udivmoddi4
 .text._OffsetAbsSyms
                0x0000de04        0x2 zephyr/CMakeFiles/offsets.dir/./arch/arm/core/offsets/offsets.c.obj
                0x0000de04                _OffsetAbsSyms
 .text.toggle_dcdc_state
                0x0000de06       0x4e app/libapp.a(radio_test.c.obj)
                0x0000de06                toggle_dcdc_state
 .text.chunk_field
                0x0000de54       0x16 zephyr/libzephyr.a(heap.c.obj)
 .text.chunk_set
                0x0000de6a       0x16 zephyr/libzephyr.a(heap.c.obj)
 .text.chunk_size
                0x0000de80        0xc zephyr/libzephyr.a(heap.c.obj)
 .text.set_chunk_used
                0x0000de8c       0x30 zephyr/libzephyr.a(heap.c.obj)
 .text.set_chunk_size
                0x0000debc        0x8 zephyr/libzephyr.a(heap.c.obj)
 .text.bucket_idx.isra.0
                0x0000dec4       0x12 zephyr/libzephyr.a(heap.c.obj)
 .text.free_list_add
                0x0000ded6       0x84 zephyr/libzephyr.a(heap.c.obj)
 .text.sys_heap_init
                0x0000df5a       0xa4 zephyr/libzephyr.a(heap.c.obj)
                0x0000df5a                sys_heap_init
 .text.cbpprintf_external
                0x0000dffe       0x62 zephyr/libzephyr.a(cbprintf_packaged.c.obj)
                0x0000dffe                cbpprintf_external
 .text.is_ptr   0x0000e060       0x3a zephyr/libzephyr.a(cbprintf_packaged.c.obj)
                0x0000e060                is_ptr
 .text.arch_printk_char_out
                0x0000e09a        0x4 zephyr/libzephyr.a(printk.c.obj)
                0x0000e09a                arch_printk_char_out
 .text.printk   0x0000e09e       0x1a zephyr/libzephyr.a(printk.c.obj)
                0x0000e09e                printk
 .text.z_thread_entry
                0x0000e0b8       0x14 zephyr/libzephyr.a(thread_entry.c.obj)
                0x0000e0b8                z_thread_entry
 .text.free_space
                0x0000e0cc       0x26 zephyr/libzephyr.a(mpsc_pbuf.c.obj)
 .text.get_usage
                0x0000e0f2       0x22 zephyr/libzephyr.a(mpsc_pbuf.c.obj)
 .text.idx_inc  0x0000e114       0x1c zephyr/libzephyr.a(mpsc_pbuf.c.obj)
 .text.rd_idx_inc
                0x0000e130       0x18 zephyr/libzephyr.a(mpsc_pbuf.c.obj)
 .text.add_skip_item
                0x0000e148       0x3a zephyr/libzephyr.a(mpsc_pbuf.c.obj)
 .text.drop_item_locked
                0x0000e182       0xf6 zephyr/libzephyr.a(mpsc_pbuf.c.obj)
 .text.post_drop_action
                0x0000e278       0x36 zephyr/libzephyr.a(mpsc_pbuf.c.obj)
 .text.max_utilization_update
                0x0000e2ae       0x1a zephyr/libzephyr.a(mpsc_pbuf.c.obj)
 .text.mpsc_pbuf_init
                0x0000e2c8       0x42 zephyr/libzephyr.a(mpsc_pbuf.c.obj)
                0x0000e2c8                mpsc_pbuf_init
 .text.mpsc_pbuf_alloc
                0x0000e30a       0xfa zephyr/libzephyr.a(mpsc_pbuf.c.obj)
                0x0000e30a                mpsc_pbuf_alloc
 .text.mpsc_pbuf_commit
                0x0000e404       0x3e zephyr/libzephyr.a(mpsc_pbuf.c.obj)
                0x0000e404                mpsc_pbuf_commit
 .text.mpsc_pbuf_claim
                0x0000e442       0x9e zephyr/libzephyr.a(mpsc_pbuf.c.obj)
                0x0000e442                mpsc_pbuf_claim
 .text.mpsc_pbuf_free
                0x0000e4e0       0x76 zephyr/libzephyr.a(mpsc_pbuf.c.obj)
                0x0000e4e0                mpsc_pbuf_free
 .text.mpsc_pbuf_is_pending
                0x0000e556       0x30 zephyr/libzephyr.a(mpsc_pbuf.c.obj)
                0x0000e556                mpsc_pbuf_is_pending
 .text.process_recheck
                0x0000e586       0x38 zephyr/libzephyr.a(onoff.c.obj)
 .text.validate_args
                0x0000e5be       0x20 zephyr/libzephyr.a(onoff.c.obj)
 .text.notify_one
                0x0000e5de       0x2c zephyr/libzephyr.a(onoff.c.obj)
 .text.transition_complete
                0x0000e60a       0x1a zephyr/libzephyr.a(onoff.c.obj)
 .text.onoff_manager_init
                0x0000e624       0x26 zephyr/libzephyr.a(onoff.c.obj)
                0x0000e624                onoff_manager_init
 .text.onoff_request
                0x0000e64a       0x96 zephyr/libzephyr.a(onoff.c.obj)
                0x0000e64a                onoff_request